Archive member included to satisfy reference by file (symbol)

C:/ST/STM32CubeIDE_1.16.1/STM32CubeIDE/plugins/com.st.stm32cube.ide.mcu.externaltools.gnu-tools-for-stm32.12.3.rel1.win32_1.0.200.202406191623/tools/bin/../lib/gcc/arm-none-eabi/12.3.1/../../../../arm-none-eabi/lib/thumb/v7e-m+fp/hard\libc_nano.a(libc_a-exit.o)
                              C:/ST/STM32CubeIDE_1.16.1/STM32CubeIDE/plugins/com.st.stm32cube.ide.mcu.externaltools.gnu-tools-for-stm32.12.3.rel1.win32_1.0.200.202406191623/tools/bin/../lib/gcc/arm-none-eabi/12.3.1/../../../../arm-none-eabi/lib/thumb/v7e-m+fp/hard/crt0.o (exit)
C:/ST/STM32CubeIDE_1.16.1/STM32CubeIDE/plugins/com.st.stm32cube.ide.mcu.externaltools.gnu-tools-for-stm32.12.3.rel1.win32_1.0.200.202406191623/tools/bin/../lib/gcc/arm-none-eabi/12.3.1/../../../../arm-none-eabi/lib/thumb/v7e-m+fp/hard\libc_nano.a(libc_a-findfp.o)
                              C:/ST/STM32CubeIDE_1.16.1/STM32CubeIDE/plugins/com.st.stm32cube.ide.mcu.externaltools.gnu-tools-for-stm32.12.3.rel1.win32_1.0.200.202406191623/tools/bin/../lib/gcc/arm-none-eabi/12.3.1/../../../../arm-none-eabi/lib/thumb/v7e-m+fp/hard\libc_nano.a(libc_a-exit.o) (__stdio_exit_handler)
C:/ST/STM32CubeIDE_1.16.1/STM32CubeIDE/plugins/com.st.stm32cube.ide.mcu.externaltools.gnu-tools-for-stm32.12.3.rel1.win32_1.0.200.202406191623/tools/bin/../lib/gcc/arm-none-eabi/12.3.1/../../../../arm-none-eabi/lib/thumb/v7e-m+fp/hard\libc_nano.a(libc_a-fwalk.o)
                              C:/ST/STM32CubeIDE_1.16.1/STM32CubeIDE/plugins/com.st.stm32cube.ide.mcu.externaltools.gnu-tools-for-stm32.12.3.rel1.win32_1.0.200.202406191623/tools/bin/../lib/gcc/arm-none-eabi/12.3.1/../../../../arm-none-eabi/lib/thumb/v7e-m+fp/hard\libc_nano.a(libc_a-findfp.o) (_fwalk_sglue)
C:/ST/STM32CubeIDE_1.16.1/STM32CubeIDE/plugins/com.st.stm32cube.ide.mcu.externaltools.gnu-tools-for-stm32.12.3.rel1.win32_1.0.200.202406191623/tools/bin/../lib/gcc/arm-none-eabi/12.3.1/../../../../arm-none-eabi/lib/thumb/v7e-m+fp/hard\libc_nano.a(libc_a-stdio.o)
                              C:/ST/STM32CubeIDE_1.16.1/STM32CubeIDE/plugins/com.st.stm32cube.ide.mcu.externaltools.gnu-tools-for-stm32.12.3.rel1.win32_1.0.200.202406191623/tools/bin/../lib/gcc/arm-none-eabi/12.3.1/../../../../arm-none-eabi/lib/thumb/v7e-m+fp/hard\libc_nano.a(libc_a-findfp.o) (__sread)
C:/ST/STM32CubeIDE_1.16.1/STM32CubeIDE/plugins/com.st.stm32cube.ide.mcu.externaltools.gnu-tools-for-stm32.12.3.rel1.win32_1.0.200.202406191623/tools/bin/../lib/gcc/arm-none-eabi/12.3.1/../../../../arm-none-eabi/lib/thumb/v7e-m+fp/hard\libc_nano.a(libc_a-memset.o)
                              C:/ST/STM32CubeIDE_1.16.1/STM32CubeIDE/plugins/com.st.stm32cube.ide.mcu.externaltools.gnu-tools-for-stm32.12.3.rel1.win32_1.0.200.202406191623/tools/bin/../lib/gcc/arm-none-eabi/12.3.1/../../../../arm-none-eabi/lib/thumb/v7e-m+fp/hard/crt0.o (memset)
C:/ST/STM32CubeIDE_1.16.1/STM32CubeIDE/plugins/com.st.stm32cube.ide.mcu.externaltools.gnu-tools-for-stm32.12.3.rel1.win32_1.0.200.202406191623/tools/bin/../lib/gcc/arm-none-eabi/12.3.1/../../../../arm-none-eabi/lib/thumb/v7e-m+fp/hard\libc_nano.a(libc_a-closer.o)
                              C:/ST/STM32CubeIDE_1.16.1/STM32CubeIDE/plugins/com.st.stm32cube.ide.mcu.externaltools.gnu-tools-for-stm32.12.3.rel1.win32_1.0.200.202406191623/tools/bin/../lib/gcc/arm-none-eabi/12.3.1/../../../../arm-none-eabi/lib/thumb/v7e-m+fp/hard\libc_nano.a(libc_a-stdio.o) (_close_r)
C:/ST/STM32CubeIDE_1.16.1/STM32CubeIDE/plugins/com.st.stm32cube.ide.mcu.externaltools.gnu-tools-for-stm32.12.3.rel1.win32_1.0.200.202406191623/tools/bin/../lib/gcc/arm-none-eabi/12.3.1/../../../../arm-none-eabi/lib/thumb/v7e-m+fp/hard\libc_nano.a(libc_a-reent.o)
                              C:/ST/STM32CubeIDE_1.16.1/STM32CubeIDE/plugins/com.st.stm32cube.ide.mcu.externaltools.gnu-tools-for-stm32.12.3.rel1.win32_1.0.200.202406191623/tools/bin/../lib/gcc/arm-none-eabi/12.3.1/../../../../arm-none-eabi/lib/thumb/v7e-m+fp/hard\libc_nano.a(libc_a-closer.o) (errno)
C:/ST/STM32CubeIDE_1.16.1/STM32CubeIDE/plugins/com.st.stm32cube.ide.mcu.externaltools.gnu-tools-for-stm32.12.3.rel1.win32_1.0.200.202406191623/tools/bin/../lib/gcc/arm-none-eabi/12.3.1/../../../../arm-none-eabi/lib/thumb/v7e-m+fp/hard\libc_nano.a(libc_a-impure.o)
                              C:/ST/STM32CubeIDE_1.16.1/STM32CubeIDE/plugins/com.st.stm32cube.ide.mcu.externaltools.gnu-tools-for-stm32.12.3.rel1.win32_1.0.200.202406191623/tools/bin/../lib/gcc/arm-none-eabi/12.3.1/../../../../arm-none-eabi/lib/thumb/v7e-m+fp/hard\libc_nano.a(libc_a-reent.o) (_impure_ptr)
C:/ST/STM32CubeIDE_1.16.1/STM32CubeIDE/plugins/com.st.stm32cube.ide.mcu.externaltools.gnu-tools-for-stm32.12.3.rel1.win32_1.0.200.202406191623/tools/bin/../lib/gcc/arm-none-eabi/12.3.1/../../../../arm-none-eabi/lib/thumb/v7e-m+fp/hard\libc_nano.a(libc_a-lseekr.o)
[...]
Memory Configuration

Name             Origin             Length             Attributes
RAM              0x20000000         0x00040000         xrw
RAM2             0x10000000         0x00010000         xrw
FLASH            0x08000000         0x00100000         xr
*default*        0x00000000         0xffffffff

Linker script and memory map

LOAD C:/ST/STM32CubeIDE_1.16.1/STM32CubeIDE/plugins/com.st.stm32cube.ide.mcu.externaltools.gnu-tools-for-stm32.12.3.rel1.win32_1.0.200.202406191623/tools/bin/../lib/gcc/arm-none-eabi/12.3.1/thumb/v7e-m+fp/hard/crti.o
LOAD C:/ST/STM32CubeIDE_1.16.1/STM32CubeIDE/plugins/com.st.stm32cube.ide.mcu.externaltools.gnu-tools-for-stm32.12.3.rel1.win32_1.0.200.202406191623/tools/bin/../lib/gcc/arm-none-eabi/12.3.1/thumb/v7e-m+fp/hard/crtbegin.o
LOAD C:/ST/STM32CubeIDE_1.16.1/STM32CubeIDE/plugins/com.st.stm32cube.ide.mcu.externaltools.gnu-tools-for-stm32.12.3.rel1.win32_1.0.200.202406191623/tools/bin/../lib/gcc/arm-none-eabi/12.3.1/../../../../arm-none-eabi/lib/thumb/v7e-m+fp/hard/crt0.o
LOAD ./Core/Src/LTR-329.o
LOAD ./Core/Src/MCP9808.o
LOAD ./Core/Src/bno055.o
LOAD ./Core/Src/main.o
LOAD ./Core/Src/motordrivers.o
LOAD ./Core/Src/motorencoder.o
LOAD ./Core/Src/pid.o
LOAD ./Core/Src/stm32l4xx_hal_msp.o
LOAD ./Core/Src/stm32l4xx_it.o
LOAD ./Core/Src/syscalls.o
LOAD ./Core/Src/sysmem.o
LOAD ./Core/Src/system_stm32l4xx.o
LOAD ./Core/Startup/startup_stm32l496zgtx.o
LOAD ./Drivers/STM32L4xx_HAL_Driver/Src/stm32l4xx_hal.o
LOAD ./Drivers/STM32L4xx_HAL_Driver/Src/stm32l4xx_hal_adc.o
LOAD ./Drivers/STM32L4xx_HAL_Driver/Src/stm32l4xx_hal_adc_ex.o
LOAD ./Drivers/STM32L4xx_HAL_Driver/Src/stm32l4xx_hal_can.o
LOAD ./Drivers/STM32L4xx_HAL_Driver/Src/stm32l4xx_hal_cortex.o
LOAD ./Drivers/STM32L4xx_HAL_Driver/Src/stm32l4xx_hal_dma.o
LOAD ./Drivers/STM32L4xx_HAL_Driver/Src/stm32l4xx_hal_dma_ex.o
LOAD ./Drivers/STM32L4xx_HAL_Driver/Src/stm32l4xx_hal_exti.o
LOAD ./Drivers/STM32L4xx_HAL_Driver/Src/stm32l4xx_hal_flash.o
LOAD ./Drivers/STM32L4xx_HAL_Driver/Src/stm32l4xx_hal_flash_ex.o
LOAD ./Drivers/STM32L4xx_HAL_Driver/Src/stm32l4xx_hal_flash_ramfunc.o
LOAD ./Drivers/STM32L4xx_HAL_Driver/Src/stm32l4xx_hal_gpio.o
LOAD ./Drivers/STM32L4xx_HAL_Driver/Src/stm32l4xx_hal_i2c.o
LOAD ./Drivers/STM32L4xx_HAL_Driver/Src/stm32l4xx_hal_i2c_ex.o
LOAD ./Drivers/STM32L4xx_HAL_Driver/Src/stm32l4xx_hal_pwr.o
LOAD ./Drivers/STM32L4xx_HAL_Driver/Src/stm32l4xx_hal_pwr_ex.o
LOAD ./Drivers/STM32L4xx_HAL_Driver/Src/stm32l4xx_hal_qspi.o
LOAD ./Drivers/STM32L4xx_HAL_Driver/Src/stm32l4xx_hal_rcc.o
LOAD ./Drivers/STM32L4xx_HAL_Driver/Src/stm32l4xx_hal_rcc_ex.o
LOAD ./Drivers/STM32L4xx_HAL_Driver/Src/stm32l4xx_hal_spi.o
LOAD ./Drivers/STM32L4xx_HAL_Driver/Src/stm32l4xx_hal_spi_ex.o
LOAD ./Drivers/STM32L4xx_HAL_Driver/Src/stm32l4xx_hal_tim.o
LOAD ./Drivers/STM32L4xx_HAL_Driver/Src/stm32l4xx_hal_tim_ex.o
LOAD ./Drivers/STM32L4xx_HAL_Driver/Src/stm32l4xx_hal_uart.o
LOAD ./Drivers/STM32L4xx_HAL_Driver/Src/stm32l4xx_hal_uart_ex.o
START GROUP
LOAD C:/ST/STM32CubeIDE_1.16.1/STM32CubeIDE/plugins/com.st.stm32cube.ide.mcu.externaltools.gnu-tools-for-stm32.12.3.rel1.win32_1.0.200.202406191623/tools/bin/../lib/gcc/arm-none-eabi/12.3.1/../../../../arm-none-eabi/lib/thumb/v7e-m+fp/hard\libc_nano.a
LOAD C:/ST/STM32CubeIDE_1.16.1/STM32CubeIDE/plugins/com.st.stm32cube.ide.mcu.externaltools.gnu-tools-for-stm32.12.3.rel1.win32_1.0.200.202406191623/tools/bin/../lib/gcc/arm-none-eabi/12.3.1/../../../../arm-none-eabi/lib/thumb/v7e-m+fp/hard\libm.a
END GROUP
START GROUP
LOAD C:/ST/STM32CubeIDE_1.16.1/STM32CubeIDE/plugins/com.st.stm32cube.ide.mcu.externaltools.gnu-tools-for-stm32.12.3.rel1.win32_1.0.200.202406191623/tools/bin/../lib/gcc/arm-none-eabi/12.3.1/thumb/v7e-m+fp/hard\libgcc.a
LOAD C:/ST/STM32CubeIDE_1.16.1/STM32CubeIDE/plugins/com.st.stm32cube.ide.mcu.externaltools.gnu-tools-for-stm32.12.3.rel1.win32_1.0.200.202406191623/tools/bin/../lib/gcc/arm-none-eabi/12.3.1/../../../../arm-none-eabi/lib/thumb/v7e-m+fp/hard\libc_nano.a
END GROUP
START GROUP
LOAD C:/ST/STM32CubeIDE_1.16.1/STM32CubeIDE/plugins/com.st.stm32cube.ide.mcu.externaltools.gnu-tools-for-stm32.12.3.rel1.win32_1.0.200.202406191623/tools/bin/../lib/gcc/arm-none-eabi/12.3.1/thumb/v7e-m+fp/hard\libgcc.a
LOAD C:/ST/STM32CubeIDE_1.16.1/STM32CubeIDE/plugins/com.st.stm32cube.ide.mcu.externaltools.gnu-tools-for-stm32.12.3.rel1.win32_1.0.200.202406191623/tools/bin/../lib/gcc/arm-none-eabi/12.3.1/../../../../arm-none-eabi/lib/thumb/v7e-m+fp/hard\libc_nano.a
LOAD C:/ST/STM32CubeIDE_1.16.1/STM32CubeIDE/plugins/com.st.stm32cube.ide.mcu.externaltools.gnu-tools-for-stm32.12.3.rel1.win32_1.0.200.202406191623/tools/bin/../lib/gcc/arm-none-eabi/12.3.1/../../../../arm-none-eabi/lib/thumb/v7e-m+fp/hard\libnosys.a
END GROUP
START GROUP
LOAD C:/ST/STM32CubeIDE_1.16.1/STM32CubeIDE/plugins/com.st.stm32cube.ide.mcu.externaltools.gnu-tools-for-stm32.12.3.rel1.win32_1.0.200.202406191623/tools/bin/../lib/gcc/arm-none-eabi/12.3.1/thumb/v7e-m+fp/hard\libgcc.a
LOAD C:/ST/STM32CubeIDE_1.16.1/STM32CubeIDE/plugins/com.st.stm32cube.ide.mcu.externaltools.gnu-tools-for-stm32.12.3.rel1.win32_1.0.200.202406191623/tools/bin/../lib/gcc/arm-none-eabi/12.3.1/../../../../arm-none-eabi/lib/thumb/v7e-m+fp/hard\libc_nano.a
LOAD C:/ST/STM32CubeIDE_1.16.1/STM32CubeIDE/plugins/com.st.stm32cube.ide.mcu.externaltools.gnu-tools-for-stm32.12.3.rel1.win32_1.0.200.202406191623/tools/bin/../lib/gcc/arm-none-eabi/12.3.1/../../../../arm-none-eabi/lib/thumb/v7e-m+fp/hard\libnosys.a
END GROUP
LOAD C:/ST/STM32CubeIDE_1.16.1/STM32CubeIDE/plugins/com.st.stm32cube.ide.mcu.externaltools.gnu-tools-for-stm32.12.3.rel1.win32_1.0.200.202406191623/tools/bin/../lib/gcc/arm-none-eabi/12.3.1/thumb/v7e-m+fp/hard/crtend.o
LOAD C:/ST/STM32CubeIDE_1.16.1/STM32CubeIDE/plugins/com.st.stm32cube.ide.mcu.externaltools.gnu-tools-for-stm32.12.3.rel1.win32_1.0.200.202406191623/tools/bin/../lib/gcc/arm-none-eabi/12.3.1/thumb/v7e-m+fp/hard/crtn.o
                0x20040000                        _estack = (ORIGIN (RAM) + LENGTH (RAM))
                0x00000200                        _Min_Heap_Size = 0x200
                0x00000400                        _Min_Stack_Size = 0x400

.isr_vector     0x08000000      0x1ac
                0x08000000                        . = ALIGN (0x4)
 *(.isr_vector)
 .isr_vector    0x08000000      0x1ac ./Core/Startup/startup_stm32l496zgtx.o
                0x08000000                g_pfnVectors
                0x080001ac                        . = ALIGN (0x4)

.text           0x080001ac     0x8af4
                0x080001ac                        . = ALIGN (0x4)
 *(.text)
 .text          0x080001ac       0x40 C:/ST/STM32CubeIDE_1.16.1/STM32CubeIDE/plugins/com.st.stm32cube.ide.mcu.externaltools.gnu-tools-for-stm32.12.3.rel1.win32_1.0.200.202406191623/tools/bin/../lib/gcc/arm-none-eabi/12.3.1/thumb/v7e-m+fp/hard/crtbegin.o
 .text          0x080001ec       0x30 C:/ST/STM32CubeIDE_1.16.1/STM32CubeIDE/plugins/com.st.stm32cube.ide.mcu.externaltools.gnu-tools-for-stm32.12.3.rel1.win32_1.0.200.202406191623/tools/bin/../lib/gcc/arm-none-eabi/12.3.1/thumb/v7e-m+fp/hard\libgcc.a(_aeabi_uldivmod.o)
                0x080001ec                __aeabi_uldivmod
 .text          0x0800021c      0x2bc C:/ST/STM32CubeIDE_1.16.1/STM32CubeIDE/plugins/com.st.stm32cube.ide.mcu.externaltools.gnu-tools-for-stm32.12.3.rel1.win32_1.0.200.202406191623/tools/bin/../lib/gcc/arm-none-eabi/12.3.1/thumb/v7e-m+fp/hard\libgcc.a(_udivmoddi4.o)
                0x0800021c                __udivmoddi4
 .text          0x080004d8        0x4 C:/ST/STM32CubeIDE_1.16.1/STM32CubeIDE/plugins/com.st.stm32cube.ide.mcu.externaltools.gnu-tools-for-stm32.12.3.rel1.win32_1.0.200.202406191623/tools/bin/../lib/gcc/arm-none-eabi/12.3.1/thumb/v7e-m+fp/hard\libgcc.a(_dvmd_tls.o)
                0x080004d8                __aeabi_idiv0
                0x080004d8                __aeabi_ldiv0
 *(.text*)
 .text.BNO055_Read
                0x080004dc       0x54 ./Core/Src/bno055.o
 .text.BNO055_Write
                0x08000530       0x40 ./Core/Src/bno055.o
 .text.BNO055_ERROR_HANDLE
                0x08000570       0x20 ./Core/Src/bno055.o
 .text.BNO055_STATUS_CHECK_AND_SET
                0x08000590       0x70 ./Core/Src/bno055.o
 .text.BNO055_I2C_Mount
                0x08000600       0x20 ./Core/Src/bno055.o
                0x08000600                BNO055_I2C_Mount
 .text.BNO055_Init
                0x08000620       0xe4 ./Core/Src/bno055.o
                0x08000620                BNO055_Init
 .text.BNO055_Set_OP_Mode
                0x08000704      0x13c ./Core/Src/bno055.o
                0x08000704                BNO055_Set_OP_Mode
 .text.BNO055_Set_Axis
                0x08000840       0x5c ./Core/Src/bno055.o
                0x08000840                BNO055_Set_Axis
 .text.main     0x0800089c      0x19c ./Core/Src/main.o
                0x0800089c                main
 .text.SystemClock_Config
                0x08000a38       0x9e ./Core/Src/main.o
                0x08000a38                SystemClock_Config
 *fill*         0x08000ad6        0x2 
 .text.MX_ADC1_Init
                0x08000ad8       0xec ./Core/Src/main.o
 .text.MX_CAN1_Init
                0x08000bc4       0x68 ./Core/Src/main.o
 .text.MX_I2C1_Init
                0x08000c2c       0x80 ./Core/Src/main.o
 .text.MX_I2C2_Init
                0x08000cac       0x80 ./Core/Src/main.o
 .text.MX_I2C4_Init
                0x08000d2c       0x80 ./Core/Src/main.o
 .text.MX_LPUART1_UART_Init
                0x08000dac       0x5c ./Core/Src/main.o
 .text.MX_UART4_Init
                0x08000e08       0x60 ./Core/Src/main.o
 .text.MX_USART2_UART_Init
                0x08000e68       0x64 ./Core/Src/main.o
 .text.MX_USART3_UART_Init
                0x08000ecc       0x60 ./Core/Src/main.o
 .text.MX_QUADSPI_Init
                0x08000f2c       0x58 ./Core/Src/main.o
 .text.MX_SPI1_Init
                0x08000f84       0x7c ./Core/Src/main.o
 .text.MX_SPI3_Init
                0x08001000       0x7c ./Core/Src/main.o
 .text.MX_TIM1_Init
                0x0800107c      0x170 ./Core/Src/main.o
 .text.MX_TIM2_Init
                0x080011ec       0xa8 ./Core/Src/main.o
 .text.MX_TIM3_Init
                0x08001294       0xac ./Core/Src/main.o
 .text.MX_TIM4_Init
                0x08001340       0xac ./Core/Src/main.o
 .text.MX_TIM5_Init
                0x080013ec       0xac ./Core/Src/main.o
 .text.MX_TIM7_Init
                0x08001498       0x6c ./Core/Src/main.o
 .text.MX_TIM15_Init
                0x08001504      0x108 ./Core/Src/main.o
 .text.MX_GPIO_Init
                0x0800160c      0x1d0 ./Core/Src/main.o
 .text.HAL_TIM_PeriodElapsedCallback
                0x080017dc       0x50 ./Core/Src/main.o
                0x080017dc                HAL_TIM_PeriodElapsedCallback
 .text.Error_Handler
                0x0800182c        0xc ./Core/Src/main.o
                0x0800182c                Error_Handler
 .text.init_default_motor
                0x08001838       0xb4 ./Core/Src/motordrivers.o
                0x08001838                init_default_motor
 .text.drive_motor
                0x080018ec      0x1d6 ./Core/Src/motordrivers.o
                0x080018ec                drive_motor
 .text.Motor_Enc_Init
                0x08001ac2       0x2e ./Core/Src/motorencoder.o
                0x08001ac2                Motor_Enc_Init
 .text.Motor_Enc_Start
                0x08001af0       0x18 ./Core/Src/motorencoder.o
                0x08001af0                Motor_Enc_Start
 .text.Motor_Calc
                0x08001b08       0x90 ./Core/Src/motorencoder.o
                0x08001b08                Motor_Calc
 .text.HAL_MspInit
                0x08001b98       0x48 ./Core/Src/stm32l4xx_hal_msp.o
                0x08001b98                HAL_MspInit
 .text.HAL_ADC_MspInit
                0x08001be0      0x10c ./Core/Src/stm32l4xx_hal_msp.o
                0x08001be0                HAL_ADC_MspInit
 .text.HAL_CAN_MspInit
                0x08001cec       0x88 ./Core/Src/stm32l4xx_hal_msp.o
                0x08001cec                HAL_CAN_MspInit
 .text.HAL_I2C_MspInit
                0x08001d74      0x1d0 ./Core/Src/stm32l4xx_hal_msp.o
                0x08001d74                HAL_I2C_MspInit
 .text.HAL_UART_MspInit
                0x08001f44      0x258 ./Core/Src/stm32l4xx_hal_msp.o
                0x08001f44                HAL_UART_MspInit
 .text.HAL_QSPI_MspInit
                0x0800219c       0xc8 ./Core/Src/stm32l4xx_hal_msp.o
                0x0800219c                HAL_QSPI_MspInit
 .text.HAL_SPI_MspInit
                0x08002264       0xf0 ./Core/Src/stm32l4xx_hal_msp.o
                0x08002264                HAL_SPI_MspInit
 .text.HAL_TIM_Base_MspInit
                0x08002354       0x74 ./Core/Src/stm32l4xx_hal_msp.o
                0x08002354                HAL_TIM_Base_MspInit
 .text.HAL_TIM_IC_MspInit
                0x080023c8       0x84 ./Core/Src/stm32l4xx_hal_msp.o
                0x080023c8                HAL_TIM_IC_MspInit
 .text.HAL_TIM_Encoder_MspInit
                0x0800244c      0x150 ./Core/Src/stm32l4xx_hal_msp.o
                0x0800244c                HAL_TIM_Encoder_MspInit
 .text.HAL_TIM_PWM_MspInit
                0x0800259c       0x40 ./Core/Src/stm32l4xx_hal_msp.o
                0x0800259c                HAL_TIM_PWM_MspInit
 .text.HAL_TIM_MspPostInit
                0x080025dc       0xc0 ./Core/Src/stm32l4xx_hal_msp.o
                0x080025dc                HAL_TIM_MspPostInit
 .text.NMI_Handler
                0x0800269c        0x8 ./Core/Src/stm32l4xx_it.o
                0x0800269c                NMI_Handler
 .text.HardFault_Handler
                0x080026a4        0x8 ./Core/Src/stm32l4xx_it.o
                0x080026a4                HardFault_Handler
 .text.MemManage_Handler
                0x080026ac        0x8 ./Core/Src/stm32l4xx_it.o
                0x080026ac                MemManage_Handler
 .text.BusFault_Handler
                0x080026b4        0x8 ./Core/Src/stm32l4xx_it.o
                0x080026b4                BusFault_Handler
 .text.UsageFault_Handler
                0x080026bc        0x8 ./Core/Src/stm32l4xx_it.o
                0x080026bc                UsageFault_Handler
 .text.SVC_Handler
                0x080026c4        0xe ./Core/Src/stm32l4xx_it.o
                0x080026c4                SVC_Handler
 .text.DebugMon_Handler
                0x080026d2        0xe ./Core/Src/stm32l4xx_it.o
                0x080026d2                DebugMon_Handler
 .text.PendSV_Handler
                0x080026e0        0xe ./Core/Src/stm32l4xx_it.o
                0x080026e0                PendSV_Handler
 .text.SysTick_Handler
                0x080026ee        0xc ./Core/Src/stm32l4xx_it.o
                0x080026ee                SysTick_Handler
 *fill*         0x080026fa        0x2 
 .text.TIM7_IRQHandler
                0x080026fc       0x14 ./Core/Src/stm32l4xx_it.o
                0x080026fc                TIM7_IRQHandler
 .text.SystemInit
                0x08002710       0x24 ./Core/Src/system_stm32l4xx.o
                0x08002710                SystemInit
 .text.Reset_Handler
                0x08002734       0x50 ./Core/Startup/startup_stm32l496zgtx.o
                0x08002734                Reset_Handler
 .text.Default_Handler
                0x08002784        0x2 ./Core/Startup/startup_stm32l496zgtx.o
                0x08002784                RTC_Alarm_IRQHandler
                0x08002784                EXTI2_IRQHandler
                0x08002784                TIM8_TRG_COM_IRQHandler
                0x08002784                TIM8_CC_IRQHandler
                0x08002784                TIM1_CC_IRQHandler
                0x08002784                TSC_IRQHandler
                0x08002784                TAMP_STAMP_IRQHandler
                0x08002784                CAN2_RX1_IRQHandler
                0x08002784                EXTI3_IRQHandler
                0x08002784                LPTIM2_IRQHandler
                0x08002784                DFSDM1_FLT1_IRQHandler
                0x08002784                I2C3_ER_IRQHandler
                0x08002784                DFSDM1_FLT2_IRQHandler
                0x08002784                EXTI0_IRQHandler
                0x08002784                I2C2_EV_IRQHandler
                0x08002784                CAN1_RX0_IRQHandler
                0x08002784                FPU_IRQHandler
                0x08002784                TIM1_UP_TIM16_IRQHandler
                0x08002784                CAN2_SCE_IRQHandler
                0x08002784                ADC1_2_IRQHandler
                0x08002784                SPI1_IRQHandler
                0x08002784                TIM6_DAC_IRQHandler
                0x08002784                DCMI_IRQHandler
                0x08002784                CAN2_RX0_IRQHandler
                0x08002784                TIM8_UP_IRQHandler
                0x08002784                DMA2_Channel2_IRQHandler
                0x08002784                DMA1_Channel4_IRQHandler
                0x08002784                SAI2_IRQHandler
                0x08002784                DFSDM1_FLT3_IRQHandler
                0x08002784                USART3_IRQHandler
                0x08002784                DMA1_Channel7_IRQHandler
                0x08002784                CAN1_RX1_IRQHandler
                0x08002784                LCD_IRQHandler
                0x08002784                UART5_IRQHandler
                0x08002784                ADC3_IRQHandler
                0x08002784                TIM4_IRQHandler
                0x08002784                DMA2_Channel1_IRQHandler
                0x08002784                QUADSPI_IRQHandler
                0x08002784                I2C1_EV_IRQHandler
                0x08002784                DMA1_Channel6_IRQHandler
                0x08002784                UART4_IRQHandler
                0x08002784                DMA2_Channel4_IRQHandler
                0x08002784                TIM3_IRQHandler
                0x08002784                RCC_IRQHandler
                0x08002784                DMA1_Channel1_IRQHandler
                0x08002784                Default_Handler
                0x08002784                DMA2_Channel7_IRQHandler
                0x08002784                EXTI15_10_IRQHandler
                0x08002784                SDMMC1_IRQHandler
                0x08002784                CAN2_TX_IRQHandler
                0x08002784                TIM5_IRQHandler
                0x08002784                I2C3_EV_IRQHandler
                0x08002784                EXTI9_5_IRQHandler
                0x08002784                RTC_WKUP_IRQHandler
                0x08002784                PVD_PVM_IRQHandler
                0x08002784                SPI2_IRQHandler
                0x08002784                CAN1_TX_IRQHandler
                0x08002784                DMA2_Channel5_IRQHandler
                0x08002784                CRS_IRQHandler
                0x08002784                DMA1_Channel5_IRQHandler
                0x08002784                EXTI4_IRQHandler
                0x08002784                RNG_IRQHandler
                0x08002784                TIM1_TRG_COM_TIM17_IRQHandler
                0x08002784                DMA1_Channel3_IRQHandler
                0x08002784                COMP_IRQHandler
                0x08002784                WWDG_IRQHandler
                0x08002784                I2C4_EV_IRQHandler
                0x08002784                LPUART1_IRQHandler
                0x08002784                DMA2_Channel6_IRQHandler
                0x08002784                TIM2_IRQHandler
                0x08002784                EXTI1_IRQHandler
                0x08002784                USART2_IRQHandler
                0x08002784                DFSDM1_FLT0_IRQHandler
                0x08002784                I2C2_ER_IRQHandler
                0x08002784                DMA1_Channel2_IRQHandler
                0x08002784                TIM8_BRK_IRQHandler
                0x08002784                CAN1_SCE_IRQHandler
                0x08002784                FLASH_IRQHandler
                0x08002784                USART1_IRQHandler
                0x08002784                OTG_FS_IRQHandler
                0x08002784                SPI3_IRQHandler
                0x08002784                I2C1_ER_IRQHandler
                0x08002784                FMC_IRQHandler
                0x08002784                SWPMI1_IRQHandler
                0x08002784                LPTIM1_IRQHandler
                0x08002784                I2C4_ER_IRQHandler
                0x08002784                SAI1_IRQHandler
                0x08002784                DMA2_Channel3_IRQHandler
                0x08002784                TIM1_BRK_TIM15_IRQHandler
 .text.HAL_Init
                0x08002786       0x30 ./Drivers/STM32L4xx_HAL_Driver/Src/stm32l4xx_hal.o
                0x08002786                HAL_Init
 *fill*         0x080027b6        0x2 
 .text.HAL_InitTick
                0x080027b8       0x78 ./Drivers/STM32L4xx_HAL_Driver/Src/stm32l4xx_hal.o
                0x080027b8                HAL_InitTick
 .text.HAL_IncTick
                0x08002830       0x28 ./Drivers/STM32L4xx_HAL_Driver/Src/stm32l4xx_hal.o
                0x08002830                HAL_IncTick
 .text.HAL_GetTick
                0x08002858       0x18 ./Drivers/STM32L4xx_HAL_Driver/Src/stm32l4xx_hal.o
                0x08002858                HAL_GetTick
 .text.HAL_Delay
                0x08002870       0x48 ./Drivers/STM32L4xx_HAL_Driver/Src/stm32l4xx_hal.o
                0x08002870                HAL_Delay
 .text.LL_ADC_SetCommonClock
                0x080028b8       0x26 ./Drivers/STM32L4xx_HAL_Driver/Src/stm32l4xx_hal_adc.o
 .text.LL_ADC_SetCommonPathInternalCh
                0x080028de       0x26 ./Drivers/STM32L4xx_HAL_Driver/Src/stm32l4xx_hal_adc.o
 .text.LL_ADC_GetCommonPathInternalCh
                0x08002904       0x1c ./Drivers/STM32L4xx_HAL_Driver/Src/stm32l4xx_hal_adc.o
 .text.LL_ADC_SetOffset
                0x08002920       0x48 ./Drivers/STM32L4xx_HAL_Driver/Src/stm32l4xx_hal_adc.o
 .text.LL_ADC_GetOffsetChannel
                0x08002968       0x2c ./Drivers/STM32L4xx_HAL_Driver/Src/stm32l4xx_hal_adc.o
 .text.LL_ADC_SetOffsetState
                0x08002994       0x36 ./Drivers/STM32L4xx_HAL_Driver/Src/stm32l4xx_hal_adc.o
 .text.LL_ADC_SetSamplingTimeCommonConfig
                0x080029ca       0x26 ./Drivers/STM32L4xx_HAL_Driver/Src/stm32l4xx_hal_adc.o
 .text.LL_ADC_REG_SetSequencerRanks
                0x080029f0       0x58 ./Drivers/STM32L4xx_HAL_Driver/Src/stm32l4xx_hal_adc.o
 .text.LL_ADC_SetChannelSamplingTime
                0x08002a48       0x56 ./Drivers/STM32L4xx_HAL_Driver/Src/stm32l4xx_hal_adc.o
 *fill*         0x08002a9e        0x2 
 .text.LL_ADC_SetChannelSingleDiff
                0x08002aa0       0x48 ./Drivers/STM32L4xx_HAL_Driver/Src/stm32l4xx_hal_adc.o
 .text.LL_ADC_DisableDeepPowerDown
                0x08002ae8       0x24 ./Drivers/STM32L4xx_HAL_Driver/Src/stm32l4xx_hal_adc.o
 .text.LL_ADC_IsDeepPowerDownEnabled
                0x08002b0c       0x28 ./Drivers/STM32L4xx_HAL_Driver/Src/stm32l4xx_hal_adc.o
 .text.LL_ADC_EnableInternalRegulator
                0x08002b34       0x28 ./Drivers/STM32L4xx_HAL_Driver/Src/stm32l4xx_hal_adc.o
 .text.LL_ADC_IsInternalRegulatorEnabled
                0x08002b5c       0x28 ./Drivers/STM32L4xx_HAL_Driver/Src/stm32l4xx_hal_adc.o
 .text.LL_ADC_IsEnabled
                0x08002b84       0x26 ./Drivers/STM32L4xx_HAL_Driver/Src/stm32l4xx_hal_adc.o
 .text.LL_ADC_REG_IsConversionOngoing
                0x08002baa       0x26 ./Drivers/STM32L4xx_HAL_Driver/Src/stm32l4xx_hal_adc.o
 .text.LL_ADC_INJ_IsConversionOngoing
                0x08002bd0       0x26 ./Drivers/STM32L4xx_HAL_Driver/Src/stm32l4xx_hal_adc.o
 *fill*         0x08002bf6        0x2 
 .text.HAL_ADC_Init
                0x08002bf8      0x2a8 ./Drivers/STM32L4xx_HAL_Driver/Src/stm32l4xx_hal_adc.o
                0x08002bf8                HAL_ADC_Init
 .text.HAL_ADC_ConfigChannel
                0x08002ea0      0x818 ./Drivers/STM32L4xx_HAL_Driver/Src/stm32l4xx_hal_adc.o
                0x08002ea0                HAL_ADC_ConfigChannel
 .text.LL_ADC_IsEnabled
                0x080036b8       0x26 ./Drivers/STM32L4xx_HAL_Driver/Src/stm32l4xx_hal_adc_ex.o
 .text.LL_ADC_REG_IsConversionOngoing
                0x080036de       0x26 ./Drivers/STM32L4xx_HAL_Driver/Src/stm32l4xx_hal_adc_ex.o
 .text.HAL_ADCEx_MultiModeConfigChannel
                0x08003704      0x160 ./Drivers/STM32L4xx_HAL_Driver/Src/stm32l4xx_hal_adc_ex.o
                0x08003704                HAL_ADCEx_MultiModeConfigChannel
 .text.HAL_CAN_Init
                0x08003864      0x1f6 ./Drivers/STM32L4xx_HAL_Driver/Src/stm32l4xx_hal_can.o
                0x08003864                HAL_CAN_Init
 *fill*         0x08003a5a        0x2 
 .text.__NVIC_SetPriorityGrouping
                0x08003a5c       0x48 ./Drivers/STM32L4xx_HAL_Driver/Src/stm32l4xx_hal_cortex.o
 .text.__NVIC_GetPriorityGrouping
                0x08003aa4       0x1c ./Drivers/STM32L4xx_HAL_Driver/Src/stm32l4xx_hal_cortex.o
 .text.__NVIC_EnableIRQ
                0x08003ac0       0x3c ./Drivers/STM32L4xx_HAL_Driver/Src/stm32l4xx_hal_cortex.o
 .text.__NVIC_SetPriority
                0x08003afc       0x54 ./Drivers/STM32L4xx_HAL_Driver/Src/stm32l4xx_hal_cortex.o
 .text.NVIC_EncodePriority
                0x08003b50       0x66 ./Drivers/STM32L4xx_HAL_Driver/Src/stm32l4xx_hal_cortex.o
 *fill*         0x08003bb6        0x2 
 .text.SysTick_Config
                0x08003bb8       0x44 ./Drivers/STM32L4xx_HAL_Driver/Src/stm32l4xx_hal_cortex.o
 .text.HAL_NVIC_SetPriorityGrouping
                0x08003bfc       0x16 ./Drivers/STM32L4xx_HAL_Driver/Src/stm32l4xx_hal_cortex.o
                0x08003bfc                HAL_NVIC_SetPriorityGrouping
 .text.HAL_NVIC_SetPriority
                0x08003c12       0x38 ./Drivers/STM32L4xx_HAL_Driver/Src/stm32l4xx_hal_cortex.o
                0x08003c12                HAL_NVIC_SetPriority
 .text.HAL_NVIC_EnableIRQ
                0x08003c4a       0x1c ./Drivers/STM32L4xx_HAL_Driver/Src/stm32l4xx_hal_cortex.o
                0x08003c4a                HAL_NVIC_EnableIRQ
 .text.HAL_SYSTICK_Config
                0x08003c66       0x18 ./Drivers/STM32L4xx_HAL_Driver/Src/stm32l4xx_hal_cortex.o
                0x08003c66                HAL_SYSTICK_Config
 *fill*         0x08003c7e        0x2 
 .text.HAL_GPIO_Init
                0x08003c80      0x324 ./Drivers/STM32L4xx_HAL_Driver/Src/stm32l4xx_hal_gpio.o
                0x08003c80                HAL_GPIO_Init
 .text.HAL_GPIO_WritePin
                0x08003fa4       0x30 ./Drivers/STM32L4xx_HAL_Driver/Src/stm32l4xx_hal_gpio.o
                0x08003fa4                HAL_GPIO_WritePin
 .text.HAL_I2C_Init
                0x08003fd4      0x136 ./Drivers/STM32L4xx_HAL_Driver/Src/stm32l4xx_hal_i2c.o
                0x08003fd4                HAL_I2C_Init
 *fill*         0x0800410a        0x2 
 .text.HAL_I2C_Master_Transmit
                0x0800410c      0x230 ./Drivers/STM32L4xx_HAL_Driver/Src/stm32l4xx_hal_i2c.o
                0x0800410c                HAL_I2C_Master_Transmit
 .text.HAL_I2C_Master_Receive
                0x0800433c      0x1ec ./Drivers/STM32L4xx_HAL_Driver/Src/stm32l4xx_hal_i2c.o
                0x0800433c                HAL_I2C_Master_Receive
 .text.I2C_Flush_TXDR
                0x08004528       0x48 ./Drivers/STM32L4xx_HAL_Driver/Src/stm32l4xx_hal_i2c.o
 .text.I2C_WaitOnFlagUntilTimeout
                0x08004570       0xb2 ./Drivers/STM32L4xx_HAL_Driver/Src/stm32l4xx_hal_i2c.o
 .text.I2C_WaitOnTXISFlagUntilTimeout
                0x08004622       0x8e ./Drivers/STM32L4xx_HAL_Driver/Src/stm32l4xx_hal_i2c.o
 .text.I2C_WaitOnSTOPFlagUntilTimeout
                0x080046b0       0x86 ./Drivers/STM32L4xx_HAL_Driver/Src/stm32l4xx_hal_i2c.o
 *fill*         0x08004736        0x2 
 .text.I2C_WaitOnRXNEFlagUntilTimeout
                0x08004738      0x118 ./Drivers/STM32L4xx_HAL_Driver/Src/stm32l4xx_hal_i2c.o
 .text.I2C_IsErrorOccurred
                0x08004850      0x1c0 ./Drivers/STM32L4xx_HAL_Driver/Src/stm32l4xx_hal_i2c.o
 .text.I2C_TransferConfig
                0x08004a10       0x64 ./Drivers/STM32L4xx_HAL_Driver/Src/stm32l4xx_hal_i2c.o
 .text.HAL_I2CEx_ConfigAnalogFilter
                0x08004a74       0x96 ./Drivers/STM32L4xx_HAL_Driver/Src/stm32l4xx_hal_i2c_ex.o
                0x08004a74                HAL_I2CEx_ConfigAnalogFilter
 .text.HAL_I2CEx_ConfigDigitalFilter
                0x08004b0a       0x98 ./Drivers/STM32L4xx_HAL_Driver/Src/stm32l4xx_hal_i2c_ex.o
                0x08004b0a                HAL_I2CEx_ConfigDigitalFilter
 *fill*         0x08004ba2        0x2 
 .text.HAL_PWREx_GetVoltageRange
                0x08004ba4       0x1c ./Drivers/STM32L4xx_HAL_Driver/Src/stm32l4xx_hal_pwr_ex.o
                0x08004ba4                HAL_PWREx_GetVoltageRange
 .text.HAL_PWREx_ControlVoltageScaling
                0x08004bc0       0xac ./Drivers/STM32L4xx_HAL_Driver/Src/stm32l4xx_hal_pwr_ex.o
                0x08004bc0                HAL_PWREx_ControlVoltageScaling
 .text.HAL_PWREx_EnableVddIO2
                0x08004c6c       0x20 ./Drivers/STM32L4xx_HAL_Driver/Src/stm32l4xx_hal_pwr_ex.o
                0x08004c6c                HAL_PWREx_EnableVddIO2
 .text.HAL_QSPI_Init
                0x08004c8c       0xf8 ./Drivers/STM32L4xx_HAL_Driver/Src/stm32l4xx_hal_qspi.o
                0x08004c8c                HAL_QSPI_Init
 .text.HAL_QSPI_SetTimeout
                0x08004d84       0x1c ./Drivers/STM32L4xx_HAL_Driver/Src/stm32l4xx_hal_qspi.o
                0x08004d84                HAL_QSPI_SetTimeout
 .text.QSPI_WaitFlagStateUntilTimeout
                0x08004da0       0x6e ./Drivers/STM32L4xx_HAL_Driver/Src/stm32l4xx_hal_qspi.o
 *fill*         0x08004e0e        0x2 
 .text.HAL_RCC_OscConfig
                0x08004e10      0x834 ./Drivers/STM32L4xx_HAL_Driver/Src/stm32l4xx_hal_rcc.o
                0x08004e10                HAL_RCC_OscConfig
 .text.HAL_RCC_ClockConfig
                0x08005644      0x200 ./Drivers/STM32L4xx_HAL_Driver/Src/stm32l4xx_hal_rcc.o
                0x08005644                HAL_RCC_ClockConfig
 .text.HAL_RCC_GetSysClockFreq
                0x08005844      0x118 ./Drivers/STM32L4xx_HAL_Driver/Src/stm32l4xx_hal_rcc.o
                0x08005844                HAL_RCC_GetSysClockFreq
 .text.HAL_RCC_GetHCLKFreq
                0x0800595c       0x18 ./Drivers/STM32L4xx_HAL_Driver/Src/stm32l4xx_hal_rcc.o
                0x0800595c                HAL_RCC_GetHCLKFreq
 .text.HAL_RCC_GetPCLK1Freq
                0x08005974       0x2c ./Drivers/STM32L4xx_HAL_Driver/Src/stm32l4xx_hal_rcc.o
                0x08005974                HAL_RCC_GetPCLK1Freq
 .text.HAL_RCC_GetPCLK2Freq
                0x080059a0       0x2c ./Drivers/STM32L4xx_HAL_Driver/Src/stm32l4xx_hal_rcc.o
                0x080059a0                HAL_RCC_GetPCLK2Freq
 .text.RCC_SetFlashLatencyFromMSIRange
                0x080059cc       0xc0 ./Drivers/STM32L4xx_HAL_Driver/Src/stm32l4xx_hal_rcc.o
 .text.HAL_RCCEx_PeriphCLKConfig
                0x08005a8c      0x5f8 ./Drivers/STM32L4xx_HAL_Driver/Src/stm32l4xx_hal_rcc_ex.o
                0x08005a8c                HAL_RCCEx_PeriphCLKConfig
 .text.RCCEx_PLLSAI1_Config
                0x08006084      0x1e4 ./Drivers/STM32L4xx_HAL_Driver/Src/stm32l4xx_hal_rcc_ex.o
 .text.RCCEx_PLLSAI2_Config
                0x08006268      0x1b8 ./Drivers/STM32L4xx_HAL_Driver/Src/stm32l4xx_hal_rcc_ex.o
 .text.HAL_SPI_Init
                0x08006420      0x146 ./Drivers/STM32L4xx_HAL_Driver/Src/stm32l4xx_hal_spi.o
                0x08006420                HAL_SPI_Init
 .text.HAL_TIM_Base_Init
                0x08006566       0xae ./Drivers/STM32L4xx_HAL_Driver/Src/stm32l4xx_hal_tim.o
                0x08006566                HAL_TIM_Base_Init
 .text.HAL_TIM_Base_Start_IT
                0x08006614       0xe0 ./Drivers/STM32L4xx_HAL_Driver/Src/stm32l4xx_hal_tim.o
                0x08006614                HAL_TIM_Base_Start_IT
 .text.HAL_TIM_PWM_Init
                0x080066f4       0xae ./Drivers/STM32L4xx_HAL_Driver/Src/stm32l4xx_hal_tim.o
                0x080066f4                HAL_TIM_PWM_Init
 *fill*         0x080067a2        0x2 
 .text.HAL_TIM_PWM_Start
                0x080067a4      0x20c ./Drivers/STM32L4xx_HAL_Driver/Src/stm32l4xx_hal_tim.o
                0x080067a4                HAL_TIM_PWM_Start
 .text.HAL_TIM_IC_Init
                0x080069b0       0xae ./Drivers/STM32L4xx_HAL_Driver/Src/stm32l4xx_hal_tim.o
                0x080069b0                HAL_TIM_IC_Init
 .text.HAL_TIM_Encoder_Init
                0x08006a5e      0x14c ./Drivers/STM32L4xx_HAL_Driver/Src/stm32l4xx_hal_tim.o
                0x08006a5e                HAL_TIM_Encoder_Init
 .text.HAL_TIM_Encoder_Start
                0x08006baa      0x11c ./Drivers/STM32L4xx_HAL_Driver/Src/stm32l4xx_hal_tim.o
                0x08006baa                HAL_TIM_Encoder_Start
 .text.HAL_TIM_IRQHandler
                0x08006cc6      0x20e ./Drivers/STM32L4xx_HAL_Driver/Src/stm32l4xx_hal_tim.o
                0x08006cc6                HAL_TIM_IRQHandler
 .text.HAL_TIM_IC_ConfigChannel
                0x08006ed4      0x138 ./Drivers/STM32L4xx_HAL_Driver/Src/stm32l4xx_hal_tim.o
                0x08006ed4                HAL_TIM_IC_ConfigChannel
 .text.HAL_TIM_PWM_ConfigChannel
                0x0800700c      0x228 ./Drivers/STM32L4xx_HAL_Driver/Src/stm32l4xx_hal_tim.o
                0x0800700c                HAL_TIM_PWM_ConfigChannel
 .text.HAL_TIM_ConfigClockSource
                0x08007234      0x192 ./Drivers/STM32L4xx_HAL_Driver/Src/stm32l4xx_hal_tim.o
                0x08007234                HAL_TIM_ConfigClockSource
 .text.HAL_TIM_OC_DelayElapsedCallback
                0x080073c6       0x14 ./Drivers/STM32L4xx_HAL_Driver/Src/stm32l4xx_hal_tim.o
                0x080073c6                HAL_TIM_OC_DelayElapsedCallback
 .text.HAL_TIM_IC_CaptureCallback
                0x080073da       0x14 ./Drivers/STM32L4xx_HAL_Driver/Src/stm32l4xx_hal_tim.o
                0x080073da                HAL_TIM_IC_CaptureCallback
 .text.HAL_TIM_PWM_PulseFinishedCallback
                0x080073ee       0x14 ./Drivers/STM32L4xx_HAL_Driver/Src/stm32l4xx_hal_tim.o
                0x080073ee                HAL_TIM_PWM_PulseFinishedCallback
 .text.HAL_TIM_TriggerCallback
                0x08007402       0x14 ./Drivers/STM32L4xx_HAL_Driver/Src/stm32l4xx_hal_tim.o
                0x08007402                HAL_TIM_TriggerCallback
 *fill*         0x08007416        0x2 
 .text.TIM_Base_SetConfig
                0x08007418      0x14c ./Drivers/STM32L4xx_HAL_Driver/Src/stm32l4xx_hal_tim.o
                0x08007418                TIM_Base_SetConfig
 .text.TIM_OC1_SetConfig
                0x08007564      0x120 ./Drivers/STM32L4xx_HAL_Driver/Src/stm32l4xx_hal_tim.o
 .text.TIM_OC2_SetConfig
                0x08007684      0x114 ./Drivers/STM32L4xx_HAL_Driver/Src/stm32l4xx_hal_tim.o
                0x08007684                TIM_OC2_SetConfig
 .text.TIM_OC3_SetConfig
                0x08007798      0x110 ./Drivers/STM32L4xx_HAL_Driver/Src/stm32l4xx_hal_tim.o
 .text.TIM_OC4_SetConfig
                0x080078a8       0xd4 ./Drivers/STM32L4xx_HAL_Driver/Src/stm32l4xx_hal_tim.o
 .text.TIM_OC5_SetConfig
                0x0800797c       0xc8 ./Drivers/STM32L4xx_HAL_Driver/Src/stm32l4xx_hal_tim.o
 .text.TIM_OC6_SetConfig
                0x08007a44       0xcc ./Drivers/STM32L4xx_HAL_Driver/Src/stm32l4xx_hal_tim.o
 .text.TIM_TI1_SetConfig
                0x08007b10       0xdc ./Drivers/STM32L4xx_HAL_Driver/Src/stm32l4xx_hal_tim.o
                0x08007b10                TIM_TI1_SetConfig
 .text.TIM_TI1_ConfigInputStage
                0x08007bec       0x5e ./Drivers/STM32L4xx_HAL_Driver/Src/stm32l4xx_hal_tim.o
 .text.TIM_TI2_SetConfig
                0x08007c4a       0x7a ./Drivers/STM32L4xx_HAL_Driver/Src/stm32l4xx_hal_tim.o
 .text.TIM_TI2_ConfigInputStage
                0x08007cc4       0x60 ./Drivers/STM32L4xx_HAL_Driver/Src/stm32l4xx_hal_tim.o
 .text.TIM_TI3_SetConfig
                0x08007d24       0x78 ./Drivers/STM32L4xx_HAL_Driver/Src/stm32l4xx_hal_tim.o
 .text.TIM_TI4_SetConfig
                0x08007d9c       0x7a ./Drivers/STM32L4xx_HAL_Driver/Src/stm32l4xx_hal_tim.o
 .text.TIM_ITRx_SetConfig
                0x08007e16       0x36 ./Drivers/STM32L4xx_HAL_Driver/Src/stm32l4xx_hal_tim.o
 .text.TIM_ETR_SetConfig
                0x08007e4c       0x40 ./Drivers/STM32L4xx_HAL_Driver/Src/stm32l4xx_hal_tim.o
                0x08007e4c                TIM_ETR_SetConfig
 .text.TIM_CCxChannelCmd
                0x08007e8c       0x4a ./Drivers/STM32L4xx_HAL_Driver/Src/stm32l4xx_hal_tim.o
                0x08007e8c                TIM_CCxChannelCmd
 *fill*         0x08007ed6        0x2 
 .text.HAL_TIMEx_MasterConfigSynchronization
                0x08007ed8      0x110 ./Drivers/STM32L4xx_HAL_Driver/Src/stm32l4xx_hal_tim_ex.o
                0x08007ed8                HAL_TIMEx_MasterConfigSynchronization
 .text.HAL_TIMEx_ConfigBreakDeadTime
                0x08007fe8       0xfc ./Drivers/STM32L4xx_HAL_Driver/Src/stm32l4xx_hal_tim_ex.o
                0x08007fe8                HAL_TIMEx_ConfigBreakDeadTime
 .text.HAL_TIMEx_CommutCallback
                0x080080e4       0x14 ./Drivers/STM32L4xx_HAL_Driver/Src/stm32l4xx_hal_tim_ex.o
                0x080080e4                HAL_TIMEx_CommutCallback
 .text.HAL_TIMEx_BreakCallback
                0x080080f8       0x14 ./Drivers/STM32L4xx_HAL_Driver/Src/stm32l4xx_hal_tim_ex.o
                0x080080f8                HAL_TIMEx_BreakCallback
 .text.HAL_TIMEx_Break2Callback
                0x0800810c       0x14 ./Drivers/STM32L4xx_HAL_Driver/Src/stm32l4xx_hal_tim_ex.o
                0x0800810c                HAL_TIMEx_Break2Callback
 .text.HAL_UART_Init
                0x08008120       0x9c ./Drivers/STM32L4xx_HAL_Driver/Src/stm32l4xx_hal_uart.o
                0x08008120                HAL_UART_Init
 .text.UART_SetConfig
                0x080081bc      0x570 ./Drivers/STM32L4xx_HAL_Driver/Src/stm32l4xx_hal_uart.o
                0x080081bc                UART_SetConfig
 .text.UART_AdvFeatureConfig
                0x0800872c      0x144 ./Drivers/STM32L4xx_HAL_Driver/Src/stm32l4xx_hal_uart.o
                0x0800872c                UART_AdvFeatureConfig
 .text.UART_CheckIdleState
                0x08008870      0x150 ./Drivers/STM32L4xx_HAL_Driver/Src/stm32l4xx_hal_uart.o
                0x08008870                UART_CheckIdleState
 .text.UART_WaitOnFlagUntilTimeout
                0x080089c0       0xda ./Drivers/STM32L4xx_HAL_Driver/Src/stm32l4xx_hal_uart.o
                0x080089c0                UART_WaitOnFlagUntilTimeout
 .text.UART_EndRxTransfer
                0x08008a9a       0xc8 ./Drivers/STM32L4xx_HAL_Driver/Src/stm32l4xx_hal_uart.o
 .text.HAL_RS485Ex_Init
                0x08008b62       0xce ./Drivers/STM32L4xx_HAL_Driver/Src/stm32l4xx_hal_uart_ex.o
                0x08008b62                HAL_RS485Ex_Init
 .text.memset   0x08008c30       0x10 C:/ST/STM32CubeIDE_1.16.1/STM32CubeIDE/plugins/com.st.stm32cube.ide.mcu.externaltools.gnu-tools-for-stm32.12.3.rel1.win32_1.0.200.202406191623/tools/bin/../lib/gcc/arm-none-eabi/12.3.1/../../../../arm-none-eabi/lib/thumb/v7e-m+fp/hard\libc_nano.a(libc_a-memset.o)
                0x08008c30                memset
 .text.__libc_init_array
                0x08008c40       0x48 C:/ST/STM32CubeIDE_1.16.1/STM32CubeIDE/plugins/com.st.stm32cube.ide.mcu.externaltools.gnu-tools-for-stm32.12.3.rel1.win32_1.0.200.202406191623/tools/bin/../lib/gcc/arm-none-eabi/12.3.1/../../../../arm-none-eabi/lib/thumb/v7e-m+fp/hard\libc_nano.a(libc_a-init.o)
                0x08008c40                __libc_init_array
 *(.glue_7)
 .glue_7        0x08008c88        0x0 linker stubs
 *(.glue_7t)
 .glue_7t       0x08008c88        0x0 linker stubs
 *(.eh_frame)
 .eh_frame      0x08008c88        0x0 C:/ST/STM32CubeIDE_1.16.1/STM32CubeIDE/plugins/com.st.stm32cube.ide.mcu.externaltools.gnu-tools-for-stm32.12.3.rel1.win32_1.0.200.202406191623/tools/bin/../lib/gcc/arm-none-eabi/12.3.1/thumb/v7e-m+fp/hard/crtbegin.o
 *(.init)
 .init          0x08008c88        0x4 C:/ST/STM32CubeIDE_1.16.1/STM32CubeIDE/plugins/com.st.stm32cube.ide.mcu.externaltools.gnu-tools-for-stm32.12.3.rel1.win32_1.0.200.202406191623/tools/bin/../lib/gcc/arm-none-eabi/12.3.1/thumb/v7e-m+fp/hard/crti.o
                0x08008c88                _init
 .init          0x08008c8c        0x8 C:/ST/STM32CubeIDE_1.16.1/STM32CubeIDE/plugins/com.st.stm32cube.ide.mcu.externaltools.gnu-tools-for-stm32.12.3.rel1.win32_1.0.200.202406191623/tools/bin/../lib/gcc/arm-none-eabi/12.3.1/thumb/v7e-m+fp/hard/crtn.o
 *(.fini)
 .fini          0x08008c94        0x4 C:/ST/STM32CubeIDE_1.16.1/STM32CubeIDE/plugins/com.st.stm32cube.ide.mcu.externaltools.gnu-tools-for-stm32.12.3.rel1.win32_1.0.200.202406191623/tools/bin/../lib/gcc/arm-none-eabi/12.3.1/thumb/v7e-m+fp/hard/crti.o
                0x08008c94                _fini
 .fini          0x08008c98        0x8 C:/ST/STM32CubeIDE_1.16.1/STM32CubeIDE/plugins/com.st.stm32cube.ide.mcu.externaltools.gnu-tools-for-stm32.12.3.rel1.win32_1.0.200.202406191623/tools/bin/../lib/gcc/arm-none-eabi/12.3.1/thumb/v7e-m+fp/hard/crtn.o
                0x08008ca0                        . = ALIGN (0x4)
                0x08008ca0                        _etext = .

.vfp11_veneer   0x08008ca0        0x0
 .vfp11_veneer  0x08008ca0        0x0 linker stubs

.v4_bx          0x08008ca0        0x0
 .v4_bx         0x08008ca0        0x0 linker stubs

.iplt           0x08008ca0        0x0
 .iplt          0x08008ca0        0x0 C:/ST/STM32CubeIDE_1.16.1/STM32CubeIDE/plugins/com.st.stm32cube.ide.mcu.externaltools.gnu-tools-for-stm32.12.3.rel1.win32_1.0.200.202406191623/tools/bin/../lib/gcc/arm-none-eabi/12.3.1/thumb/v7e-m+fp/hard/crtbegin.o

.rodata         0x08008ca0       0x4c
                0x08008ca0                        . = ALIGN (0x4)
 *(.rodata)
 .rodata        0x08008ca0        0x3 ./Core/Src/main.o
 *(.rodata*)
 *fill*         0x08008ca3        0x1 
 .rodata.AHBPrescTable
                0x08008ca4       0x10 ./Core/Src/system_stm32l4xx.o
                0x08008ca4                AHBPrescTable
 .rodata.APBPrescTable
                0x08008cb4        0x8 ./Core/Src/system_stm32l4xx.o
                0x08008cb4                APBPrescTable
 .rodata.MSIRangeTable
                0x08008cbc       0x30 ./Core/Src/system_stm32l4xx.o
                0x08008cbc                MSIRangeTable
                0x08008cec                        . = ALIGN (0x4)

.ARM.extab      0x08008cec        0x0
                0x08008cec                        . = ALIGN (0x4)
 *(.ARM.extab* .gnu.linkonce.armextab.*)
                0x08008cec                        . = ALIGN (0x4)

.ARM            0x08008cec        0x8
                0x08008cec                        . = ALIGN (0x4)
                0x08008cec                        __exidx_start = .
 *(.ARM.exidx*)
 .ARM.exidx     0x08008cec        0x8 C:/ST/STM32CubeIDE_1.16.1/STM32CubeIDE/plugins/com.st.stm32cube.ide.mcu.externaltools.gnu-tools-for-stm32.12.3.rel1.win32_1.0.200.202406191623/tools/bin/../lib/gcc/arm-none-eabi/12.3.1/thumb/v7e-m+fp/hard\libgcc.a(_udivmoddi4.o)
                0x08008cf4                        __exidx_end = .
                0x08008cf4                        . = ALIGN (0x4)

.preinit_array  0x08008cf4        0x0
                0x08008cf4                        . = ALIGN (0x4)
                0x08008cf4                        PROVIDE (__preinit_array_start = .)
 *(.preinit_array*)
                0x08008cf4                        PROVIDE (__preinit_array_end = .)
                0x08008cf4                        . = ALIGN (0x4)

.init_array     0x08008cf4        0x4
                0x08008cf4                        . = ALIGN (0x4)
                0x08008cf4                        PROVIDE (__init_array_start = .)
 *(SORT_BY_NAME(.init_array.*))
 *(.init_array*)
 .init_array    0x08008cf4        0x4 C:/ST/STM32CubeIDE_1.16.1/STM32CubeIDE/plugins/com.st.stm32cube.ide.mcu.externaltools.gnu-tools-for-stm32.12.3.rel1.win32_1.0.200.202406191623/tools/bin/../lib/gcc/arm-none-eabi/12.3.1/thumb/v7e-m+fp/hard/crtbegin.o
                0x08008cf8                        PROVIDE (__init_array_end = .)
                0x08008cf8                        . = ALIGN (0x4)

.fini_array     0x08008cf8        0x4
                0x08008cf8                        . = ALIGN (0x4)
                [!provide]                        PROVIDE (__fini_array_start = .)
 *(SORT_BY_NAME(.fini_array.*))
 *(.fini_array*)
 .fini_array    0x08008cf8        0x4 C:/ST/STM32CubeIDE_1.16.1/STM32CubeIDE/plugins/com.st.stm32cube.ide.mcu.externaltools.gnu-tools-for-stm32.12.3.rel1.win32_1.0.200.202406191623/tools/bin/../lib/gcc/arm-none-eabi/12.3.1/thumb/v7e-m+fp/hard/crtbegin.o
                [!provide]                        PROVIDE (__fini_array_end = .)
                0x08008cfc                        . = ALIGN (0x4)
                0x08008cfc                        _sidata = LOADADDR (.data)

.rel.dyn        0x08008cfc        0x0
 .rel.iplt      0x08008cfc        0x0 C:/ST/STM32CubeIDE_1.16.1/STM32CubeIDE/plugins/com.st.stm32cube.ide.mcu.externaltools.gnu-tools-for-stm32.12.3.rel1.win32_1.0.200.202406191623/tools/bin/../lib/gcc/arm-none-eabi/12.3.1/thumb/v7e-m+fp/hard/crtbegin.o

.data           0x20000000        0xc load address 0x08008cfc
                0x20000000                        . = ALIGN (0x4)
                0x20000000                        _sdata = .
 *(.data)
 *(.data*)
 .data.SystemCoreClock
                0x20000000        0x4 ./Core/Src/system_stm32l4xx.o
                0x20000000                SystemCoreClock
 .data.uwTickPrio
                0x20000004        0x4 ./Drivers/STM32L4xx_HAL_Driver/Src/stm32l4xx_hal.o
                0x20000004                uwTickPrio
 .data.uwTickFreq
                0x20000008        0x1 ./Drivers/STM32L4xx_HAL_Driver/Src/stm32l4xx_hal.o
                0x20000008                uwTickFreq
 *(.RamFunc)
 *(.RamFunc*)
                0x2000000c                        . = ALIGN (0x4)
 *fill*         0x20000009        0x3 
                0x2000000c                        _edata = .

.igot.plt       0x2000000c        0x0 load address 0x08008d08
 .igot.plt      0x2000000c        0x0 C:/ST/STM32CubeIDE_1.16.1/STM32CubeIDE/plugins/com.st.stm32cube.ide.mcu.externaltools.gnu-tools-for-stm32.12.3.rel1.win32_1.0.200.202406191623/tools/bin/../lib/gcc/arm-none-eabi/12.3.1/thumb/v7e-m+fp/hard/crtbegin.o
                0x2000000c                        . = ALIGN (0x4)

.bss            0x2000000c      0x780 load address 0x08008d08
                0x2000000c                        _sbss = .
                0x2000000c                        __bss_start__ = _sbss
 *(.bss)
 .bss           0x2000000c       0x1c C:/ST/STM32CubeIDE_1.16.1/STM32CubeIDE/plugins/com.st.stm32cube.ide.mcu.externaltools.gnu-tools-for-stm32.12.3.rel1.win32_1.0.200.202406191623/tools/bin/../lib/gcc/arm-none-eabi/12.3.1/thumb/v7e-m+fp/hard/crtbegin.o
 *(.bss*)
 .bss.BNO055_I2C
                0x20000028        0x4 ./Core/Src/bno055.o
                0x20000028                BNO055_I2C
 .bss.state     0x2000002c        0x2 ./Core/Src/bno055.o
                0x2000002c                state
 *fill*         0x2000002e        0x2 
 .bss.hadc1     0x20000030       0x68 ./Core/Src/main.o
                0x20000030                hadc1
 .bss.hcan1     0x20000098       0x28 ./Core/Src/main.o
                0x20000098                hcan1
 .bss.hi2c1     0x200000c0       0x54 ./Core/Src/main.o
                0x200000c0                hi2c1
 .bss.hi2c2     0x20000114       0x54 ./Core/Src/main.o
                0x20000114                hi2c2
 .bss.hi2c4     0x20000168       0x54 ./Core/Src/main.o
                0x20000168                hi2c4
 .bss.hlpuart1  0x200001bc       0x88 ./Core/Src/main.o
                0x200001bc                hlpuart1
 .bss.huart4    0x20000244       0x88 ./Core/Src/main.o
                0x20000244                huart4
 .bss.huart2    0x200002cc       0x88 ./Core/Src/main.o
                0x200002cc                huart2
 .bss.huart3    0x20000354       0x88 ./Core/Src/main.o
                0x20000354                huart3
 .bss.hqspi     0x200003dc       0x4c ./Core/Src/main.o
                0x200003dc                hqspi
 .bss.hspi1     0x20000428       0x64 ./Core/Src/main.o
                0x20000428                hspi1
 .bss.hspi3     0x2000048c       0x64 ./Core/Src/main.o
                0x2000048c                hspi3
 .bss.htim1     0x200004f0       0x4c ./Core/Src/main.o
                0x200004f0                htim1
 .bss.htim2     0x2000053c       0x4c ./Core/Src/main.o
                0x2000053c                htim2
 .bss.htim3     0x20000588       0x4c ./Core/Src/main.o
                0x20000588                htim3
 .bss.htim4     0x200005d4       0x4c ./Core/Src/main.o
                0x200005d4                htim4
 .bss.htim5     0x20000620       0x4c ./Core/Src/main.o
                0x20000620                htim5
 .bss.htim7     0x2000066c       0x4c ./Core/Src/main.o
                0x2000066c                htim7
 .bss.htim15    0x200006b8       0x4c ./Core/Src/main.o
                0x200006b8                htim15
 .bss.motor_x_var
                0x20000704       0x10 ./Core/Src/main.o
 .bss.motor_y_var
                0x20000714       0x10 ./Core/Src/main.o
 .bss.motor_z_var
                0x20000724       0x10 ./Core/Src/main.o
 .bss.X_Motor   0x20000734       0x1c ./Core/Src/main.o
 .bss.Y_Motor   0x20000750       0x1c ./Core/Src/main.o
 .bss.Z_Motor   0x2000076c       0x1c ./Core/Src/main.o
 .bss.uwTick    0x20000788        0x4 ./Drivers/STM32L4xx_HAL_Driver/Src/stm32l4xx_hal.o
                0x20000788                uwTick
 *(COMMON)
                0x2000078c                        . = ALIGN (0x4)
                0x2000078c                        _ebss = .
                0x2000078c                        __bss_end__ = _ebss

._user_heap_stack
                0x2000078c      0x604 load address 0x08008d08
                0x20000790                        . = ALIGN (0x8)
 *fill*         0x2000078c        0x4 
                [!provide]                        PROVIDE (end = .)
                0x20000790                        PROVIDE (_end = .)
                0x20000990                        . = (. + _Min_Heap_Size)
 *fill*         0x20000790      0x200 
                0x20000d90                        . = (. + _Min_Stack_Size)
 *fill*         0x20000990      0x400 
                0x20000d90                        . = ALIGN (0x8)

/DISCARD/
 libc.a(*)
 libm.a(*)
 libgcc.a(*)

.ARM.attributes
                0x00000000       0x30
 *(.ARM.attributes)
 .ARM.attributes
                0x00000000       0x22 C:/ST/STM32CubeIDE_1.16.1/STM32CubeIDE/plugins/com.st.stm32cube.ide.mcu.externaltools.gnu-tools-for-stm32.12.3.rel1.win32_1.0.200.202406191623/tools/bin/../lib/gcc/arm-none-eabi/12.3.1/thumb/v7e-m+fp/hard/crti.o
 .ARM.attributes
                0x00000022       0x34 C:/ST/STM32CubeIDE_1.16.1/STM32CubeIDE/plugins/com.st.stm32cube.ide.mcu.externaltools.gnu-tools-for-stm32.12.3.rel1.win32_1.0.200.202406191623/tools/bin/../lib/gcc/arm-none-eabi/12.3.1/thumb/v7e-m+fp/hard/crtbegin.o
 .ARM.attributes
                0x00000056       0x34 ./Core/Src/bno055.o
 .ARM.attributes
                0x0000008a       0x34 ./Core/Src/main.o
 .ARM.attributes
                0x000000be       0x34 ./Core/Src/motordrivers.o
 .ARM.attributes
                0x000000f2       0x34 ./Core/Src/motorencoder.o
 .ARM.attributes
                0x00000126       0x34 ./Core/Src/stm32l4xx_hal_msp.o
 .ARM.attributes
                0x0000015a       0x34 ./Core/Src/stm32l4xx_it.o
 .ARM.attributes
                0x0000018e       0x34 ./Core/Src/system_stm32l4xx.o
 .ARM.attributes
                0x000001c2       0x21 ./Core/Startup/startup_stm32l496zgtx.o
 .ARM.attributes
                0x000001e3       0x34 ./Drivers/STM32L4xx_HAL_Driver/Src/stm32l4xx_hal.o
 .ARM.attributes
                0x00000217       0x34 ./Drivers/STM32L4xx_HAL_Driver/Src/stm32l4xx_hal_adc.o
 .ARM.attributes
                0x0000024b       0x34 ./Drivers/STM32L4xx_HAL_Driver/Src/stm32l4xx_hal_adc_ex.o
 .ARM.attributes
                0x0000027f       0x34 ./Drivers/STM32L4xx_HAL_Driver/Src/stm32l4xx_hal_can.o
 .ARM.attributes
                0x000002b3       0x34 ./Drivers/STM32L4xx_HAL_Driver/Src/stm32l4xx_hal_cortex.o
 .ARM.attributes
                0x000002e7       0x34 ./Drivers/STM32L4xx_HAL_Driver/Src/stm32l4xx_hal_gpio.o
 .ARM.attributes
                0x0000031b       0x34 ./Drivers/STM32L4xx_HAL_Driver/Src/stm32l4xx_hal_i2c.o
 .ARM.attributes
                0x0000034f       0x34 ./Drivers/STM32L4xx_HAL_Driver/Src/stm32l4xx_hal_i2c_ex.o
 .ARM.attributes
                0x00000383       0x34 ./Drivers/STM32L4xx_HAL_Driver/Src/stm32l4xx_hal_pwr_ex.o
 .ARM.attributes
                0x000003b7       0x34 ./Drivers/STM32L4xx_HAL_Driver/Src/stm32l4xx_hal_qspi.o
 .ARM.attributes
                0x000003eb       0x34 ./Drivers/STM32L4xx_HAL_Driver/Src/stm32l4xx_hal_rcc.o
 .ARM.attributes
                0x0000041f       0x34 ./Drivers/STM32L4xx_HAL_Driver/Src/stm32l4xx_hal_rcc_ex.o
 .ARM.attributes
                0x00000453       0x34 ./Drivers/STM32L4xx_HAL_Driver/Src/stm32l4xx_hal_spi.o
 .ARM.attributes
                0x00000487       0x34 ./Drivers/STM32L4xx_HAL_Driver/Src/stm32l4xx_hal_tim.o
 .ARM.attributes
                0x000004bb       0x34 ./Drivers/STM32L4xx_HAL_Driver/Src/stm32l4xx_hal_tim_ex.o
 .ARM.attributes
                0x000004ef       0x34 ./Drivers/STM32L4xx_HAL_Driver/Src/stm32l4xx_hal_uart.o
 .ARM.attributes
                0x00000523       0x34 ./Drivers/STM32L4xx_HAL_Driver/Src/stm32l4xx_hal_uart_ex.o
 .ARM.attributes
                0x00000557       0x34 C:/ST/STM32CubeIDE_1.16.1/STM32CubeIDE/plugins/com.st.stm32cube.ide.mcu.externaltools.gnu-tools-for-stm32.12.3.rel1.win32_1.0.200.202406191623/tools/bin/../lib/gcc/arm-none-eabi/12.3.1/../../../../arm-none-eabi/lib/thumb/v7e-m+fp/hard\libc_nano.a(libc_a-memset.o)
 .ARM.attributes
                0x0000058b       0x34 C:/ST/STM32CubeIDE_1.16.1/STM32CubeIDE/plugins/com.st.stm32cube.ide.mcu.externaltools.gnu-tools-for-stm32.12.3.rel1.win32_1.0.200.202406191623/tools/bin/../lib/gcc/arm-none-eabi/12.3.1/../../../../arm-none-eabi/lib/thumb/v7e-m+fp/hard\libc_nano.a(libc_a-init.o)
 .ARM.attributes
                0x000005bf       0x22 C:/ST/STM32CubeIDE_1.16.1/STM32CubeIDE/plugins/com.st.stm32cube.ide.mcu.externaltools.gnu-tools-for-stm32.12.3.rel1.win32_1.0.200.202406191623/tools/bin/../lib/gcc/arm-none-eabi/12.3.1/thumb/v7e-m+fp/hard\libgcc.a(_aeabi_uldivmod.o)
 .ARM.attributes
                0x000005e1       0x34 C:/ST/STM32CubeIDE_1.16.1/STM32CubeIDE/plugins/com.st.stm32cube.ide.mcu.externaltools.gnu-tools-for-stm32.12.3.rel1.win32_1.0.200.202406191623/tools/bin/../lib/gcc/arm-none-eabi/12.3.1/thumb/v7e-m+fp/hard\libgcc.a(_udivmoddi4.o)
 .ARM.attributes
                0x00000615       0x22 C:/ST/STM32CubeIDE_1.16.1/STM32CubeIDE/plugins/com.st.stm32cube.ide.mcu.externaltools.gnu-tools-for-stm32.12.3.rel1.win32_1.0.200.202406191623/tools/bin/../lib/gcc/arm-none-eabi/12.3.1/thumb/v7e-m+fp/hard\libgcc.a(_dvmd_tls.o)
 .ARM.attributes
                0x00000637       0x22 C:/ST/STM32CubeIDE_1.16.1/STM32CubeIDE/plugins/com.st.stm32cube.ide.mcu.externaltools.gnu-tools-for-stm32.12.3.rel1.win32_1.0.200.202406191623/tools/bin/../lib/gcc/arm-none-eabi/12.3.1/thumb/v7e-m+fp/hard/crtn.o
OUTPUT(SS_MOCK_V2.elf elf32-littlearm)
LOAD linker stubs
LOAD C:/ST/STM32CubeIDE_1.16.1/STM32CubeIDE/plugins/com.st.stm32cube.ide.mcu.externaltools.gnu-tools-for-stm32.12.3.rel1.win32_1.0.200.202406191623/tools/bin/../lib/gcc/arm-none-eabi/12.3.1/../../../../arm-none-eabi/lib/thumb/v7e-m+fp/hard\libc.a
LOAD C:/ST/STM32CubeIDE_1.16.1/STM32CubeIDE/plugins/com.st.stm32cube.ide.mcu.externaltools.gnu-tools-for-stm32.12.3.rel1.win32_1.0.200.202406191623/tools/bin/../lib/gcc/arm-none-eabi/12.3.1/../../../../arm-none-eabi/lib/thumb/v7e-m+fp/hard\libm.a
LOAD C:/ST/STM32CubeIDE_1.16.1/STM32CubeIDE/plugins/com.st.stm32cube.ide.mcu.externaltools.gnu-tools-for-stm32.12.3.rel1.win32_1.0.200.202406191623/tools/bin/../lib/gcc/arm-none-eabi/12.3.1/thumb/v7e-m+fp/hard\libgcc.a

.debug_info     0x00000000    0x1f00e
 .debug_info    0x00000000      0xd9b ./Core/Src/bno055.o
 .debug_info    0x00000d9b     0x2ee1 ./Core/Src/main.o
 .debug_info    0x00003c7c      0x8f5 ./Core/Src/motordrivers.o
 .debug_info    0x00004571      0x770 ./Core/Src/motorencoder.o
 .debug_info    0x00004ce1     0x2a7d ./Core/Src/stm32l4xx_hal_msp.o
 .debug_info    0x0000775e      0x708 ./Core/Src/stm32l4xx_it.o
 .debug_info    0x00007e66      0x5cd ./Core/Src/system_stm32l4xx.o
 .debug_info    0x00008433       0x30 ./Core/Startup/startup_stm32l496zgtx.o
 .debug_info    0x00008463      0xb4b ./Drivers/STM32L4xx_HAL_Driver/Src/stm32l4xx_hal.o
 .debug_info    0x00008fae     0x1dfb ./Drivers/STM32L4xx_HAL_Driver/Src/stm32l4xx_hal_adc.o
 .debug_info    0x0000ada9     0x1b67 ./Drivers/STM32L4xx_HAL_Driver/Src/stm32l4xx_hal_adc_ex.o
 .debug_info    0x0000c910      0xf17 ./Drivers/STM32L4xx_HAL_Driver/Src/stm32l4xx_hal_can.o
 .debug_info    0x0000d827      0xdb7 ./Drivers/STM32L4xx_HAL_Driver/Src/stm32l4xx_hal_cortex.o
 .debug_info    0x0000e5de      0x76f ./Drivers/STM32L4xx_HAL_Driver/Src/stm32l4xx_hal_gpio.o
 .debug_info    0x0000ed4d     0x20d2 ./Drivers/STM32L4xx_HAL_Driver/Src/stm32l4xx_hal_i2c.o
 .debug_info    0x00010e1f      0x999 ./Drivers/STM32L4xx_HAL_Driver/Src/stm32l4xx_hal_i2c_ex.o
 .debug_info    0x000117b8      0x996 ./Drivers/STM32L4xx_HAL_Driver/Src/stm32l4xx_hal_pwr_ex.o
 .debug_info    0x0001214e     0x11bf ./Drivers/STM32L4xx_HAL_Driver/Src/stm32l4xx_hal_qspi.o
 .debug_info    0x0001330d      0xc3b ./Drivers/STM32L4xx_HAL_Driver/Src/stm32l4xx_hal_rcc.o
 .debug_info    0x00013f48     0x10c1 ./Drivers/STM32L4xx_HAL_Driver/Src/stm32l4xx_hal_rcc_ex.o
 .debug_info    0x00015009     0x1549 ./Drivers/STM32L4xx_HAL_Driver/Src/stm32l4xx_hal_spi.o
 .debug_info    0x00016552     0x2a9a ./Drivers/STM32L4xx_HAL_Driver/Src/stm32l4xx_hal_tim.o
 .debug_info    0x00018fec     0x169e ./Drivers/STM32L4xx_HAL_Driver/Src/stm32l4xx_hal_tim_ex.o
 .debug_info    0x0001a68a     0x3b85 ./Drivers/STM32L4xx_HAL_Driver/Src/stm32l4xx_hal_uart.o
 .debug_info    0x0001e20f      0xdff ./Drivers/STM32L4xx_HAL_Driver/Src/stm32l4xx_hal_uart_ex.o

.debug_abbrev   0x00000000     0x3951
 .debug_abbrev  0x00000000      0x2c2 ./Core/Src/bno055.o
 .debug_abbrev  0x000002c2      0x38b ./Core/Src/main.o
 .debug_abbrev  0x0000064d      0x1c1 ./Core/Src/motordrivers.o
 .debug_abbrev  0x0000080e      0x1ab ./Core/Src/motorencoder.o
 .debug_abbrev  0x000009b9      0x29c ./Core/Src/stm32l4xx_hal_msp.o
 .debug_abbrev  0x00000c55      0x193 ./Core/Src/stm32l4xx_it.o
 .debug_abbrev  0x00000de8      0x11a ./Core/Src/system_stm32l4xx.o
 .debug_abbrev  0x00000f02       0x24 ./Core/Startup/startup_stm32l496zgtx.o
 .debug_abbrev  0x00000f26      0x242 ./Drivers/STM32L4xx_HAL_Driver/Src/stm32l4xx_hal.o
 .debug_abbrev  0x00001168      0x2de ./Drivers/STM32L4xx_HAL_Driver/Src/stm32l4xx_hal_adc.o
 .debug_abbrev  0x00001446      0x2f1 ./Drivers/STM32L4xx_HAL_Driver/Src/stm32l4xx_hal_adc_ex.o
 .debug_abbrev  0x00001737      0x26f ./Drivers/STM32L4xx_HAL_Driver/Src/stm32l4xx_hal_can.o
 .debug_abbrev  0x000019a6      0x31c ./Drivers/STM32L4xx_HAL_Driver/Src/stm32l4xx_hal_cortex.o
 .debug_abbrev  0x00001cc2      0x1cb ./Drivers/STM32L4xx_HAL_Driver/Src/stm32l4xx_hal_gpio.o
 .debug_abbrev  0x00001e8d      0x261 ./Drivers/STM32L4xx_HAL_Driver/Src/stm32l4xx_hal_i2c.o
 .debug_abbrev  0x000020ee      0x1c3 ./Drivers/STM32L4xx_HAL_Driver/Src/stm32l4xx_hal_i2c_ex.o
 .debug_abbrev  0x000022b1      0x1f9 ./Drivers/STM32L4xx_HAL_Driver/Src/stm32l4xx_hal_pwr_ex.o
 .debug_abbrev  0x000024aa      0x250 ./Drivers/STM32L4xx_HAL_Driver/Src/stm32l4xx_hal_qspi.o
 .debug_abbrev  0x000026fa      0x2cb ./Drivers/STM32L4xx_HAL_Driver/Src/stm32l4xx_hal_rcc.o
 .debug_abbrev  0x000029c5      0x2a3 ./Drivers/STM32L4xx_HAL_Driver/Src/stm32l4xx_hal_rcc_ex.o
 .debug_abbrev  0x00002c68      0x260 ./Drivers/STM32L4xx_HAL_Driver/Src/stm32l4xx_hal_spi.o
 .debug_abbrev  0x00002ec8      0x278 ./Drivers/STM32L4xx_HAL_Driver/Src/stm32l4xx_hal_tim.o
 .debug_abbrev  0x00003140      0x283 ./Drivers/STM32L4xx_HAL_Driver/Src/stm32l4xx_hal_tim_ex.o
 .debug_abbrev  0x000033c3      0x2d0 ./Drivers/STM32L4xx_HAL_Driver/Src/stm32l4xx_hal_uart.o
 .debug_abbrev  0x00003693      0x2be ./Drivers/STM32L4xx_HAL_Driver/Src/stm32l4xx_hal_uart_ex.o

.debug_aranges  0x00000000     0x1c40
 .debug_aranges
                0x00000000       0xa8 ./Core/Src/bno055.o
 .debug_aranges
                0x000000a8       0xe8 ./Core/Src/main.o
 .debug_aranges
                0x00000190       0x28 ./Core/Src/motordrivers.o
 .debug_aranges
                0x000001b8       0x30 ./Core/Src/motorencoder.o
 .debug_aranges
                0x000001e8       0xc8 ./Core/Src/stm32l4xx_hal_msp.o
 .debug_aranges
                0x000002b0       0x68 ./Core/Src/stm32l4xx_it.o
 .debug_aranges
                0x00000318       0x28 ./Core/Src/system_stm32l4xx.o
 .debug_aranges
                0x00000340       0x28 ./Core/Startup/startup_stm32l496zgtx.o
 .debug_aranges
                0x00000368      0x130 ./Drivers/STM32L4xx_HAL_Driver/Src/stm32l4xx_hal.o
 .debug_aranges
                0x00000498      0x228 ./Drivers/STM32L4xx_HAL_Driver/Src/stm32l4xx_hal_adc.o
 .debug_aranges
                0x000006c0      0x1b0 ./Drivers/STM32L4xx_HAL_Driver/Src/stm32l4xx_hal_adc_ex.o
 .debug_aranges
                0x00000870      0x138 ./Drivers/STM32L4xx_HAL_Driver/Src/stm32l4xx_hal_can.o
 .debug_aranges
                0x000009a8      0x128 ./Drivers/STM32L4xx_HAL_Driver/Src/stm32l4xx_hal_cortex.o
 .debug_aranges
                0x00000ad0       0x58 ./Drivers/STM32L4xx_HAL_Driver/Src/stm32l4xx_hal_gpio.o
 .debug_aranges
                0x00000b28      0x2a0 ./Drivers/STM32L4xx_HAL_Driver/Src/stm32l4xx_hal_i2c.o
 .debug_aranges
                0x00000dc8       0x48 ./Drivers/STM32L4xx_HAL_Driver/Src/stm32l4xx_hal_i2c_ex.o
 .debug_aranges
                0x00000e10      0x150 ./Drivers/STM32L4xx_HAL_Driver/Src/stm32l4xx_hal_pwr_ex.o
 .debug_aranges
                0x00000f60      0x168 ./Drivers/STM32L4xx_HAL_Driver/Src/stm32l4xx_hal_qspi.o
 .debug_aranges
                0x000010c8       0x90 ./Drivers/STM32L4xx_HAL_Driver/Src/stm32l4xx_hal_rcc.o
 .debug_aranges
                0x00001158      0x108 ./Drivers/STM32L4xx_HAL_Driver/Src/stm32l4xx_hal_rcc_ex.o
 .debug_aranges
                0x00001260      0x1d8 ./Drivers/STM32L4xx_HAL_Driver/Src/stm32l4xx_hal_spi.o
 .debug_aranges
                0x00001438      0x3e0 ./Drivers/STM32L4xx_HAL_Driver/Src/stm32l4xx_hal_tim.o
 .debug_aranges
                0x00001818      0x180 ./Drivers/STM32L4xx_HAL_Driver/Src/stm32l4xx_hal_tim_ex.o
 .debug_aranges
                0x00001998      0x228 ./Drivers/STM32L4xx_HAL_Driver/Src/stm32l4xx_hal_uart.o
 .debug_aranges
                0x00001bc0       0x80 ./Drivers/STM32L4xx_HAL_Driver/Src/stm32l4xx_hal_uart_ex.o

.debug_rnglists
                0x00000000     0x163a
 .debug_rnglists
                0x00000000       0x82 ./Core/Src/bno055.o
 .debug_rnglists
                0x00000082       0xb7 ./Core/Src/main.o
 .debug_rnglists
                0x00000139       0x1b ./Core/Src/motordrivers.o
 .debug_rnglists
                0x00000154       0x20 ./Core/Src/motorencoder.o
 .debug_rnglists
                0x00000174       0x9d ./Core/Src/stm32l4xx_hal_msp.o
 .debug_rnglists
                0x00000211       0x49 ./Core/Src/stm32l4xx_it.o
 .debug_rnglists
                0x0000025a       0x1a ./Core/Src/system_stm32l4xx.o
 .debug_rnglists
                0x00000274       0x19 ./Core/Startup/startup_stm32l496zgtx.o
 .debug_rnglists
                0x0000028d       0xdf ./Drivers/STM32L4xx_HAL_Driver/Src/stm32l4xx_hal.o
 .debug_rnglists
                0x0000036c      0x1b7 ./Drivers/STM32L4xx_HAL_Driver/Src/stm32l4xx_hal_adc.o
 .debug_rnglists
                0x00000523      0x14e ./Drivers/STM32L4xx_HAL_Driver/Src/stm32l4xx_hal_adc_ex.o
 .debug_rnglists
                0x00000671       0xee ./Drivers/STM32L4xx_HAL_Driver/Src/stm32l4xx_hal_can.o
 .debug_rnglists
                0x0000075f       0xda ./Drivers/STM32L4xx_HAL_Driver/Src/stm32l4xx_hal_cortex.o
 .debug_rnglists
                0x00000839       0x3f ./Drivers/STM32L4xx_HAL_Driver/Src/stm32l4xx_hal_gpio.o
 .debug_rnglists
                0x00000878      0x228 ./Drivers/STM32L4xx_HAL_Driver/Src/stm32l4xx_hal_i2c.o
 .debug_rnglists
                0x00000aa0       0x35 ./Drivers/STM32L4xx_HAL_Driver/Src/stm32l4xx_hal_i2c_ex.o
 .debug_rnglists
                0x00000ad5       0xfd ./Drivers/STM32L4xx_HAL_Driver/Src/stm32l4xx_hal_pwr_ex.o
 .debug_rnglists
                0x00000bd2      0x119 ./Drivers/STM32L4xx_HAL_Driver/Src/stm32l4xx_hal_qspi.o
 .debug_rnglists
                0x00000ceb       0x6d ./Drivers/STM32L4xx_HAL_Driver/Src/stm32l4xx_hal_rcc.o
 .debug_rnglists
                0x00000d58       0xce ./Drivers/STM32L4xx_HAL_Driver/Src/stm32l4xx_hal_rcc_ex.o
 .debug_rnglists
                0x00000e26      0x178 ./Drivers/STM32L4xx_HAL_Driver/Src/stm32l4xx_hal_spi.o
 .debug_rnglists
                0x00000f9e      0x328 ./Drivers/STM32L4xx_HAL_Driver/Src/stm32l4xx_hal_tim.o
 .debug_rnglists
                0x000012c6      0x139 ./Drivers/STM32L4xx_HAL_Driver/Src/stm32l4xx_hal_tim_ex.o
 .debug_rnglists
                0x000013ff      0x1db ./Drivers/STM32L4xx_HAL_Driver/Src/stm32l4xx_hal_uart.o
 .debug_rnglists
                0x000015da       0x60 ./Drivers/STM32L4xx_HAL_Driver/Src/stm32l4xx_hal_uart_ex.o

.debug_macro    0x00000000     0x472f
 .debug_macro   0x00000000      0x304 ./Core/Src/bno055.o
 .debug_macro   0x00000304       0x2a ./Core/Src/bno055.o
 .debug_macro   0x0000032e       0x61 ./Core/Src/bno055.o
 .debug_macro   0x0000038f       0x43 ./Core/Src/bno055.o
 .debug_macro   0x000003d2       0x34 ./Core/Src/bno055.o
 .debug_macro   0x00000406       0x16 ./Core/Src/bno055.o
 .debug_macro   0x0000041c      0x11c ./Core/Src/bno055.o
 .debug_macro   0x00000538       0x94 ./Core/Src/bno055.o
 .debug_macro   0x000005cc       0x16 ./Core/Src/bno055.o
 .debug_macro   0x000005e2       0x43 ./Core/Src/bno055.o
 .debug_macro   0x00000625       0x34 ./Core/Src/bno055.o
 .debug_macro   0x00000659       0x10 ./Core/Src/bno055.o
 .debug_macro   0x00000669       0x58 ./Core/Src/bno055.o
 .debug_macro   0x000006c1       0x8e ./Core/Src/bno055.o
 .debug_macro   0x0000074f       0x1c ./Core/Src/bno055.o
 .debug_macro   0x0000076b      0x177 ./Core/Src/bno055.o
 .debug_macro   0x000008e2      0x369 ./Core/Src/bno055.o
 .debug_macro   0x00000c4b       0x16 ./Core/Src/bno055.o
 .debug_macro   0x00000c61       0x29 ./Core/Src/bno055.o
 .debug_macro   0x00000c8a       0x56 ./Core/Src/bno055.o
 .debug_macro   0x00000ce0      0x3b5 ./Core/Src/bno055.o
 .debug_macro   0x00001095      0x32a ./Core/Src/main.o
 .debug_macro   0x000013bf      0x178 ./Core/Src/main.o
 .debug_macro   0x00001537       0x35 ./Core/Src/main.o
 .debug_macro   0x0000156c      0x235 ./Core/Src/motordrivers.o
 .debug_macro   0x000017a1      0x22f ./Core/Src/motorencoder.o
 .debug_macro   0x000019d0      0x234 ./Core/Src/stm32l4xx_hal_msp.o
 .debug_macro   0x00001c04      0x23e ./Core/Src/stm32l4xx_it.o
 .debug_macro   0x00001e42      0x225 ./Core/Src/system_stm32l4xx.o
 .debug_macro   0x00002067      0x273 ./Drivers/STM32L4xx_HAL_Driver/Src/stm32l4xx_hal.o
 .debug_macro   0x000022da      0x242 ./Drivers/STM32L4xx_HAL_Driver/Src/stm32l4xx_hal_adc.o
 .debug_macro   0x0000251c      0x231 ./Drivers/STM32L4xx_HAL_Driver/Src/stm32l4xx_hal_adc_ex.o
 .debug_macro   0x0000274d      0x234 ./Drivers/STM32L4xx_HAL_Driver/Src/stm32l4xx_hal_can.o
 .debug_macro   0x00002981      0x225 ./Drivers/STM32L4xx_HAL_Driver/Src/stm32l4xx_hal_cortex.o
 .debug_macro   0x00002ba6      0x22c ./Drivers/STM32L4xx_HAL_Driver/Src/stm32l4xx_hal_gpio.o
 .debug_macro   0x00002dd2      0x2f1 ./Drivers/STM32L4xx_HAL_Driver/Src/stm32l4xx_hal_i2c.o
 .debug_macro   0x000030c3      0x225 ./Drivers/STM32L4xx_HAL_Driver/Src/stm32l4xx_hal_i2c_ex.o
 .debug_macro   0x000032e8      0x24f ./Drivers/STM32L4xx_HAL_Driver/Src/stm32l4xx_hal_pwr_ex.o
 .debug_macro   0x00003537      0x249 ./Drivers/STM32L4xx_HAL_Driver/Src/stm32l4xx_hal_qspi.o
 .debug_macro   0x00003780      0x267 ./Drivers/STM32L4xx_HAL_Driver/Src/stm32l4xx_hal_rcc.o
 .debug_macro   0x000039e7      0x25b ./Drivers/STM32L4xx_HAL_Driver/Src/stm32l4xx_hal_rcc_ex.o
 .debug_macro   0x00003c42      0x22d ./Drivers/STM32L4xx_HAL_Driver/Src/stm32l4xx_hal_spi.o
 .debug_macro   0x00003e6f      0x226 ./Drivers/STM32L4xx_HAL_Driver/Src/stm32l4xx_hal_tim.o
 .debug_macro   0x00004095      0x225 ./Drivers/STM32L4xx_HAL_Driver/Src/stm32l4xx_hal_tim_ex.o
 .debug_macro   0x000042ba      0x250 ./Drivers/STM32L4xx_HAL_Driver/Src/stm32l4xx_hal_uart.o
 .debug_macro   0x0000450a      0x225 ./Drivers/STM32L4xx_HAL_Driver/Src/stm32l4xx_hal_uart_ex.o

.debug_line     0x00000000    0x21625
 .debug_line    0x00000000      0xe34 ./Core/Src/bno055.o
 .debug_line    0x00000e34     0x1216 ./Core/Src/main.o
 .debug_line    0x0000204a      0x943 ./Core/Src/motordrivers.o
 .debug_line    0x0000298d      0x89e ./Core/Src/motorencoder.o
 .debug_line    0x0000322b      0xdb5 ./Core/Src/stm32l4xx_hal_msp.o
 .debug_line    0x00003fe0      0x902 ./Core/Src/stm32l4xx_it.o
 .debug_line    0x000048e2      0x8c2 ./Core/Src/system_stm32l4xx.o
 .debug_line    0x000051a4       0x7a ./Core/Startup/startup_stm32l496zgtx.o
 .debug_line    0x0000521e      0xc1d ./Drivers/STM32L4xx_HAL_Driver/Src/stm32l4xx_hal.o
 .debug_line    0x00005e3b     0x2062 ./Drivers/STM32L4xx_HAL_Driver/Src/stm32l4xx_hal_adc.o
 .debug_line    0x00007e9d     0x1a6c ./Drivers/STM32L4xx_HAL_Driver/Src/stm32l4xx_hal_adc_ex.o
 .debug_line    0x00009909     0x12c2 ./Drivers/STM32L4xx_HAL_Driver/Src/stm32l4xx_hal_can.o
 .debug_line    0x0000abcb      0xde6 ./Drivers/STM32L4xx_HAL_Driver/Src/stm32l4xx_hal_cortex.o
 .debug_line    0x0000b9b1      0xc91 ./Drivers/STM32L4xx_HAL_Driver/Src/stm32l4xx_hal_gpio.o
 .debug_line    0x0000c642     0x3b50 ./Drivers/STM32L4xx_HAL_Driver/Src/stm32l4xx_hal_i2c.o
 .debug_line    0x00010192      0xa45 ./Drivers/STM32L4xx_HAL_Driver/Src/stm32l4xx_hal_i2c_ex.o
 .debug_line    0x00010bd7      0xde9 ./Drivers/STM32L4xx_HAL_Driver/Src/stm32l4xx_hal_pwr_ex.o
 .debug_line    0x000119c0     0x15a5 ./Drivers/STM32L4xx_HAL_Driver/Src/stm32l4xx_hal_qspi.o
 .debug_line    0x00012f65     0x10de ./Drivers/STM32L4xx_HAL_Driver/Src/stm32l4xx_hal_rcc.o
 .debug_line    0x00014043     0x185b ./Drivers/STM32L4xx_HAL_Driver/Src/stm32l4xx_hal_rcc_ex.o
 .debug_line    0x0001589e     0x20f3 ./Drivers/STM32L4xx_HAL_Driver/Src/stm32l4xx_hal_spi.o
 .debug_line    0x00017991     0x3f2c ./Drivers/STM32L4xx_HAL_Driver/Src/stm32l4xx_hal_tim.o
 .debug_line    0x0001b8bd     0x1d16 ./Drivers/STM32L4xx_HAL_Driver/Src/stm32l4xx_hal_tim_ex.o
 .debug_line    0x0001d5d3     0x332f ./Drivers/STM32L4xx_HAL_Driver/Src/stm32l4xx_hal_uart.o
 .debug_line    0x00020902      0xd23 ./Drivers/STM32L4xx_HAL_Driver/Src/stm32l4xx_hal_uart_ex.o

.debug_str      0x00000000   0x11f332
 .debug_str     0x00000000   0x1163b3 ./Core/Src/bno055.o
                             0x116958 (size before relaxing)
 .debug_str     0x001163b3     0x1edb ./Core/Src/main.o
                             0x1187c7 (size before relaxing)
 .debug_str     0x0011828e       0x8d ./Core/Src/motordrivers.o
                             0x1125ca (size before relaxing)
 .debug_str     0x0011831b       0x31 ./Core/Src/motorencoder.o
                             0x11250c (size before relaxing)
 .debug_str     0x0011834c      0x966 ./Core/Src/stm32l4xx_hal_msp.o
                             0x1142ab (size before relaxing)
 .debug_str     0x00118cb2       0xec ./Core/Src/stm32l4xx_it.o
                             0x112a8c (size before relaxing)
 .debug_str     0x00118d9e       0xf2 ./Core/Src/system_stm32l4xx.o
                             0x112166 (size before relaxing)
 .debug_str     0x00118e90       0x44 ./Core/Startup/startup_stm32l496zgtx.o
                                 0x90 (size before relaxing)
 .debug_str     0x00118ed4      0x636 ./Drivers/STM32L4xx_HAL_Driver/Src/stm32l4xx_hal.o
                             0x112d6e (size before relaxing)
 .debug_str     0x0011950a      0xaa5 ./Drivers/STM32L4xx_HAL_Driver/Src/stm32l4xx_hal_adc.o
                             0x112fe8 (size before relaxing)
 .debug_str     0x00119faf      0x665 ./Drivers/STM32L4xx_HAL_Driver/Src/stm32l4xx_hal_adc_ex.o
                             0x112f91 (size before relaxing)
 .debug_str     0x0011a614      0x576 ./Drivers/STM32L4xx_HAL_Driver/Src/stm32l4xx_hal_can.o
                             0x1127ef (size before relaxing)
 .debug_str     0x0011ab8a      0x34b ./Drivers/STM32L4xx_HAL_Driver/Src/stm32l4xx_hal_cortex.o
                             0x112a41 (size before relaxing)
 .debug_str     0x0011aed5      0x123 ./Drivers/STM32L4xx_HAL_Driver/Src/stm32l4xx_hal_gpio.o
                             0x1122e0 (size before relaxing)
 .debug_str     0x0011aff8      0xdba ./Drivers/STM32L4xx_HAL_Driver/Src/stm32l4xx_hal_i2c.o
                             0x11335a (size before relaxing)
 .debug_str     0x0011bdb2       0xb8 ./Drivers/STM32L4xx_HAL_Driver/Src/stm32l4xx_hal_i2c_ex.o
                             0x112679 (size before relaxing)
 .debug_str     0x0011be6a      0x4d4 ./Drivers/STM32L4xx_HAL_Driver/Src/stm32l4xx_hal_pwr_ex.o
                             0x1126b5 (size before relaxing)
 .debug_str     0x0011c33e      0x6b9 ./Drivers/STM32L4xx_HAL_Driver/Src/stm32l4xx_hal_qspi.o
                             0x112aba (size before relaxing)
 .debug_str     0x0011c9f7      0x3a1 ./Drivers/STM32L4xx_HAL_Driver/Src/stm32l4xx_hal_rcc.o
                             0x1127b3 (size before relaxing)
 .debug_str     0x0011cd98      0x588 ./Drivers/STM32L4xx_HAL_Driver/Src/stm32l4xx_hal_rcc_ex.o
                             0x112b4e (size before relaxing)
 .debug_str     0x0011d320      0x51f ./Drivers/STM32L4xx_HAL_Driver/Src/stm32l4xx_hal_spi.o
                             0x112974 (size before relaxing)
 .debug_str     0x0011d83f      0xbca ./Drivers/STM32L4xx_HAL_Driver/Src/stm32l4xx_hal_tim.o
                             0x113499 (size before relaxing)
 .debug_str     0x0011e409      0x4a5 ./Drivers/STM32L4xx_HAL_Driver/Src/stm32l4xx_hal_tim_ex.o
                             0x112dad (size before relaxing)
 .debug_str     0x0011e8ae      0x89e ./Drivers/STM32L4xx_HAL_Driver/Src/stm32l4xx_hal_uart.o
                             0x112ebe (size before relaxing)
 .debug_str     0x0011f14c      0x1e6 ./Drivers/STM32L4xx_HAL_Driver/Src/stm32l4xx_hal_uart_ex.o
                             0x1126dd (size before relaxing)

.comment        0x00000000       0x43
 .comment       0x00000000       0x43 ./Core/Src/bno055.o
                                 0x44 (size before relaxing)
 .comment       0x00000043       0x44 ./Core/Src/main.o
 .comment       0x00000043       0x44 ./Core/Src/motordrivers.o
 .comment       0x00000043       0x44 ./Core/Src/motorencoder.o
 .comment       0x00000043       0x44 ./Core/Src/stm32l4xx_hal_msp.o
 .comment       0x00000043       0x44 ./Core/Src/stm32l4xx_it.o
 .comment       0x00000043       0x44 ./Core/Src/system_stm32l4xx.o
 .comment       0x00000043       0x44 ./Drivers/STM32L4xx_HAL_Driver/Src/stm32l4xx_hal.o
 .comment       0x00000043       0x44 ./Drivers/STM32L4xx_HAL_Driver/Src/stm32l4xx_hal_adc.o
 .comment       0x00000043       0x44 ./Drivers/STM32L4xx_HAL_Driver/Src/stm32l4xx_hal_adc_ex.o
 .comment       0x00000043       0x44 ./Drivers/STM32L4xx_HAL_Driver/Src/stm32l4xx_hal_can.o
 .comment       0x00000043       0x44 ./Drivers/STM32L4xx_HAL_Driver/Src/stm32l4xx_hal_cortex.o
 .comment       0x00000043       0x44 ./Drivers/STM32L4xx_HAL_Driver/Src/stm32l4xx_hal_gpio.o
 .comment       0x00000043       0x44 ./Drivers/STM32L4xx_HAL_Driver/Src/stm32l4xx_hal_i2c.o
 .comment       0x00000043       0x44 ./Drivers/STM32L4xx_HAL_Driver/Src/stm32l4xx_hal_i2c_ex.o
 .comment       0x00000043       0x44 ./Drivers/STM32L4xx_HAL_Driver/Src/stm32l4xx_hal_pwr_ex.o
 .comment       0x00000043       0x44 ./Drivers/STM32L4xx_HAL_Driver/Src/stm32l4xx_hal_qspi.o
 .comment       0x00000043       0x44 ./Drivers/STM32L4xx_HAL_Driver/Src/stm32l4xx_hal_rcc.o
 .comment       0x00000043       0x44 ./Drivers/STM32L4xx_HAL_Driver/Src/stm32l4xx_hal_rcc_ex.o
 .comment       0x00000043       0x44 ./Drivers/STM32L4xx_HAL_Driver/Src/stm32l4xx_hal_spi.o
 .comment       0x00000043       0x44 ./Drivers/STM32L4xx_HAL_Driver/Src/stm32l4xx_hal_tim.o
 .comment       0x00000043       0x44 ./Drivers/STM32L4xx_HAL_Driver/Src/stm32l4xx_hal_tim_ex.o
 .comment       0x00000043       0x44 ./Drivers/STM32L4xx_HAL_Driver/Src/stm32l4xx_hal_uart.o
 .comment       0x00000043       0x44 ./Drivers/STM32L4xx_HAL_Driver/Src/stm32l4xx_hal_uart_ex.o

.debug_frame    0x00000000     0x7b14
 .debug_frame   0x00000000      0x2a0 ./Core/Src/bno055.o
 .debug_frame   0x000002a0      0x354 ./Core/Src/main.o
 .debug_frame   0x000005f4       0x5c ./Core/Src/motordrivers.o
 .debug_frame   0x00000650       0x84 ./Core/Src/motorencoder.o
 .debug_frame   0x000006d4      0x340 ./Core/Src/stm32l4xx_hal_msp.o
 .debug_frame   0x00000a14      0x120 ./Core/Src/stm32l4xx_it.o
 .debug_frame   0x00000b34       0x58 ./Core/Src/system_stm32l4xx.o
 .debug_frame   0x00000b8c      0x498 ./Drivers/STM32L4xx_HAL_Driver/Src/stm32l4xx_hal.o
 .debug_frame   0x00001024      0xa2c ./Drivers/STM32L4xx_HAL_Driver/Src/stm32l4xx_hal_adc.o
 .debug_frame   0x00001a50      0x7cc ./Drivers/STM32L4xx_HAL_Driver/Src/stm32l4xx_hal_adc_ex.o
 .debug_frame   0x0000221c      0x5a0 ./Drivers/STM32L4xx_HAL_Driver/Src/stm32l4xx_hal_can.o
 .debug_frame   0x000027bc      0x4e8 ./Drivers/STM32L4xx_HAL_Driver/Src/stm32l4xx_hal_cortex.o
 .debug_frame   0x00002ca4      0x14c ./Drivers/STM32L4xx_HAL_Driver/Src/stm32l4xx_hal_gpio.o
 .debug_frame   0x00002df0      0xc38 ./Drivers/STM32L4xx_HAL_Driver/Src/stm32l4xx_hal_i2c.o
 .debug_frame   0x00003a28      0x100 ./Drivers/STM32L4xx_HAL_Driver/Src/stm32l4xx_hal_i2c_ex.o
 .debug_frame   0x00003b28      0x544 ./Drivers/STM32L4xx_HAL_Driver/Src/stm32l4xx_hal_pwr_ex.o
 .debug_frame   0x0000406c      0x680 ./Drivers/STM32L4xx_HAL_Driver/Src/stm32l4xx_hal_qspi.o
 .debug_frame   0x000046ec      0x21c ./Drivers/STM32L4xx_HAL_Driver/Src/stm32l4xx_hal_rcc.o
 .debug_frame   0x00004908      0x43c ./Drivers/STM32L4xx_HAL_Driver/Src/stm32l4xx_hal_rcc_ex.o
 .debug_frame   0x00004d44      0x860 ./Drivers/STM32L4xx_HAL_Driver/Src/stm32l4xx_hal_spi.o
 .debug_frame   0x000055a4     0x121c ./Drivers/STM32L4xx_HAL_Driver/Src/stm32l4xx_hal_tim.o
 .debug_frame   0x000067c0      0x6b0 ./Drivers/STM32L4xx_HAL_Driver/Src/stm32l4xx_hal_tim_ex.o
 .debug_frame   0x00006e70      0x9f4 ./Drivers/STM32L4xx_HAL_Driver/Src/stm32l4xx_hal_uart.o
 .debug_frame   0x00007864      0x204 ./Drivers/STM32L4xx_HAL_Driver/Src/stm32l4xx_hal_uart_ex.o
 .debug_frame   0x00007a68       0x20 C:/ST/STM32CubeIDE_1.16.1/STM32CubeIDE/plugins/com.st.stm32cube.ide.mcu.externaltools.gnu-tools-for-stm32.12.3.rel1.win32_1.0.200.202406191623/tools/bin/../lib/gcc/arm-none-eabi/12.3.1/../../../../arm-none-eabi/lib/thumb/v7e-m+fp/hard\libc_nano.a(libc_a-memset.o)
 .debug_frame   0x00007a88       0x2c C:/ST/STM32CubeIDE_1.16.1/STM32CubeIDE/plugins/com.st.stm32cube.ide.mcu.externaltools.gnu-tools-for-stm32.12.3.rel1.win32_1.0.200.202406191623/tools/bin/../lib/gcc/arm-none-eabi/12.3.1/../../../../arm-none-eabi/lib/thumb/v7e-m+fp/hard\libc_nano.a(libc_a-init.o)
 .debug_frame   0x00007ab4       0x2c C:/ST/STM32CubeIDE_1.16.1/STM32CubeIDE/plugins/com.st.stm32cube.ide.mcu.externaltools.gnu-tools-for-stm32.12.3.rel1.win32_1.0.200.202406191623/tools/bin/../lib/gcc/arm-none-eabi/12.3.1/thumb/v7e-m+fp/hard\libgcc.a(_aeabi_uldivmod.o)
 .debug_frame   0x00007ae0       0x34 C:/ST/STM32CubeIDE_1.16.1/STM32CubeIDE/plugins/com.st.stm32cube.ide.mcu.externaltools.gnu-tools-for-stm32.12.3.rel1.win32_1.0.200.202406191623/tools/bin/../lib/gcc/arm-none-eabi/12.3.1/thumb/v7e-m+fp/hard\libgcc.a(_udivmoddi4.o)

.debug_line_str
                0x00000000       0x74
 .debug_line_str
                0x00000000       0x74 ./Core/Startup/startup_stm32l496zgtx.o
