Archive member included to satisfy reference by file (symbol)

C:/ST/STM32CubeIDE_1.16.1/STM32CubeIDE/plugins/com.st.stm32cube.ide.mcu.externaltools.gnu-tools-for-stm32.13.3.rel1.win32_1.0.0.202411081344/tools/bin/../lib/gcc/arm-none-eabi/13.3.1/../../../../arm-none-eabi/lib/thumb/v7e-m+fp/hard\libc_nano.a(libc_a-exit.o)
                              C:/ST/STM32CubeIDE_1.16.1/STM32CubeIDE/plugins/com.st.stm32cube.ide.mcu.externaltools.gnu-tools-for-stm32.13.3.rel1.win32_1.0.0.202411081344/tools/bin/../lib/gcc/arm-none-eabi/13.3.1/../../../../arm-none-eabi/lib/thumb/v7e-m+fp/hard/crt0.o (exit)
C:/ST/STM32CubeIDE_1.16.1/STM32CubeIDE/plugins/com.st.stm32cube.ide.mcu.externaltools.gnu-tools-for-stm32.13.3.rel1.win32_1.0.0.202411081344/tools/bin/../lib/gcc/arm-none-eabi/13.3.1/../../../../arm-none-eabi/lib/thumb/v7e-m+fp/hard\libc_nano.a(libc_a-findfp.o)
                              C:/ST/STM32CubeIDE_1.16.1/STM32CubeIDE/plugins/com.st.stm32cube.ide.mcu.externaltools.gnu-tools-for-stm32.13.3.rel1.win32_1.0.0.202411081344/tools/bin/../lib/gcc/arm-none-eabi/13.3.1/../../../../arm-none-eabi/lib/thumb/v7e-m+fp/hard\libc_nano.a(libc_a-exit.o) (__stdio_exit_handler)
C:/ST/STM32CubeIDE_1.16.1/STM32CubeIDE/plugins/com.st.stm32cube.ide.mcu.externaltools.gnu-tools-for-stm32.13.3.rel1.win32_1.0.0.202411081344/tools/bin/../lib/gcc/arm-none-eabi/13.3.1/../../../../arm-none-eabi/lib/thumb/v7e-m+fp/hard\libc_nano.a(libc_a-fwalk.o)
                              C:/ST/STM32CubeIDE_1.16.1/STM32CubeIDE/plugins/com.st.stm32cube.ide.mcu.externaltools.gnu-tools-for-stm32.13.3.rel1.win32_1.0.0.202411081344/tools/bin/../lib/gcc/arm-none-eabi/13.3.1/../../../../arm-none-eabi/lib/thumb/v7e-m+fp/hard\libc_nano.a(libc_a-findfp.o) (_fwalk_sglue)
C:/ST/STM32CubeIDE_1.16.1/STM32CubeIDE/plugins/com.st.stm32cube.ide.mcu.externaltools.gnu-tools-for-stm32.13.3.rel1.win32_1.0.0.202411081344/tools/bin/../lib/gcc/arm-none-eabi/13.3.1/../../../../arm-none-eabi/lib/thumb/v7e-m+fp/hard\libc_nano.a(libc_a-stdio.o)
                              C:/ST/STM32CubeIDE_1.16.1/STM32CubeIDE/plugins/com.st.stm32cube.ide.mcu.externaltools.gnu-tools-for-stm32.13.3.rel1.win32_1.0.0.202411081344/tools/bin/../lib/gcc/arm-none-eabi/13.3.1/../../../../arm-none-eabi/lib/thumb/v7e-m+fp/hard\libc_nano.a(libc_a-findfp.o) (__sread)
C:/ST/STM32CubeIDE_1.16.1/STM32CubeIDE/plugins/com.st.stm32cube.ide.mcu.externaltools.gnu-tools-for-stm32.13.3.rel1.win32_1.0.0.202411081344/tools/bin/../lib/gcc/arm-none-eabi/13.3.1/../../../../arm-none-eabi/lib/thumb/v7e-m+fp/hard\libc_nano.a(libc_a-memset.o)
                              C:/ST/STM32CubeIDE_1.16.1/STM32CubeIDE/plugins/com.st.stm32cube.ide.mcu.externaltools.gnu-tools-for-stm32.13.3.rel1.win32_1.0.0.202411081344/tools/bin/../lib/gcc/arm-none-eabi/13.3.1/../../../../arm-none-eabi/lib/thumb/v7e-m+fp/hard/crt0.o (memset)
C:/ST/STM32CubeIDE_1.16.1/STM32CubeIDE/plugins/com.st.stm32cube.ide.mcu.externaltools.gnu-tools-for-stm32.13.3.rel1.win32_1.0.0.202411081344/tools/bin/../lib/gcc/arm-none-eabi/13.3.1/../../../../arm-none-eabi/lib/thumb/v7e-m+fp/hard\libc_nano.a(libc_a-closer.o)
                              C:/ST/STM32CubeIDE_1.16.1/STM32CubeIDE/plugins/com.st.stm32cube.ide.mcu.externaltools.gnu-tools-for-stm32.13.3.rel1.win32_1.0.0.202411081344/tools/bin/../lib/gcc/arm-none-eabi/13.3.1/../../../../arm-none-eabi/lib/thumb/v7e-m+fp/hard\libc_nano.a(libc_a-stdio.o) (_close_r)
C:/ST/STM32CubeIDE_1.16.1/STM32CubeIDE/plugins/com.st.stm32cube.ide.mcu.externaltools.gnu-tools-for-stm32.13.3.rel1.win32_1.0.0.202411081344/tools/bin/../lib/gcc/arm-none-eabi/13.3.1/../../../../arm-none-eabi/lib/thumb/v7e-m+fp/hard\libc_nano.a(libc_a-reent.o)
                              C:/ST/STM32CubeIDE_1.16.1/STM32CubeIDE/plugins/com.st.stm32cube.ide.mcu.externaltools.gnu-tools-for-stm32.13.3.rel1.win32_1.0.0.202411081344/tools/bin/../lib/gcc/arm-none-eabi/13.3.1/../../../../arm-none-eabi/lib/thumb/v7e-m+fp/hard\libc_nano.a(libc_a-closer.o) (errno)
C:/ST/STM32CubeIDE_1.16.1/STM32CubeIDE/plugins/com.st.stm32cube.ide.mcu.externaltools.gnu-tools-for-stm32.13.3.rel1.win32_1.0.0.202411081344/tools/bin/../lib/gcc/arm-none-eabi/13.3.1/../../../../arm-none-eabi/lib/thumb/v7e-m+fp/hard\libc_nano.a(libc_a-impure.o)
                              C:/ST/STM32CubeIDE_1.16.1/STM32CubeIDE/plugins/com.st.stm32cube.ide.mcu.externaltools.gnu-tools-for-stm32.13.3.rel1.win32_1.0.0.202411081344/tools/bin/../lib/gcc/arm-none-eabi/13.3.1/../../../../arm-none-eabi/lib/thumb/v7e-m+fp/hard\libc_nano.a(libc_a-reent.o) (_impure_ptr)
C:/ST/STM32CubeIDE_1.16.1/STM32CubeIDE/plugins/com.st.stm32cube.ide.mcu.externaltools.gnu-tools-for-stm32.13.3.rel1.win32_1.0.0.202411081344/tools/bin/../lib/gcc/arm-none-eabi/13.3.1/../../../../arm-none-eabi/lib/thumb/v7e-m+fp/hard\libc_nano.a(libc_a-lseekr.o)
[...]
Memory Configuration

Name             Origin             Length             Attributes
RAM              0x20000000         0x00040000         xrw
RAM2             0x10000000         0x00010000         xrw
FLASH            0x08000000         0x00100000         xr
*default*        0x00000000         0xffffffff

Linker script and memory map

LOAD C:/ST/STM32CubeIDE_1.16.1/STM32CubeIDE/plugins/com.st.stm32cube.ide.mcu.externaltools.gnu-tools-for-stm32.13.3.rel1.win32_1.0.0.202411081344/tools/bin/../lib/gcc/arm-none-eabi/13.3.1/thumb/v7e-m+fp/hard/crti.o
LOAD C:/ST/STM32CubeIDE_1.16.1/STM32CubeIDE/plugins/com.st.stm32cube.ide.mcu.externaltools.gnu-tools-for-stm32.13.3.rel1.win32_1.0.0.202411081344/tools/bin/../lib/gcc/arm-none-eabi/13.3.1/thumb/v7e-m+fp/hard/crtbegin.o
LOAD C:/ST/STM32CubeIDE_1.16.1/STM32CubeIDE/plugins/com.st.stm32cube.ide.mcu.externaltools.gnu-tools-for-stm32.13.3.rel1.win32_1.0.0.202411081344/tools/bin/../lib/gcc/arm-none-eabi/13.3.1/../../../../arm-none-eabi/lib/thumb/v7e-m+fp/hard/crt0.o
LOAD ./Core/Src/LTR-329.o
LOAD ./Core/Src/MCP9808.o
LOAD ./Core/Src/bno055.o
LOAD ./Core/Src/main.o
LOAD ./Core/Src/motordrivers.o
LOAD ./Core/Src/motorencoder.o
LOAD ./Core/Src/pid.o
LOAD ./Core/Src/stm32l4xx_hal_msp.o
LOAD ./Core/Src/stm32l4xx_it.o
LOAD ./Core/Src/syscalls.o
LOAD ./Core/Src/sysmem.o
LOAD ./Core/Src/system_stm32l4xx.o
LOAD ./Core/Startup/startup_stm32l496zgtx.o
LOAD ./Drivers/STM32L4xx_HAL_Driver/Src/stm32l4xx_hal.o
LOAD ./Drivers/STM32L4xx_HAL_Driver/Src/stm32l4xx_hal_adc.o
LOAD ./Drivers/STM32L4xx_HAL_Driver/Src/stm32l4xx_hal_adc_ex.o
LOAD ./Drivers/STM32L4xx_HAL_Driver/Src/stm32l4xx_hal_can.o
LOAD ./Drivers/STM32L4xx_HAL_Driver/Src/stm32l4xx_hal_cortex.o
LOAD ./Drivers/STM32L4xx_HAL_Driver/Src/stm32l4xx_hal_dma.o
LOAD ./Drivers/STM32L4xx_HAL_Driver/Src/stm32l4xx_hal_dma_ex.o
LOAD ./Drivers/STM32L4xx_HAL_Driver/Src/stm32l4xx_hal_exti.o
LOAD ./Drivers/STM32L4xx_HAL_Driver/Src/stm32l4xx_hal_flash.o
LOAD ./Drivers/STM32L4xx_HAL_Driver/Src/stm32l4xx_hal_flash_ex.o
LOAD ./Drivers/STM32L4xx_HAL_Driver/Src/stm32l4xx_hal_flash_ramfunc.o
LOAD ./Drivers/STM32L4xx_HAL_Driver/Src/stm32l4xx_hal_gpio.o
LOAD ./Drivers/STM32L4xx_HAL_Driver/Src/stm32l4xx_hal_i2c.o
LOAD ./Drivers/STM32L4xx_HAL_Driver/Src/stm32l4xx_hal_i2c_ex.o
LOAD ./Drivers/STM32L4xx_HAL_Driver/Src/stm32l4xx_hal_pwr.o
LOAD ./Drivers/STM32L4xx_HAL_Driver/Src/stm32l4xx_hal_pwr_ex.o
LOAD ./Drivers/STM32L4xx_HAL_Driver/Src/stm32l4xx_hal_qspi.o
LOAD ./Drivers/STM32L4xx_HAL_Driver/Src/stm32l4xx_hal_rcc.o
LOAD ./Drivers/STM32L4xx_HAL_Driver/Src/stm32l4xx_hal_rcc_ex.o
LOAD ./Drivers/STM32L4xx_HAL_Driver/Src/stm32l4xx_hal_spi.o
LOAD ./Drivers/STM32L4xx_HAL_Driver/Src/stm32l4xx_hal_spi_ex.o
LOAD ./Drivers/STM32L4xx_HAL_Driver/Src/stm32l4xx_hal_tim.o
LOAD ./Drivers/STM32L4xx_HAL_Driver/Src/stm32l4xx_hal_tim_ex.o
LOAD ./Drivers/STM32L4xx_HAL_Driver/Src/stm32l4xx_hal_uart.o
LOAD ./Drivers/STM32L4xx_HAL_Driver/Src/stm32l4xx_hal_uart_ex.o
START GROUP
LOAD C:/ST/STM32CubeIDE_1.16.1/STM32CubeIDE/plugins/com.st.stm32cube.ide.mcu.externaltools.gnu-tools-for-stm32.13.3.rel1.win32_1.0.0.202411081344/tools/bin/../lib/gcc/arm-none-eabi/13.3.1/../../../../arm-none-eabi/lib/thumb/v7e-m+fp/hard\libc_nano.a
LOAD C:/ST/STM32CubeIDE_1.16.1/STM32CubeIDE/plugins/com.st.stm32cube.ide.mcu.externaltools.gnu-tools-for-stm32.13.3.rel1.win32_1.0.0.202411081344/tools/bin/../lib/gcc/arm-none-eabi/13.3.1/../../../../arm-none-eabi/lib/thumb/v7e-m+fp/hard\libm.a
END GROUP
START GROUP
LOAD C:/ST/STM32CubeIDE_1.16.1/STM32CubeIDE/plugins/com.st.stm32cube.ide.mcu.externaltools.gnu-tools-for-stm32.13.3.rel1.win32_1.0.0.202411081344/tools/bin/../lib/gcc/arm-none-eabi/13.3.1/thumb/v7e-m+fp/hard\libgcc.a
LOAD C:/ST/STM32CubeIDE_1.16.1/STM32CubeIDE/plugins/com.st.stm32cube.ide.mcu.externaltools.gnu-tools-for-stm32.13.3.rel1.win32_1.0.0.202411081344/tools/bin/../lib/gcc/arm-none-eabi/13.3.1/../../../../arm-none-eabi/lib/thumb/v7e-m+fp/hard\libc_nano.a
END GROUP
START GROUP
LOAD C:/ST/STM32CubeIDE_1.16.1/STM32CubeIDE/plugins/com.st.stm32cube.ide.mcu.externaltools.gnu-tools-for-stm32.13.3.rel1.win32_1.0.0.202411081344/tools/bin/../lib/gcc/arm-none-eabi/13.3.1/thumb/v7e-m+fp/hard\libgcc.a
LOAD C:/ST/STM32CubeIDE_1.16.1/STM32CubeIDE/plugins/com.st.stm32cube.ide.mcu.externaltools.gnu-tools-for-stm32.13.3.rel1.win32_1.0.0.202411081344/tools/bin/../lib/gcc/arm-none-eabi/13.3.1/../../../../arm-none-eabi/lib/thumb/v7e-m+fp/hard\libc_nano.a
LOAD C:/ST/STM32CubeIDE_1.16.1/STM32CubeIDE/plugins/com.st.stm32cube.ide.mcu.externaltools.gnu-tools-for-stm32.13.3.rel1.win32_1.0.0.202411081344/tools/bin/../lib/gcc/arm-none-eabi/13.3.1/../../../../arm-none-eabi/lib/thumb/v7e-m+fp/hard\libnosys.a
END GROUP
START GROUP
LOAD C:/ST/STM32CubeIDE_1.16.1/STM32CubeIDE/plugins/com.st.stm32cube.ide.mcu.externaltools.gnu-tools-for-stm32.13.3.rel1.win32_1.0.0.202411081344/tools/bin/../lib/gcc/arm-none-eabi/13.3.1/thumb/v7e-m+fp/hard\libgcc.a
LOAD C:/ST/STM32CubeIDE_1.16.1/STM32CubeIDE/plugins/com.st.stm32cube.ide.mcu.externaltools.gnu-tools-for-stm32.13.3.rel1.win32_1.0.0.202411081344/tools/bin/../lib/gcc/arm-none-eabi/13.3.1/../../../../arm-none-eabi/lib/thumb/v7e-m+fp/hard\libc_nano.a
LOAD C:/ST/STM32CubeIDE_1.16.1/STM32CubeIDE/plugins/com.st.stm32cube.ide.mcu.externaltools.gnu-tools-for-stm32.13.3.rel1.win32_1.0.0.202411081344/tools/bin/../lib/gcc/arm-none-eabi/13.3.1/../../../../arm-none-eabi/lib/thumb/v7e-m+fp/hard\libnosys.a
END GROUP
LOAD C:/ST/STM32CubeIDE_1.16.1/STM32CubeIDE/plugins/com.st.stm32cube.ide.mcu.externaltools.gnu-tools-for-stm32.13.3.rel1.win32_1.0.0.202411081344/tools/bin/../lib/gcc/arm-none-eabi/13.3.1/thumb/v7e-m+fp/hard/crtend.o
LOAD C:/ST/STM32CubeIDE_1.16.1/STM32CubeIDE/plugins/com.st.stm32cube.ide.mcu.externaltools.gnu-tools-for-stm32.13.3.rel1.win32_1.0.0.202411081344/tools/bin/../lib/gcc/arm-none-eabi/13.3.1/thumb/v7e-m+fp/hard/crtn.o
                0x20040000                        _estack = (ORIGIN (RAM) + LENGTH (RAM))
                0x00000200                        _Min_Heap_Size = 0x200
                0x00000400                        _Min_Stack_Size = 0x400

.isr_vector     0x08000000      0x1ac
                0x08000000                        . = ALIGN (0x4)
 *(.isr_vector)
 .isr_vector    0x08000000      0x1ac ./Core/Startup/startup_stm32l496zgtx.o
                0x08000000                g_pfnVectors
                0x080001ac                        . = ALIGN (0x4)

.text           0x080001ac     0x8b34
                0x080001ac                        . = ALIGN (0x4)
 *(.text)
 .text          0x080001ac       0x40 C:/ST/STM32CubeIDE_1.16.1/STM32CubeIDE/plugins/com.st.stm32cube.ide.mcu.externaltools.gnu-tools-for-stm32.13.3.rel1.win32_1.0.0.202411081344/tools/bin/../lib/gcc/arm-none-eabi/13.3.1/thumb/v7e-m+fp/hard/crtbegin.o
 .text          0x080001ec       0x30 C:/ST/STM32CubeIDE_1.16.1/STM32CubeIDE/plugins/com.st.stm32cube.ide.mcu.externaltools.gnu-tools-for-stm32.13.3.rel1.win32_1.0.0.202411081344/tools/bin/../lib/gcc/arm-none-eabi/13.3.1/thumb/v7e-m+fp/hard\libgcc.a(_aeabi_uldivmod.o)
                0x080001ec                __aeabi_uldivmod
 .text          0x0800021c      0x2f8 C:/ST/STM32CubeIDE_1.16.1/STM32CubeIDE/plugins/com.st.stm32cube.ide.mcu.externaltools.gnu-tools-for-stm32.13.3.rel1.win32_1.0.0.202411081344/tools/bin/../lib/gcc/arm-none-eabi/13.3.1/thumb/v7e-m+fp/hard\libgcc.a(_udivmoddi4.o)
                0x0800021c                __udivmoddi4
 .text          0x08000514        0x4 C:/ST/STM32CubeIDE_1.16.1/STM32CubeIDE/plugins/com.st.stm32cube.ide.mcu.externaltools.gnu-tools-for-stm32.13.3.rel1.win32_1.0.0.202411081344/tools/bin/../lib/gcc/arm-none-eabi/13.3.1/thumb/v7e-m+fp/hard\libgcc.a(_dvmd_tls.o)
                0x08000514                __aeabi_idiv0
                0x08000514                __aeabi_ldiv0
 *(.text*)
 .text.BNO055_Read
                0x08000518       0x54 ./Core/Src/bno055.o
 .text.BNO055_Write
                0x0800056c       0x40 ./Core/Src/bno055.o
 .text.BNO055_ERROR_HANDLE
                0x080005ac       0x20 ./Core/Src/bno055.o
 .text.BNO055_STATUS_CHECK_AND_SET
                0x080005cc       0x70 ./Core/Src/bno055.o
 .text.BNO055_I2C_Mount
                0x0800063c       0x20 ./Core/Src/bno055.o
                0x0800063c                BNO055_I2C_Mount
 .text.BNO055_Init
                0x0800065c       0xe4 ./Core/Src/bno055.o
                0x0800065c                BNO055_Init
 .text.BNO055_Set_OP_Mode
                0x08000740      0x13c ./Core/Src/bno055.o
                0x08000740                BNO055_Set_OP_Mode
 .text.BNO055_Set_Axis
                0x0800087c       0x60 ./Core/Src/bno055.o
                0x0800087c                BNO055_Set_Axis
 .text.main     0x080008dc      0x19c ./Core/Src/main.o
                0x080008dc                main
 .text.SystemClock_Config
                0x08000a78       0x9e ./Core/Src/main.o
                0x08000a78                SystemClock_Config
 *fill*         0x08000b16        0x2 
 .text.MX_ADC1_Init
                0x08000b18       0xec ./Core/Src/main.o
 .text.MX_CAN1_Init
                0x08000c04       0x68 ./Core/Src/main.o
 .text.MX_I2C1_Init
                0x08000c6c       0x80 ./Core/Src/main.o
 .text.MX_I2C2_Init
                0x08000cec       0x80 ./Core/Src/main.o
 .text.MX_I2C4_Init
                0x08000d6c       0x80 ./Core/Src/main.o
 .text.MX_LPUART1_UART_Init
                0x08000dec       0x5c ./Core/Src/main.o
 .text.MX_UART4_Init
                0x08000e48       0x60 ./Core/Src/main.o
 .text.MX_USART2_UART_Init
                0x08000ea8       0x64 ./Core/Src/main.o
 .text.MX_USART3_UART_Init
                0x08000f0c       0x60 ./Core/Src/main.o
 .text.MX_QUADSPI_Init
                0x08000f6c       0x58 ./Core/Src/main.o
 .text.MX_SPI1_Init
                0x08000fc4       0x7c ./Core/Src/main.o
 .text.MX_SPI3_Init
                0x08001040       0x7c ./Core/Src/main.o
 .text.MX_TIM1_Init
                0x080010bc      0x170 ./Core/Src/main.o
 .text.MX_TIM2_Init
                0x0800122c       0xa8 ./Core/Src/main.o
 .text.MX_TIM3_Init
                0x080012d4       0xac ./Core/Src/main.o
 .text.MX_TIM4_Init
                0x08001380       0xac ./Core/Src/main.o
 .text.MX_TIM5_Init
                0x0800142c       0xac ./Core/Src/main.o
 .text.MX_TIM7_Init
                0x080014d8       0x6c ./Core/Src/main.o
 .text.MX_TIM15_Init
                0x08001544      0x108 ./Core/Src/main.o
 .text.MX_GPIO_Init
                0x0800164c      0x1d0 ./Core/Src/main.o
 .text.HAL_TIM_PeriodElapsedCallback
                0x0800181c       0x50 ./Core/Src/main.o
                0x0800181c                HAL_TIM_PeriodElapsedCallback
 .text.Error_Handler
                0x0800186c        0xc ./Core/Src/main.o
                0x0800186c                Error_Handler
 .text.init_default_motor
                0x08001878       0xb4 ./Core/Src/motordrivers.o
                0x08001878                init_default_motor
 .text.drive_motor
                0x0800192c      0x1d6 ./Core/Src/motordrivers.o
                0x0800192c                drive_motor
 .text.Motor_Enc_Init
                0x08001b02       0x2e ./Core/Src/motorencoder.o
                0x08001b02                Motor_Enc_Init
 .text.Motor_Enc_Start
                0x08001b30       0x18 ./Core/Src/motorencoder.o
                0x08001b30                Motor_Enc_Start
 .text.Motor_Calc
                0x08001b48       0x90 ./Core/Src/motorencoder.o
                0x08001b48                Motor_Calc
 .text.HAL_MspInit
                0x08001bd8       0x48 ./Core/Src/stm32l4xx_hal_msp.o
                0x08001bd8                HAL_MspInit
 .text.HAL_ADC_MspInit
                0x08001c20      0x10c ./Core/Src/stm32l4xx_hal_msp.o
                0x08001c20                HAL_ADC_MspInit
 .text.HAL_CAN_MspInit
                0x08001d2c       0x88 ./Core/Src/stm32l4xx_hal_msp.o
                0x08001d2c                HAL_CAN_MspInit
 .text.HAL_I2C_MspInit
                0x08001db4      0x1d0 ./Core/Src/stm32l4xx_hal_msp.o
                0x08001db4                HAL_I2C_MspInit
 .text.HAL_UART_MspInit
                0x08001f84      0x258 ./Core/Src/stm32l4xx_hal_msp.o
                0x08001f84                HAL_UART_MspInit
 .text.HAL_QSPI_MspInit
                0x080021dc       0xc8 ./Core/Src/stm32l4xx_hal_msp.o
                0x080021dc                HAL_QSPI_MspInit
 .text.HAL_SPI_MspInit
                0x080022a4       0xf0 ./Core/Src/stm32l4xx_hal_msp.o
                0x080022a4                HAL_SPI_MspInit
 .text.HAL_TIM_Base_MspInit
                0x08002394       0x74 ./Core/Src/stm32l4xx_hal_msp.o
                0x08002394                HAL_TIM_Base_MspInit
 .text.HAL_TIM_IC_MspInit
                0x08002408       0x84 ./Core/Src/stm32l4xx_hal_msp.o
                0x08002408                HAL_TIM_IC_MspInit
 .text.HAL_TIM_Encoder_MspInit
                0x0800248c      0x150 ./Core/Src/stm32l4xx_hal_msp.o
                0x0800248c                HAL_TIM_Encoder_MspInit
 .text.HAL_TIM_PWM_MspInit
                0x080025dc       0x40 ./Core/Src/stm32l4xx_hal_msp.o
                0x080025dc                HAL_TIM_PWM_MspInit
 .text.HAL_TIM_MspPostInit
                0x0800261c       0xc0 ./Core/Src/stm32l4xx_hal_msp.o
                0x0800261c                HAL_TIM_MspPostInit
 .text.NMI_Handler
                0x080026dc        0x8 ./Core/Src/stm32l4xx_it.o
                0x080026dc                NMI_Handler
 .text.HardFault_Handler
                0x080026e4        0x8 ./Core/Src/stm32l4xx_it.o
                0x080026e4                HardFault_Handler
 .text.MemManage_Handler
                0x080026ec        0x8 ./Core/Src/stm32l4xx_it.o
                0x080026ec                MemManage_Handler
 .text.BusFault_Handler
                0x080026f4        0x8 ./Core/Src/stm32l4xx_it.o
                0x080026f4                BusFault_Handler
 .text.UsageFault_Handler
                0x080026fc        0x8 ./Core/Src/stm32l4xx_it.o
                0x080026fc                UsageFault_Handler
 .text.SVC_Handler
                0x08002704        0xe ./Core/Src/stm32l4xx_it.o
                0x08002704                SVC_Handler
 .text.DebugMon_Handler
                0x08002712        0xe ./Core/Src/stm32l4xx_it.o
                0x08002712                DebugMon_Handler
 .text.PendSV_Handler
                0x08002720        0xe ./Core/Src/stm32l4xx_it.o
                0x08002720                PendSV_Handler
 .text.SysTick_Handler
                0x0800272e        0xc ./Core/Src/stm32l4xx_it.o
                0x0800272e                SysTick_Handler
 *fill*         0x0800273a        0x2 
 .text.TIM7_IRQHandler
                0x0800273c       0x14 ./Core/Src/stm32l4xx_it.o
                0x0800273c                TIM7_IRQHandler
 .text.SystemInit
                0x08002750       0x24 ./Core/Src/system_stm32l4xx.o
                0x08002750                SystemInit
 .text.Reset_Handler
                0x08002774       0x50 ./Core/Startup/startup_stm32l496zgtx.o
                0x08002774                Reset_Handler
 .text.Default_Handler
                0x080027c4        0x2 ./Core/Startup/startup_stm32l496zgtx.o
                0x080027c4                RTC_Alarm_IRQHandler
                0x080027c4                EXTI2_IRQHandler
                0x080027c4                TIM8_TRG_COM_IRQHandler
                0x080027c4                TIM8_CC_IRQHandler
                0x080027c4                TIM1_CC_IRQHandler
                0x080027c4                TSC_IRQHandler
                0x080027c4                TAMP_STAMP_IRQHandler
                0x080027c4                CAN2_RX1_IRQHandler
                0x080027c4                EXTI3_IRQHandler
                0x080027c4                LPTIM2_IRQHandler
                0x080027c4                DFSDM1_FLT1_IRQHandler
                0x080027c4                I2C3_ER_IRQHandler
                0x080027c4                DFSDM1_FLT2_IRQHandler
                0x080027c4                EXTI0_IRQHandler
                0x080027c4                I2C2_EV_IRQHandler
                0x080027c4                CAN1_RX0_IRQHandler
                0x080027c4                FPU_IRQHandler
                0x080027c4                TIM1_UP_TIM16_IRQHandler
                0x080027c4                CAN2_SCE_IRQHandler
                0x080027c4                ADC1_2_IRQHandler
                0x080027c4                SPI1_IRQHandler
                0x080027c4                TIM6_DAC_IRQHandler
                0x080027c4                DCMI_IRQHandler
                0x080027c4                CAN2_RX0_IRQHandler
                0x080027c4                TIM8_UP_IRQHandler
                0x080027c4                DMA2_Channel2_IRQHandler
                0x080027c4                DMA1_Channel4_IRQHandler
                0x080027c4                SAI2_IRQHandler
                0x080027c4                DFSDM1_FLT3_IRQHandler
                0x080027c4                USART3_IRQHandler
                0x080027c4                DMA1_Channel7_IRQHandler
                0x080027c4                CAN1_RX1_IRQHandler
                0x080027c4                LCD_IRQHandler
                0x080027c4                UART5_IRQHandler
                0x080027c4                ADC3_IRQHandler
                0x080027c4                TIM4_IRQHandler
                0x080027c4                DMA2_Channel1_IRQHandler
                0x080027c4                QUADSPI_IRQHandler
                0x080027c4                I2C1_EV_IRQHandler
                0x080027c4                DMA1_Channel6_IRQHandler
                0x080027c4                UART4_IRQHandler
                0x080027c4                DMA2_Channel4_IRQHandler
                0x080027c4                TIM3_IRQHandler
                0x080027c4                RCC_IRQHandler
                0x080027c4                DMA1_Channel1_IRQHandler
                0x080027c4                Default_Handler
                0x080027c4                DMA2_Channel7_IRQHandler
                0x080027c4                EXTI15_10_IRQHandler
                0x080027c4                SDMMC1_IRQHandler
                0x080027c4                CAN2_TX_IRQHandler
                0x080027c4                TIM5_IRQHandler
                0x080027c4                I2C3_EV_IRQHandler
                0x080027c4                EXTI9_5_IRQHandler
                0x080027c4                RTC_WKUP_IRQHandler
                0x080027c4                PVD_PVM_IRQHandler
                0x080027c4                SPI2_IRQHandler
                0x080027c4                CAN1_TX_IRQHandler
                0x080027c4                DMA2_Channel5_IRQHandler
                0x080027c4                CRS_IRQHandler
                0x080027c4                DMA1_Channel5_IRQHandler
                0x080027c4                EXTI4_IRQHandler
                0x080027c4                RNG_IRQHandler
                0x080027c4                TIM1_TRG_COM_TIM17_IRQHandler
                0x080027c4                DMA1_Channel3_IRQHandler
                0x080027c4                COMP_IRQHandler
                0x080027c4                WWDG_IRQHandler
                0x080027c4                I2C4_EV_IRQHandler
                0x080027c4                LPUART1_IRQHandler
                0x080027c4                DMA2_Channel6_IRQHandler
                0x080027c4                TIM2_IRQHandler
                0x080027c4                EXTI1_IRQHandler
                0x080027c4                USART2_IRQHandler
                0x080027c4                DFSDM1_FLT0_IRQHandler
                0x080027c4                I2C2_ER_IRQHandler
                0x080027c4                DMA1_Channel2_IRQHandler
                0x080027c4                TIM8_BRK_IRQHandler
                0x080027c4                CAN1_SCE_IRQHandler
                0x080027c4                FLASH_IRQHandler
                0x080027c4                USART1_IRQHandler
                0x080027c4                OTG_FS_IRQHandler
                0x080027c4                SPI3_IRQHandler
                0x080027c4                I2C1_ER_IRQHandler
                0x080027c4                FMC_IRQHandler
                0x080027c4                SWPMI1_IRQHandler
                0x080027c4                LPTIM1_IRQHandler
                0x080027c4                I2C4_ER_IRQHandler
                0x080027c4                SAI1_IRQHandler
                0x080027c4                DMA2_Channel3_IRQHandler
                0x080027c4                TIM1_BRK_TIM15_IRQHandler
 .text.HAL_Init
                0x080027c6       0x30 ./Drivers/STM32L4xx_HAL_Driver/Src/stm32l4xx_hal.o
                0x080027c6                HAL_Init
 *fill*         0x080027f6        0x2 
 .text.HAL_InitTick
                0x080027f8       0x78 ./Drivers/STM32L4xx_HAL_Driver/Src/stm32l4xx_hal.o
                0x080027f8                HAL_InitTick
 .text.HAL_IncTick
                0x08002870       0x28 ./Drivers/STM32L4xx_HAL_Driver/Src/stm32l4xx_hal.o
                0x08002870                HAL_IncTick
 .text.HAL_GetTick
                0x08002898       0x18 ./Drivers/STM32L4xx_HAL_Driver/Src/stm32l4xx_hal.o
                0x08002898                HAL_GetTick
 .text.HAL_Delay
                0x080028b0       0x48 ./Drivers/STM32L4xx_HAL_Driver/Src/stm32l4xx_hal.o
                0x080028b0                HAL_Delay
 .text.LL_ADC_SetCommonClock
                0x080028f8       0x26 ./Drivers/STM32L4xx_HAL_Driver/Src/stm32l4xx_hal_adc.o
 .text.LL_ADC_SetCommonPathInternalCh
                0x0800291e       0x26 ./Drivers/STM32L4xx_HAL_Driver/Src/stm32l4xx_hal_adc.o
 .text.LL_ADC_GetCommonPathInternalCh
                0x08002944       0x1c ./Drivers/STM32L4xx_HAL_Driver/Src/stm32l4xx_hal_adc.o
 .text.LL_ADC_SetOffset
                0x08002960       0x48 ./Drivers/STM32L4xx_HAL_Driver/Src/stm32l4xx_hal_adc.o
 .text.LL_ADC_GetOffsetChannel
                0x080029a8       0x2c ./Drivers/STM32L4xx_HAL_Driver/Src/stm32l4xx_hal_adc.o
 .text.LL_ADC_SetOffsetState
                0x080029d4       0x36 ./Drivers/STM32L4xx_HAL_Driver/Src/stm32l4xx_hal_adc.o
 .text.LL_ADC_SetSamplingTimeCommonConfig
                0x08002a0a       0x26 ./Drivers/STM32L4xx_HAL_Driver/Src/stm32l4xx_hal_adc.o
 .text.LL_ADC_REG_SetSequencerRanks
                0x08002a30       0x58 ./Drivers/STM32L4xx_HAL_Driver/Src/stm32l4xx_hal_adc.o
 .text.LL_ADC_SetChannelSamplingTime
                0x08002a88       0x56 ./Drivers/STM32L4xx_HAL_Driver/Src/stm32l4xx_hal_adc.o
 *fill*         0x08002ade        0x2 
 .text.LL_ADC_SetChannelSingleDiff
                0x08002ae0       0x48 ./Drivers/STM32L4xx_HAL_Driver/Src/stm32l4xx_hal_adc.o
 .text.LL_ADC_DisableDeepPowerDown
                0x08002b28       0x24 ./Drivers/STM32L4xx_HAL_Driver/Src/stm32l4xx_hal_adc.o
 .text.LL_ADC_IsDeepPowerDownEnabled
                0x08002b4c       0x28 ./Drivers/STM32L4xx_HAL_Driver/Src/stm32l4xx_hal_adc.o
 .text.LL_ADC_EnableInternalRegulator
                0x08002b74       0x28 ./Drivers/STM32L4xx_HAL_Driver/Src/stm32l4xx_hal_adc.o
 .text.LL_ADC_IsInternalRegulatorEnabled
                0x08002b9c       0x28 ./Drivers/STM32L4xx_HAL_Driver/Src/stm32l4xx_hal_adc.o
 .text.LL_ADC_IsEnabled
                0x08002bc4       0x26 ./Drivers/STM32L4xx_HAL_Driver/Src/stm32l4xx_hal_adc.o
 .text.LL_ADC_REG_IsConversionOngoing
                0x08002bea       0x26 ./Drivers/STM32L4xx_HAL_Driver/Src/stm32l4xx_hal_adc.o
 .text.LL_ADC_INJ_IsConversionOngoing
                0x08002c10       0x26 ./Drivers/STM32L4xx_HAL_Driver/Src/stm32l4xx_hal_adc.o
 *fill*         0x08002c36        0x2 
 .text.HAL_ADC_Init
                0x08002c38      0x2a8 ./Drivers/STM32L4xx_HAL_Driver/Src/stm32l4xx_hal_adc.o
                0x08002c38                HAL_ADC_Init
 .text.HAL_ADC_ConfigChannel
                0x08002ee0      0x818 ./Drivers/STM32L4xx_HAL_Driver/Src/stm32l4xx_hal_adc.o
                0x08002ee0                HAL_ADC_ConfigChannel
 .text.LL_ADC_IsEnabled
                0x080036f8       0x26 ./Drivers/STM32L4xx_HAL_Driver/Src/stm32l4xx_hal_adc_ex.o
 .text.LL_ADC_REG_IsConversionOngoing
                0x0800371e       0x26 ./Drivers/STM32L4xx_HAL_Driver/Src/stm32l4xx_hal_adc_ex.o
 .text.HAL_ADCEx_MultiModeConfigChannel
                0x08003744      0x160 ./Drivers/STM32L4xx_HAL_Driver/Src/stm32l4xx_hal_adc_ex.o
                0x08003744                HAL_ADCEx_MultiModeConfigChannel
 .text.HAL_CAN_Init
                0x080038a4      0x1f6 ./Drivers/STM32L4xx_HAL_Driver/Src/stm32l4xx_hal_can.o
                0x080038a4                HAL_CAN_Init
 *fill*         0x08003a9a        0x2 
 .text.__NVIC_SetPriorityGrouping
                0x08003a9c       0x48 ./Drivers/STM32L4xx_HAL_Driver/Src/stm32l4xx_hal_cortex.o
 .text.__NVIC_GetPriorityGrouping
                0x08003ae4       0x1c ./Drivers/STM32L4xx_HAL_Driver/Src/stm32l4xx_hal_cortex.o
 .text.__NVIC_EnableIRQ
                0x08003b00       0x3c ./Drivers/STM32L4xx_HAL_Driver/Src/stm32l4xx_hal_cortex.o
 .text.__NVIC_SetPriority
                0x08003b3c       0x54 ./Drivers/STM32L4xx_HAL_Driver/Src/stm32l4xx_hal_cortex.o
 .text.NVIC_EncodePriority
                0x08003b90       0x66 ./Drivers/STM32L4xx_HAL_Driver/Src/stm32l4xx_hal_cortex.o
 *fill*         0x08003bf6        0x2 
 .text.SysTick_Config
                0x08003bf8       0x44 ./Drivers/STM32L4xx_HAL_Driver/Src/stm32l4xx_hal_cortex.o
 .text.HAL_NVIC_SetPriorityGrouping
                0x08003c3c       0x16 ./Drivers/STM32L4xx_HAL_Driver/Src/stm32l4xx_hal_cortex.o
                0x08003c3c                HAL_NVIC_SetPriorityGrouping
 .text.HAL_NVIC_SetPriority
                0x08003c52       0x38 ./Drivers/STM32L4xx_HAL_Driver/Src/stm32l4xx_hal_cortex.o
                0x08003c52                HAL_NVIC_SetPriority
 .text.HAL_NVIC_EnableIRQ
                0x08003c8a       0x1c ./Drivers/STM32L4xx_HAL_Driver/Src/stm32l4xx_hal_cortex.o
                0x08003c8a                HAL_NVIC_EnableIRQ
 .text.HAL_SYSTICK_Config
                0x08003ca6       0x18 ./Drivers/STM32L4xx_HAL_Driver/Src/stm32l4xx_hal_cortex.o
                0x08003ca6                HAL_SYSTICK_Config
 *fill*         0x08003cbe        0x2 
 .text.HAL_GPIO_Init
                0x08003cc0      0x324 ./Drivers/STM32L4xx_HAL_Driver/Src/stm32l4xx_hal_gpio.o
                0x08003cc0                HAL_GPIO_Init
 .text.HAL_GPIO_WritePin
                0x08003fe4       0x30 ./Drivers/STM32L4xx_HAL_Driver/Src/stm32l4xx_hal_gpio.o
                0x08003fe4                HAL_GPIO_WritePin
 .text.HAL_I2C_Init
                0x08004014      0x136 ./Drivers/STM32L4xx_HAL_Driver/Src/stm32l4xx_hal_i2c.o
                0x08004014                HAL_I2C_Init
 *fill*         0x0800414a        0x2 
 .text.HAL_I2C_Master_Transmit
                0x0800414c      0x230 ./Drivers/STM32L4xx_HAL_Driver/Src/stm32l4xx_hal_i2c.o
                0x0800414c                HAL_I2C_Master_Transmit
 .text.HAL_I2C_Master_Receive
                0x0800437c      0x1ec ./Drivers/STM32L4xx_HAL_Driver/Src/stm32l4xx_hal_i2c.o
                0x0800437c                HAL_I2C_Master_Receive
 .text.I2C_Flush_TXDR
                0x08004568       0x48 ./Drivers/STM32L4xx_HAL_Driver/Src/stm32l4xx_hal_i2c.o
 .text.I2C_WaitOnFlagUntilTimeout
                0x080045b0       0xb2 ./Drivers/STM32L4xx_HAL_Driver/Src/stm32l4xx_hal_i2c.o
 .text.I2C_WaitOnTXISFlagUntilTimeout
                0x08004662       0x8e ./Drivers/STM32L4xx_HAL_Driver/Src/stm32l4xx_hal_i2c.o
 .text.I2C_WaitOnSTOPFlagUntilTimeout
                0x080046f0       0x86 ./Drivers/STM32L4xx_HAL_Driver/Src/stm32l4xx_hal_i2c.o
 *fill*         0x08004776        0x2 
 .text.I2C_WaitOnRXNEFlagUntilTimeout
                0x08004778      0x118 ./Drivers/STM32L4xx_HAL_Driver/Src/stm32l4xx_hal_i2c.o
 .text.I2C_IsErrorOccurred
                0x08004890      0x1c0 ./Drivers/STM32L4xx_HAL_Driver/Src/stm32l4xx_hal_i2c.o
 .text.I2C_TransferConfig
                0x08004a50       0x64 ./Drivers/STM32L4xx_HAL_Driver/Src/stm32l4xx_hal_i2c.o
 .text.HAL_I2CEx_ConfigAnalogFilter
                0x08004ab4       0x96 ./Drivers/STM32L4xx_HAL_Driver/Src/stm32l4xx_hal_i2c_ex.o
                0x08004ab4                HAL_I2CEx_ConfigAnalogFilter
 .text.HAL_I2CEx_ConfigDigitalFilter
                0x08004b4a       0x98 ./Drivers/STM32L4xx_HAL_Driver/Src/stm32l4xx_hal_i2c_ex.o
                0x08004b4a                HAL_I2CEx_ConfigDigitalFilter
 *fill*         0x08004be2        0x2 
 .text.HAL_PWREx_GetVoltageRange
                0x08004be4       0x1c ./Drivers/STM32L4xx_HAL_Driver/Src/stm32l4xx_hal_pwr_ex.o
                0x08004be4                HAL_PWREx_GetVoltageRange
 .text.HAL_PWREx_ControlVoltageScaling
                0x08004c00       0xac ./Drivers/STM32L4xx_HAL_Driver/Src/stm32l4xx_hal_pwr_ex.o
                0x08004c00                HAL_PWREx_ControlVoltageScaling
 .text.HAL_PWREx_EnableVddIO2
                0x08004cac       0x20 ./Drivers/STM32L4xx_HAL_Driver/Src/stm32l4xx_hal_pwr_ex.o
                0x08004cac                HAL_PWREx_EnableVddIO2
 .text.HAL_QSPI_Init
                0x08004ccc       0xf8 ./Drivers/STM32L4xx_HAL_Driver/Src/stm32l4xx_hal_qspi.o
                0x08004ccc                HAL_QSPI_Init
 .text.HAL_QSPI_SetTimeout
                0x08004dc4       0x1c ./Drivers/STM32L4xx_HAL_Driver/Src/stm32l4xx_hal_qspi.o
                0x08004dc4                HAL_QSPI_SetTimeout
 .text.QSPI_WaitFlagStateUntilTimeout
                0x08004de0       0x6e ./Drivers/STM32L4xx_HAL_Driver/Src/stm32l4xx_hal_qspi.o
 *fill*         0x08004e4e        0x2 
 .text.HAL_RCC_OscConfig
                0x08004e50      0x834 ./Drivers/STM32L4xx_HAL_Driver/Src/stm32l4xx_hal_rcc.o
                0x08004e50                HAL_RCC_OscConfig
 .text.HAL_RCC_ClockConfig
                0x08005684      0x200 ./Drivers/STM32L4xx_HAL_Driver/Src/stm32l4xx_hal_rcc.o
                0x08005684                HAL_RCC_ClockConfig
 .text.HAL_RCC_GetSysClockFreq
                0x08005884      0x118 ./Drivers/STM32L4xx_HAL_Driver/Src/stm32l4xx_hal_rcc.o
                0x08005884                HAL_RCC_GetSysClockFreq
 .text.HAL_RCC_GetHCLKFreq
                0x0800599c       0x18 ./Drivers/STM32L4xx_HAL_Driver/Src/stm32l4xx_hal_rcc.o
                0x0800599c                HAL_RCC_GetHCLKFreq
 .text.HAL_RCC_GetPCLK1Freq
                0x080059b4       0x2c ./Drivers/STM32L4xx_HAL_Driver/Src/stm32l4xx_hal_rcc.o
                0x080059b4                HAL_RCC_GetPCLK1Freq
 .text.HAL_RCC_GetPCLK2Freq
                0x080059e0       0x2c ./Drivers/STM32L4xx_HAL_Driver/Src/stm32l4xx_hal_rcc.o
                0x080059e0                HAL_RCC_GetPCLK2Freq
 .text.RCC_SetFlashLatencyFromMSIRange
                0x08005a0c       0xc0 ./Drivers/STM32L4xx_HAL_Driver/Src/stm32l4xx_hal_rcc.o
 .text.HAL_RCCEx_PeriphCLKConfig
                0x08005acc      0x5f8 ./Drivers/STM32L4xx_HAL_Driver/Src/stm32l4xx_hal_rcc_ex.o
                0x08005acc                HAL_RCCEx_PeriphCLKConfig
 .text.RCCEx_PLLSAI1_Config
                0x080060c4      0x1e4 ./Drivers/STM32L4xx_HAL_Driver/Src/stm32l4xx_hal_rcc_ex.o
 .text.RCCEx_PLLSAI2_Config
                0x080062a8      0x1b8 ./Drivers/STM32L4xx_HAL_Driver/Src/stm32l4xx_hal_rcc_ex.o
 .text.HAL_SPI_Init
                0x08006460      0x146 ./Drivers/STM32L4xx_HAL_Driver/Src/stm32l4xx_hal_spi.o
                0x08006460                HAL_SPI_Init
 .text.HAL_TIM_Base_Init
                0x080065a6       0xae ./Drivers/STM32L4xx_HAL_Driver/Src/stm32l4xx_hal_tim.o
                0x080065a6                HAL_TIM_Base_Init
 .text.HAL_TIM_Base_Start_IT
                0x08006654       0xe0 ./Drivers/STM32L4xx_HAL_Driver/Src/stm32l4xx_hal_tim.o
                0x08006654                HAL_TIM_Base_Start_IT
 .text.HAL_TIM_PWM_Init
                0x08006734       0xae ./Drivers/STM32L4xx_HAL_Driver/Src/stm32l4xx_hal_tim.o
                0x08006734                HAL_TIM_PWM_Init
 *fill*         0x080067e2        0x2 
 .text.HAL_TIM_PWM_Start
                0x080067e4      0x20c ./Drivers/STM32L4xx_HAL_Driver/Src/stm32l4xx_hal_tim.o
                0x080067e4                HAL_TIM_PWM_Start
 .text.HAL_TIM_IC_Init
                0x080069f0       0xae ./Drivers/STM32L4xx_HAL_Driver/Src/stm32l4xx_hal_tim.o
                0x080069f0                HAL_TIM_IC_Init
 .text.HAL_TIM_Encoder_Init
                0x08006a9e      0x14c ./Drivers/STM32L4xx_HAL_Driver/Src/stm32l4xx_hal_tim.o
                0x08006a9e                HAL_TIM_Encoder_Init
 .text.HAL_TIM_Encoder_Start
                0x08006bea      0x11c ./Drivers/STM32L4xx_HAL_Driver/Src/stm32l4xx_hal_tim.o
                0x08006bea                HAL_TIM_Encoder_Start
 .text.HAL_TIM_IRQHandler
                0x08006d06      0x20e ./Drivers/STM32L4xx_HAL_Driver/Src/stm32l4xx_hal_tim.o
                0x08006d06                HAL_TIM_IRQHandler
 .text.HAL_TIM_IC_ConfigChannel
                0x08006f14      0x138 ./Drivers/STM32L4xx_HAL_Driver/Src/stm32l4xx_hal_tim.o
                0x08006f14                HAL_TIM_IC_ConfigChannel
 .text.HAL_TIM_PWM_ConfigChannel
                0x0800704c      0x228 ./Drivers/STM32L4xx_HAL_Driver/Src/stm32l4xx_hal_tim.o
                0x0800704c                HAL_TIM_PWM_ConfigChannel
 .text.HAL_TIM_ConfigClockSource
                0x08007274      0x192 ./Drivers/STM32L4xx_HAL_Driver/Src/stm32l4xx_hal_tim.o
                0x08007274                HAL_TIM_ConfigClockSource
 .text.HAL_TIM_OC_DelayElapsedCallback
                0x08007406       0x14 ./Drivers/STM32L4xx_HAL_Driver/Src/stm32l4xx_hal_tim.o
                0x08007406                HAL_TIM_OC_DelayElapsedCallback
 .text.HAL_TIM_IC_CaptureCallback
                0x0800741a       0x14 ./Drivers/STM32L4xx_HAL_Driver/Src/stm32l4xx_hal_tim.o
                0x0800741a                HAL_TIM_IC_CaptureCallback
 .text.HAL_TIM_PWM_PulseFinishedCallback
                0x0800742e       0x14 ./Drivers/STM32L4xx_HAL_Driver/Src/stm32l4xx_hal_tim.o
                0x0800742e                HAL_TIM_PWM_PulseFinishedCallback
 .text.HAL_TIM_TriggerCallback
                0x08007442       0x14 ./Drivers/STM32L4xx_HAL_Driver/Src/stm32l4xx_hal_tim.o
                0x08007442                HAL_TIM_TriggerCallback
 *fill*         0x08007456        0x2 
 .text.TIM_Base_SetConfig
                0x08007458      0x14c ./Drivers/STM32L4xx_HAL_Driver/Src/stm32l4xx_hal_tim.o
                0x08007458                TIM_Base_SetConfig
 .text.TIM_OC1_SetConfig
                0x080075a4      0x120 ./Drivers/STM32L4xx_HAL_Driver/Src/stm32l4xx_hal_tim.o
 .text.TIM_OC2_SetConfig
                0x080076c4      0x114 ./Drivers/STM32L4xx_HAL_Driver/Src/stm32l4xx_hal_tim.o
                0x080076c4                TIM_OC2_SetConfig
 .text.TIM_OC3_SetConfig
                0x080077d8      0x110 ./Drivers/STM32L4xx_HAL_Driver/Src/stm32l4xx_hal_tim.o
 .text.TIM_OC4_SetConfig
                0x080078e8       0xd4 ./Drivers/STM32L4xx_HAL_Driver/Src/stm32l4xx_hal_tim.o
 .text.TIM_OC5_SetConfig
                0x080079bc       0xc8 ./Drivers/STM32L4xx_HAL_Driver/Src/stm32l4xx_hal_tim.o
 .text.TIM_OC6_SetConfig
                0x08007a84       0xcc ./Drivers/STM32L4xx_HAL_Driver/Src/stm32l4xx_hal_tim.o
 .text.TIM_TI1_SetConfig
                0x08007b50       0xdc ./Drivers/STM32L4xx_HAL_Driver/Src/stm32l4xx_hal_tim.o
                0x08007b50                TIM_TI1_SetConfig
 .text.TIM_TI1_ConfigInputStage
                0x08007c2c       0x5e ./Drivers/STM32L4xx_HAL_Driver/Src/stm32l4xx_hal_tim.o
 .text.TIM_TI2_SetConfig
                0x08007c8a       0x7a ./Drivers/STM32L4xx_HAL_Driver/Src/stm32l4xx_hal_tim.o
 .text.TIM_TI2_ConfigInputStage
                0x08007d04       0x60 ./Drivers/STM32L4xx_HAL_Driver/Src/stm32l4xx_hal_tim.o
 .text.TIM_TI3_SetConfig
                0x08007d64       0x78 ./Drivers/STM32L4xx_HAL_Driver/Src/stm32l4xx_hal_tim.o
 .text.TIM_TI4_SetConfig
                0x08007ddc       0x7a ./Drivers/STM32L4xx_HAL_Driver/Src/stm32l4xx_hal_tim.o
 .text.TIM_ITRx_SetConfig
                0x08007e56       0x36 ./Drivers/STM32L4xx_HAL_Driver/Src/stm32l4xx_hal_tim.o
 .text.TIM_ETR_SetConfig
                0x08007e8c       0x40 ./Drivers/STM32L4xx_HAL_Driver/Src/stm32l4xx_hal_tim.o
                0x08007e8c                TIM_ETR_SetConfig
 .text.TIM_CCxChannelCmd
                0x08007ecc       0x4a ./Drivers/STM32L4xx_HAL_Driver/Src/stm32l4xx_hal_tim.o
                0x08007ecc                TIM_CCxChannelCmd
 *fill*         0x08007f16        0x2 
 .text.HAL_TIMEx_MasterConfigSynchronization
                0x08007f18      0x110 ./Drivers/STM32L4xx_HAL_Driver/Src/stm32l4xx_hal_tim_ex.o
                0x08007f18                HAL_TIMEx_MasterConfigSynchronization
 .text.HAL_TIMEx_ConfigBreakDeadTime
                0x08008028       0xfc ./Drivers/STM32L4xx_HAL_Driver/Src/stm32l4xx_hal_tim_ex.o
                0x08008028                HAL_TIMEx_ConfigBreakDeadTime
 .text.HAL_TIMEx_CommutCallback
                0x08008124       0x14 ./Drivers/STM32L4xx_HAL_Driver/Src/stm32l4xx_hal_tim_ex.o
                0x08008124                HAL_TIMEx_CommutCallback
 .text.HAL_TIMEx_BreakCallback
                0x08008138       0x14 ./Drivers/STM32L4xx_HAL_Driver/Src/stm32l4xx_hal_tim_ex.o
                0x08008138                HAL_TIMEx_BreakCallback
 .text.HAL_TIMEx_Break2Callback
                0x0800814c       0x14 ./Drivers/STM32L4xx_HAL_Driver/Src/stm32l4xx_hal_tim_ex.o
                0x0800814c                HAL_TIMEx_Break2Callback
 .text.HAL_UART_Init
                0x08008160       0x9c ./Drivers/STM32L4xx_HAL_Driver/Src/stm32l4xx_hal_uart.o
                0x08008160                HAL_UART_Init
 .text.UART_SetConfig
                0x080081fc      0x570 ./Drivers/STM32L4xx_HAL_Driver/Src/stm32l4xx_hal_uart.o
                0x080081fc                UART_SetConfig
 .text.UART_AdvFeatureConfig
                0x0800876c      0x144 ./Drivers/STM32L4xx_HAL_Driver/Src/stm32l4xx_hal_uart.o
                0x0800876c                UART_AdvFeatureConfig
 .text.UART_CheckIdleState
                0x080088b0      0x150 ./Drivers/STM32L4xx_HAL_Driver/Src/stm32l4xx_hal_uart.o
                0x080088b0                UART_CheckIdleState
 .text.UART_WaitOnFlagUntilTimeout
                0x08008a00       0xda ./Drivers/STM32L4xx_HAL_Driver/Src/stm32l4xx_hal_uart.o
                0x08008a00                UART_WaitOnFlagUntilTimeout
 .text.UART_EndRxTransfer
                0x08008ada       0xc8 ./Drivers/STM32L4xx_HAL_Driver/Src/stm32l4xx_hal_uart.o
 .text.HAL_RS485Ex_Init
                0x08008ba2       0xce ./Drivers/STM32L4xx_HAL_Driver/Src/stm32l4xx_hal_uart_ex.o
                0x08008ba2                HAL_RS485Ex_Init
 .text.memset   0x08008c70       0x10 C:/ST/STM32CubeIDE_1.16.1/STM32CubeIDE/plugins/com.st.stm32cube.ide.mcu.externaltools.gnu-tools-for-stm32.13.3.rel1.win32_1.0.0.202411081344/tools/bin/../lib/gcc/arm-none-eabi/13.3.1/../../../../arm-none-eabi/lib/thumb/v7e-m+fp/hard\libc_nano.a(libc_a-memset.o)
                0x08008c70                memset
 .text.__libc_init_array
                0x08008c80       0x48 C:/ST/STM32CubeIDE_1.16.1/STM32CubeIDE/plugins/com.st.stm32cube.ide.mcu.externaltools.gnu-tools-for-stm32.13.3.rel1.win32_1.0.0.202411081344/tools/bin/../lib/gcc/arm-none-eabi/13.3.1/../../../../arm-none-eabi/lib/thumb/v7e-m+fp/hard\libc_nano.a(libc_a-init.o)
                0x08008c80                __libc_init_array
 *(.glue_7)
 .glue_7        0x08008cc8        0x0 linker stubs
 *(.glue_7t)
 .glue_7t       0x08008cc8        0x0 linker stubs
 *(.eh_frame)
 .eh_frame      0x08008cc8        0x0 C:/ST/STM32CubeIDE_1.16.1/STM32CubeIDE/plugins/com.st.stm32cube.ide.mcu.externaltools.gnu-tools-for-stm32.13.3.rel1.win32_1.0.0.202411081344/tools/bin/../lib/gcc/arm-none-eabi/13.3.1/thumb/v7e-m+fp/hard/crtbegin.o
 *(.init)
 .init          0x08008cc8        0x4 C:/ST/STM32CubeIDE_1.16.1/STM32CubeIDE/plugins/com.st.stm32cube.ide.mcu.externaltools.gnu-tools-for-stm32.13.3.rel1.win32_1.0.0.202411081344/tools/bin/../lib/gcc/arm-none-eabi/13.3.1/thumb/v7e-m+fp/hard/crti.o
                0x08008cc8                _init
 .init          0x08008ccc        0x8 C:/ST/STM32CubeIDE_1.16.1/STM32CubeIDE/plugins/com.st.stm32cube.ide.mcu.externaltools.gnu-tools-for-stm32.13.3.rel1.win32_1.0.0.202411081344/tools/bin/../lib/gcc/arm-none-eabi/13.3.1/thumb/v7e-m+fp/hard/crtn.o
 *(.fini)
 .fini          0x08008cd4        0x4 C:/ST/STM32CubeIDE_1.16.1/STM32CubeIDE/plugins/com.st.stm32cube.ide.mcu.externaltools.gnu-tools-for-stm32.13.3.rel1.win32_1.0.0.202411081344/tools/bin/../lib/gcc/arm-none-eabi/13.3.1/thumb/v7e-m+fp/hard/crti.o
                0x08008cd4                _fini
 .fini          0x08008cd8        0x8 C:/ST/STM32CubeIDE_1.16.1/STM32CubeIDE/plugins/com.st.stm32cube.ide.mcu.externaltools.gnu-tools-for-stm32.13.3.rel1.win32_1.0.0.202411081344/tools/bin/../lib/gcc/arm-none-eabi/13.3.1/thumb/v7e-m+fp/hard/crtn.o
                0x08008ce0                        . = ALIGN (0x4)
                0x08008ce0                        _etext = .

.vfp11_veneer   0x08008ce0        0x0
 .vfp11_veneer  0x08008ce0        0x0 linker stubs

.v4_bx          0x08008ce0        0x0
 .v4_bx         0x08008ce0        0x0 linker stubs

.iplt           0x08008ce0        0x0
 .iplt          0x08008ce0        0x0 C:/ST/STM32CubeIDE_1.16.1/STM32CubeIDE/plugins/com.st.stm32cube.ide.mcu.externaltools.gnu-tools-for-stm32.13.3.rel1.win32_1.0.0.202411081344/tools/bin/../lib/gcc/arm-none-eabi/13.3.1/thumb/v7e-m+fp/hard/crtbegin.o

.rodata         0x08008ce0       0x4c
                0x08008ce0                        . = ALIGN (0x4)
 *(.rodata)
 .rodata        0x08008ce0        0x3 ./Core/Src/main.o
 *(.rodata*)
 *fill*         0x08008ce3        0x1 
 .rodata.AHBPrescTable
                0x08008ce4       0x10 ./Core/Src/system_stm32l4xx.o
                0x08008ce4                AHBPrescTable
 .rodata.APBPrescTable
                0x08008cf4        0x8 ./Core/Src/system_stm32l4xx.o
                0x08008cf4                APBPrescTable
 .rodata.MSIRangeTable
                0x08008cfc       0x30 ./Core/Src/system_stm32l4xx.o
                0x08008cfc                MSIRangeTable
                0x08008d2c                        . = ALIGN (0x4)

.ARM.extab      0x08008d2c        0x0
                0x08008d2c                        . = ALIGN (0x4)
 *(.ARM.extab* .gnu.linkonce.armextab.*)
                0x08008d2c                        . = ALIGN (0x4)

.ARM            0x08008d2c        0x8
                0x08008d2c                        . = ALIGN (0x4)
                0x08008d2c                        __exidx_start = .
 *(.ARM.exidx*)
 .ARM.exidx     0x08008d2c        0x8 C:/ST/STM32CubeIDE_1.16.1/STM32CubeIDE/plugins/com.st.stm32cube.ide.mcu.externaltools.gnu-tools-for-stm32.13.3.rel1.win32_1.0.0.202411081344/tools/bin/../lib/gcc/arm-none-eabi/13.3.1/thumb/v7e-m+fp/hard\libgcc.a(_udivmoddi4.o)
                0x08008d34                        __exidx_end = .
                0x08008d34                        . = ALIGN (0x4)

.preinit_array  0x08008d34        0x0
                0x08008d34                        . = ALIGN (0x4)
                0x08008d34                        PROVIDE (__preinit_array_start = .)
 *(.preinit_array*)
                0x08008d34                        PROVIDE (__preinit_array_end = .)
                0x08008d34                        . = ALIGN (0x4)

.init_array     0x08008d34        0x4
                0x08008d34                        . = ALIGN (0x4)
                0x08008d34                        PROVIDE (__init_array_start = .)
 *(SORT_BY_NAME(.init_array.*))
 *(.init_array*)
 .init_array    0x08008d34        0x4 C:/ST/STM32CubeIDE_1.16.1/STM32CubeIDE/plugins/com.st.stm32cube.ide.mcu.externaltools.gnu-tools-for-stm32.13.3.rel1.win32_1.0.0.202411081344/tools/bin/../lib/gcc/arm-none-eabi/13.3.1/thumb/v7e-m+fp/hard/crtbegin.o
                0x08008d38                        PROVIDE (__init_array_end = .)
                0x08008d38                        . = ALIGN (0x4)

.fini_array     0x08008d38        0x4
                0x08008d38                        . = ALIGN (0x4)
                [!provide]                        PROVIDE (__fini_array_start = .)
 *(SORT_BY_NAME(.fini_array.*))
 *(.fini_array*)
 .fini_array    0x08008d38        0x4 C:/ST/STM32CubeIDE_1.16.1/STM32CubeIDE/plugins/com.st.stm32cube.ide.mcu.externaltools.gnu-tools-for-stm32.13.3.rel1.win32_1.0.0.202411081344/tools/bin/../lib/gcc/arm-none-eabi/13.3.1/thumb/v7e-m+fp/hard/crtbegin.o
                [!provide]                        PROVIDE (__fini_array_end = .)
                0x08008d3c                        . = ALIGN (0x4)
                0x08008d3c                        _sidata = LOADADDR (.data)

.rel.dyn        0x08008d3c        0x0
 .rel.iplt      0x08008d3c        0x0 C:/ST/STM32CubeIDE_1.16.1/STM32CubeIDE/plugins/com.st.stm32cube.ide.mcu.externaltools.gnu-tools-for-stm32.13.3.rel1.win32_1.0.0.202411081344/tools/bin/../lib/gcc/arm-none-eabi/13.3.1/thumb/v7e-m+fp/hard/crtbegin.o

.data           0x20000000        0xc load address 0x08008d3c
                0x20000000                        . = ALIGN (0x4)
                0x20000000                        _sdata = .
 *(.data)
 *(.data*)
 .data.SystemCoreClock
                0x20000000        0x4 ./Core/Src/system_stm32l4xx.o
                0x20000000                SystemCoreClock
 .data.uwTickPrio
                0x20000004        0x4 ./Drivers/STM32L4xx_HAL_Driver/Src/stm32l4xx_hal.o
                0x20000004                uwTickPrio
 .data.uwTickFreq
                0x20000008        0x1 ./Drivers/STM32L4xx_HAL_Driver/Src/stm32l4xx_hal.o
                0x20000008                uwTickFreq
 *(.RamFunc)
 *(.RamFunc*)
                0x2000000c                        . = ALIGN (0x4)
 *fill*         0x20000009        0x3 
                0x2000000c                        _edata = .

.igot.plt       0x2000000c        0x0 load address 0x08008d48
 .igot.plt      0x2000000c        0x0 C:/ST/STM32CubeIDE_1.16.1/STM32CubeIDE/plugins/com.st.stm32cube.ide.mcu.externaltools.gnu-tools-for-stm32.13.3.rel1.win32_1.0.0.202411081344/tools/bin/../lib/gcc/arm-none-eabi/13.3.1/thumb/v7e-m+fp/hard/crtbegin.o
                0x2000000c                        . = ALIGN (0x4)

.bss            0x2000000c      0x780 load address 0x08008d48
                0x2000000c                        _sbss = .
                0x2000000c                        __bss_start__ = _sbss
 *(.bss)
 .bss           0x2000000c       0x1c C:/ST/STM32CubeIDE_1.16.1/STM32CubeIDE/plugins/com.st.stm32cube.ide.mcu.externaltools.gnu-tools-for-stm32.13.3.rel1.win32_1.0.0.202411081344/tools/bin/../lib/gcc/arm-none-eabi/13.3.1/thumb/v7e-m+fp/hard/crtbegin.o
 *(.bss*)
 .bss.BNO055_I2C
                0x20000028        0x4 ./Core/Src/bno055.o
                0x20000028                BNO055_I2C
 .bss.state     0x2000002c        0x2 ./Core/Src/bno055.o
                0x2000002c                state
 *fill*         0x2000002e        0x2 
 .bss.hadc1     0x20000030       0x68 ./Core/Src/main.o
                0x20000030                hadc1
 .bss.hcan1     0x20000098       0x28 ./Core/Src/main.o
                0x20000098                hcan1
 .bss.hi2c1     0x200000c0       0x54 ./Core/Src/main.o
                0x200000c0                hi2c1
 .bss.hi2c2     0x20000114       0x54 ./Core/Src/main.o
                0x20000114                hi2c2
 .bss.hi2c4     0x20000168       0x54 ./Core/Src/main.o
                0x20000168                hi2c4
 .bss.hlpuart1  0x200001bc       0x88 ./Core/Src/main.o
                0x200001bc                hlpuart1
 .bss.huart4    0x20000244       0x88 ./Core/Src/main.o
                0x20000244                huart4
 .bss.huart2    0x200002cc       0x88 ./Core/Src/main.o
                0x200002cc                huart2
 .bss.huart3    0x20000354       0x88 ./Core/Src/main.o
                0x20000354                huart3
 .bss.hqspi     0x200003dc       0x4c ./Core/Src/main.o
                0x200003dc                hqspi
 .bss.hspi1     0x20000428       0x64 ./Core/Src/main.o
                0x20000428                hspi1
 .bss.hspi3     0x2000048c       0x64 ./Core/Src/main.o
                0x2000048c                hspi3
 .bss.htim1     0x200004f0       0x4c ./Core/Src/main.o
                0x200004f0                htim1
 .bss.htim2     0x2000053c       0x4c ./Core/Src/main.o
                0x2000053c                htim2
 .bss.htim3     0x20000588       0x4c ./Core/Src/main.o
                0x20000588                htim3
 .bss.htim4     0x200005d4       0x4c ./Core/Src/main.o
                0x200005d4                htim4
 .bss.htim5     0x20000620       0x4c ./Core/Src/main.o
                0x20000620                htim5
 .bss.htim7     0x2000066c       0x4c ./Core/Src/main.o
                0x2000066c                htim7
 .bss.htim15    0x200006b8       0x4c ./Core/Src/main.o
                0x200006b8                htim15
 .bss.motor_x_var
                0x20000704       0x10 ./Core/Src/main.o
 .bss.motor_y_var
                0x20000714       0x10 ./Core/Src/main.o
 .bss.motor_z_var
                0x20000724       0x10 ./Core/Src/main.o
 .bss.X_Motor   0x20000734       0x1c ./Core/Src/main.o
 .bss.Y_Motor   0x20000750       0x1c ./Core/Src/main.o
 .bss.Z_Motor   0x2000076c       0x1c ./Core/Src/main.o
 .bss.uwTick    0x20000788        0x4 ./Drivers/STM32L4xx_HAL_Driver/Src/stm32l4xx_hal.o
                0x20000788                uwTick
 *(COMMON)
                0x2000078c                        . = ALIGN (0x4)
                0x2000078c                        _ebss = .
                0x2000078c                        __bss_end__ = _ebss

._user_heap_stack
                0x2000078c      0x604 load address 0x08008d48
                0x20000790                        . = ALIGN (0x8)
 *fill*         0x2000078c        0x4 
                [!provide]                        PROVIDE (end = .)
                0x20000790                        PROVIDE (_end = .)
                0x20000990                        . = (. + _Min_Heap_Size)
 *fill*         0x20000790      0x200 
                0x20000d90                        . = (. + _Min_Stack_Size)
 *fill*         0x20000990      0x400 
                0x20000d90                        . = ALIGN (0x8)

/DISCARD/
 libc.a(*)
 libm.a(*)
 libgcc.a(*)

.ARM.attributes
                0x00000000       0x30
 *(.ARM.attributes)
 .ARM.attributes
                0x00000000       0x22 C:/ST/STM32CubeIDE_1.16.1/STM32CubeIDE/plugins/com.st.stm32cube.ide.mcu.externaltools.gnu-tools-for-stm32.13.3.rel1.win32_1.0.0.202411081344/tools/bin/../lib/gcc/arm-none-eabi/13.3.1/thumb/v7e-m+fp/hard/crti.o
 .ARM.attributes
                0x00000022       0x34 C:/ST/STM32CubeIDE_1.16.1/STM32CubeIDE/plugins/com.st.stm32cube.ide.mcu.externaltools.gnu-tools-for-stm32.13.3.rel1.win32_1.0.0.202411081344/tools/bin/../lib/gcc/arm-none-eabi/13.3.1/thumb/v7e-m+fp/hard/crtbegin.o
 .ARM.attributes
                0x00000056       0x34 ./Core/Src/bno055.o
 .ARM.attributes
                0x0000008a       0x34 ./Core/Src/main.o
 .ARM.attributes
                0x000000be       0x34 ./Core/Src/motordrivers.o
 .ARM.attributes
                0x000000f2       0x34 ./Core/Src/motorencoder.o
 .ARM.attributes
                0x00000126       0x34 ./Core/Src/stm32l4xx_hal_msp.o
 .ARM.attributes
                0x0000015a       0x34 ./Core/Src/stm32l4xx_it.o
 .ARM.attributes
                0x0000018e       0x34 ./Core/Src/system_stm32l4xx.o
 .ARM.attributes
                0x000001c2       0x21 ./Core/Startup/startup_stm32l496zgtx.o
 .ARM.attributes
                0x000001e3       0x34 ./Drivers/STM32L4xx_HAL_Driver/Src/stm32l4xx_hal.o
 .ARM.attributes
                0x00000217       0x34 ./Drivers/STM32L4xx_HAL_Driver/Src/stm32l4xx_hal_adc.o
 .ARM.attributes
                0x0000024b       0x34 ./Drivers/STM32L4xx_HAL_Driver/Src/stm32l4xx_hal_adc_ex.o
 .ARM.attributes
                0x0000027f       0x34 ./Drivers/STM32L4xx_HAL_Driver/Src/stm32l4xx_hal_can.o
 .ARM.attributes
                0x000002b3       0x34 ./Drivers/STM32L4xx_HAL_Driver/Src/stm32l4xx_hal_cortex.o
 .ARM.attributes
                0x000002e7       0x34 ./Drivers/STM32L4xx_HAL_Driver/Src/stm32l4xx_hal_gpio.o
 .ARM.attributes
                0x0000031b       0x34 ./Drivers/STM32L4xx_HAL_Driver/Src/stm32l4xx_hal_i2c.o
 .ARM.attributes
                0x0000034f       0x34 ./Drivers/STM32L4xx_HAL_Driver/Src/stm32l4xx_hal_i2c_ex.o
 .ARM.attributes
                0x00000383       0x34 ./Drivers/STM32L4xx_HAL_Driver/Src/stm32l4xx_hal_pwr_ex.o
 .ARM.attributes
                0x000003b7       0x34 ./Drivers/STM32L4xx_HAL_Driver/Src/stm32l4xx_hal_qspi.o
 .ARM.attributes
                0x000003eb       0x34 ./Drivers/STM32L4xx_HAL_Driver/Src/stm32l4xx_hal_rcc.o
 .ARM.attributes
                0x0000041f       0x34 ./Drivers/STM32L4xx_HAL_Driver/Src/stm32l4xx_hal_rcc_ex.o
 .ARM.attributes
                0x00000453       0x34 ./Drivers/STM32L4xx_HAL_Driver/Src/stm32l4xx_hal_spi.o
 .ARM.attributes
                0x00000487       0x34 ./Drivers/STM32L4xx_HAL_Driver/Src/stm32l4xx_hal_tim.o
 .ARM.attributes
                0x000004bb       0x34 ./Drivers/STM32L4xx_HAL_Driver/Src/stm32l4xx_hal_tim_ex.o
 .ARM.attributes
                0x000004ef       0x34 ./Drivers/STM32L4xx_HAL_Driver/Src/stm32l4xx_hal_uart.o
 .ARM.attributes
                0x00000523       0x34 ./Drivers/STM32L4xx_HAL_Driver/Src/stm32l4xx_hal_uart_ex.o
 .ARM.attributes
                0x00000557       0x34 C:/ST/STM32CubeIDE_1.16.1/STM32CubeIDE/plugins/com.st.stm32cube.ide.mcu.externaltools.gnu-tools-for-stm32.13.3.rel1.win32_1.0.0.202411081344/tools/bin/../lib/gcc/arm-none-eabi/13.3.1/../../../../arm-none-eabi/lib/thumb/v7e-m+fp/hard\libc_nano.a(libc_a-memset.o)
 .ARM.attributes
                0x0000058b       0x34 C:/ST/STM32CubeIDE_1.16.1/STM32CubeIDE/plugins/com.st.stm32cube.ide.mcu.externaltools.gnu-tools-for-stm32.13.3.rel1.win32_1.0.0.202411081344/tools/bin/../lib/gcc/arm-none-eabi/13.3.1/../../../../arm-none-eabi/lib/thumb/v7e-m+fp/hard\libc_nano.a(libc_a-init.o)
 .ARM.attributes
                0x000005bf       0x22 C:/ST/STM32CubeIDE_1.16.1/STM32CubeIDE/plugins/com.st.stm32cube.ide.mcu.externaltools.gnu-tools-for-stm32.13.3.rel1.win32_1.0.0.202411081344/tools/bin/../lib/gcc/arm-none-eabi/13.3.1/thumb/v7e-m+fp/hard\libgcc.a(_aeabi_uldivmod.o)
 .ARM.attributes
                0x000005e1       0x34 C:/ST/STM32CubeIDE_1.16.1/STM32CubeIDE/plugins/com.st.stm32cube.ide.mcu.externaltools.gnu-tools-for-stm32.13.3.rel1.win32_1.0.0.202411081344/tools/bin/../lib/gcc/arm-none-eabi/13.3.1/thumb/v7e-m+fp/hard\libgcc.a(_udivmoddi4.o)
 .ARM.attributes
                0x00000615       0x22 C:/ST/STM32CubeIDE_1.16.1/STM32CubeIDE/plugins/com.st.stm32cube.ide.mcu.externaltools.gnu-tools-for-stm32.13.3.rel1.win32_1.0.0.202411081344/tools/bin/../lib/gcc/arm-none-eabi/13.3.1/thumb/v7e-m+fp/hard\libgcc.a(_dvmd_tls.o)
 .ARM.attributes
                0x00000637       0x22 C:/ST/STM32CubeIDE_1.16.1/STM32CubeIDE/plugins/com.st.stm32cube.ide.mcu.externaltools.gnu-tools-for-stm32.13.3.rel1.win32_1.0.0.202411081344/tools/bin/../lib/gcc/arm-none-eabi/13.3.1/thumb/v7e-m+fp/hard/crtn.o
OUTPUT(SS_MOCK_V2.elf elf32-littlearm)
LOAD linker stubs
LOAD C:/ST/STM32CubeIDE_1.16.1/STM32CubeIDE/plugins/com.st.stm32cube.ide.mcu.externaltools.gnu-tools-for-stm32.13.3.rel1.win32_1.0.0.202411081344/tools/bin/../lib/gcc/arm-none-eabi/13.3.1/../../../../arm-none-eabi/lib/thumb/v7e-m+fp/hard\libc.a
LOAD C:/ST/STM32CubeIDE_1.16.1/STM32CubeIDE/plugins/com.st.stm32cube.ide.mcu.externaltools.gnu-tools-for-stm32.13.3.rel1.win32_1.0.0.202411081344/tools/bin/../lib/gcc/arm-none-eabi/13.3.1/../../../../arm-none-eabi/lib/thumb/v7e-m+fp/hard\libm.a
LOAD C:/ST/STM32CubeIDE_1.16.1/STM32CubeIDE/plugins/com.st.stm32cube.ide.mcu.externaltools.gnu-tools-for-stm32.13.3.rel1.win32_1.0.0.202411081344/tools/bin/../lib/gcc/arm-none-eabi/13.3.1/thumb/v7e-m+fp/hard\libgcc.a

.debug_info     0x00000000    0x1f0f6
 .debug_info    0x00000000      0xd9b ./Core/Src/bno055.o
 .debug_info    0x00000d9b     0x2fc9 ./Core/Src/main.o
 .debug_info    0x00003d64      0x8f5 ./Core/Src/motordrivers.o
 .debug_info    0x00004659      0x770 ./Core/Src/motorencoder.o
 .debug_info    0x00004dc9     0x2a7d ./Core/Src/stm32l4xx_hal_msp.o
 .debug_info    0x00007846      0x708 ./Core/Src/stm32l4xx_it.o
 .debug_info    0x00007f4e      0x5cd ./Core/Src/system_stm32l4xx.o
 .debug_info    0x0000851b       0x30 ./Core/Startup/startup_stm32l496zgtx.o
 .debug_info    0x0000854b      0xb4b ./Drivers/STM32L4xx_HAL_Driver/Src/stm32l4xx_hal.o
 .debug_info    0x00009096     0x1dfb ./Drivers/STM32L4xx_HAL_Driver/Src/stm32l4xx_hal_adc.o
 .debug_info    0x0000ae91     0x1b67 ./Drivers/STM32L4xx_HAL_Driver/Src/stm32l4xx_hal_adc_ex.o
 .debug_info    0x0000c9f8      0xf17 ./Drivers/STM32L4xx_HAL_Driver/Src/stm32l4xx_hal_can.o
 .debug_info    0x0000d90f      0xdb7 ./Drivers/STM32L4xx_HAL_Driver/Src/stm32l4xx_hal_cortex.o
 .debug_info    0x0000e6c6      0x76f ./Drivers/STM32L4xx_HAL_Driver/Src/stm32l4xx_hal_gpio.o
 .debug_info    0x0000ee35     0x20d2 ./Drivers/STM32L4xx_HAL_Driver/Src/stm32l4xx_hal_i2c.o
 .debug_info    0x00010f07      0x999 ./Drivers/STM32L4xx_HAL_Driver/Src/stm32l4xx_hal_i2c_ex.o
 .debug_info    0x000118a0      0x996 ./Drivers/STM32L4xx_HAL_Driver/Src/stm32l4xx_hal_pwr_ex.o
 .debug_info    0x00012236     0x11bf ./Drivers/STM32L4xx_HAL_Driver/Src/stm32l4xx_hal_qspi.o
 .debug_info    0x000133f5      0xc3b ./Drivers/STM32L4xx_HAL_Driver/Src/stm32l4xx_hal_rcc.o
 .debug_info    0x00014030     0x10c1 ./Drivers/STM32L4xx_HAL_Driver/Src/stm32l4xx_hal_rcc_ex.o
 .debug_info    0x000150f1     0x1549 ./Drivers/STM32L4xx_HAL_Driver/Src/stm32l4xx_hal_spi.o
 .debug_info    0x0001663a     0x2a9a ./Drivers/STM32L4xx_HAL_Driver/Src/stm32l4xx_hal_tim.o
 .debug_info    0x000190d4     0x169e ./Drivers/STM32L4xx_HAL_Driver/Src/stm32l4xx_hal_tim_ex.o
 .debug_info    0x0001a772     0x3b85 ./Drivers/STM32L4xx_HAL_Driver/Src/stm32l4xx_hal_uart.o
 .debug_info    0x0001e2f7      0xdff ./Drivers/STM32L4xx_HAL_Driver/Src/stm32l4xx_hal_uart_ex.o

.debug_abbrev   0x00000000     0x3951
 .debug_abbrev  0x00000000      0x2c2 ./Core/Src/bno055.o
 .debug_abbrev  0x000002c2      0x38b ./Core/Src/main.o
 .debug_abbrev  0x0000064d      0x1c1 ./Core/Src/motordrivers.o
 .debug_abbrev  0x0000080e      0x1ab ./Core/Src/motorencoder.o
 .debug_abbrev  0x000009b9      0x29c ./Core/Src/stm32l4xx_hal_msp.o
 .debug_abbrev  0x00000c55      0x193 ./Core/Src/stm32l4xx_it.o
 .debug_abbrev  0x00000de8      0x11a ./Core/Src/system_stm32l4xx.o
 .debug_abbrev  0x00000f02       0x24 ./Core/Startup/startup_stm32l496zgtx.o
 .debug_abbrev  0x00000f26      0x242 ./Drivers/STM32L4xx_HAL_Driver/Src/stm32l4xx_hal.o
 .debug_abbrev  0x00001168      0x2de ./Drivers/STM32L4xx_HAL_Driver/Src/stm32l4xx_hal_adc.o
 .debug_abbrev  0x00001446      0x2f1 ./Drivers/STM32L4xx_HAL_Driver/Src/stm32l4xx_hal_adc_ex.o
 .debug_abbrev  0x00001737      0x26f ./Drivers/STM32L4xx_HAL_Driver/Src/stm32l4xx_hal_can.o
 .debug_abbrev  0x000019a6      0x31c ./Drivers/STM32L4xx_HAL_Driver/Src/stm32l4xx_hal_cortex.o
 .debug_abbrev  0x00001cc2      0x1cb ./Drivers/STM32L4xx_HAL_Driver/Src/stm32l4xx_hal_gpio.o
 .debug_abbrev  0x00001e8d      0x261 ./Drivers/STM32L4xx_HAL_Driver/Src/stm32l4xx_hal_i2c.o
 .debug_abbrev  0x000020ee      0x1c3 ./Drivers/STM32L4xx_HAL_Driver/Src/stm32l4xx_hal_i2c_ex.o
 .debug_abbrev  0x000022b1      0x1f9 ./Drivers/STM32L4xx_HAL_Driver/Src/stm32l4xx_hal_pwr_ex.o
 .debug_abbrev  0x000024aa      0x250 ./Drivers/STM32L4xx_HAL_Driver/Src/stm32l4xx_hal_qspi.o
 .debug_abbrev  0x000026fa      0x2cb ./Drivers/STM32L4xx_HAL_Driver/Src/stm32l4xx_hal_rcc.o
 .debug_abbrev  0x000029c5      0x2a3 ./Drivers/STM32L4xx_HAL_Driver/Src/stm32l4xx_hal_rcc_ex.o
 .debug_abbrev  0x00002c68      0x260 ./Drivers/STM32L4xx_HAL_Driver/Src/stm32l4xx_hal_spi.o
 .debug_abbrev  0x00002ec8      0x278 ./Drivers/STM32L4xx_HAL_Driver/Src/stm32l4xx_hal_tim.o
 .debug_abbrev  0x00003140      0x283 ./Drivers/STM32L4xx_HAL_Driver/Src/stm32l4xx_hal_tim_ex.o
 .debug_abbrev  0x000033c3      0x2d0 ./Drivers/STM32L4xx_HAL_Driver/Src/stm32l4xx_hal_uart.o
 .debug_abbrev  0x00003693      0x2be ./Drivers/STM32L4xx_HAL_Driver/Src/stm32l4xx_hal_uart_ex.o

.debug_aranges  0x00000000     0x1c40
 .debug_aranges
                0x00000000       0xa8 ./Core/Src/bno055.o
 .debug_aranges
                0x000000a8       0xe8 ./Core/Src/main.o
 .debug_aranges
                0x00000190       0x28 ./Core/Src/motordrivers.o
 .debug_aranges
                0x000001b8       0x30 ./Core/Src/motorencoder.o
 .debug_aranges
                0x000001e8       0xc8 ./Core/Src/stm32l4xx_hal_msp.o
 .debug_aranges
                0x000002b0       0x68 ./Core/Src/stm32l4xx_it.o
 .debug_aranges
                0x00000318       0x28 ./Core/Src/system_stm32l4xx.o
 .debug_aranges
                0x00000340       0x28 ./Core/Startup/startup_stm32l496zgtx.o
 .debug_aranges
                0x00000368      0x130 ./Drivers/STM32L4xx_HAL_Driver/Src/stm32l4xx_hal.o
 .debug_aranges
                0x00000498      0x228 ./Drivers/STM32L4xx_HAL_Driver/Src/stm32l4xx_hal_adc.o
 .debug_aranges
                0x000006c0      0x1b0 ./Drivers/STM32L4xx_HAL_Driver/Src/stm32l4xx_hal_adc_ex.o
 .debug_aranges
                0x00000870      0x138 ./Drivers/STM32L4xx_HAL_Driver/Src/stm32l4xx_hal_can.o
 .debug_aranges
                0x000009a8      0x128 ./Drivers/STM32L4xx_HAL_Driver/Src/stm32l4xx_hal_cortex.o
 .debug_aranges
                0x00000ad0       0x58 ./Drivers/STM32L4xx_HAL_Driver/Src/stm32l4xx_hal_gpio.o
 .debug_aranges
                0x00000b28      0x2a0 ./Drivers/STM32L4xx_HAL_Driver/Src/stm32l4xx_hal_i2c.o
 .debug_aranges
                0x00000dc8       0x48 ./Drivers/STM32L4xx_HAL_Driver/Src/stm32l4xx_hal_i2c_ex.o
 .debug_aranges
                0x00000e10      0x150 ./Drivers/STM32L4xx_HAL_Driver/Src/stm32l4xx_hal_pwr_ex.o
 .debug_aranges
                0x00000f60      0x168 ./Drivers/STM32L4xx_HAL_Driver/Src/stm32l4xx_hal_qspi.o
 .debug_aranges
                0x000010c8       0x90 ./Drivers/STM32L4xx_HAL_Driver/Src/stm32l4xx_hal_rcc.o
 .debug_aranges
                0x00001158      0x108 ./Drivers/STM32L4xx_HAL_Driver/Src/stm32l4xx_hal_rcc_ex.o
 .debug_aranges
                0x00001260      0x1d8 ./Drivers/STM32L4xx_HAL_Driver/Src/stm32l4xx_hal_spi.o
 .debug_aranges
                0x00001438      0x3e0 ./Drivers/STM32L4xx_HAL_Driver/Src/stm32l4xx_hal_tim.o
 .debug_aranges
                0x00001818      0x180 ./Drivers/STM32L4xx_HAL_Driver/Src/stm32l4xx_hal_tim_ex.o
 .debug_aranges
                0x00001998      0x228 ./Drivers/STM32L4xx_HAL_Driver/Src/stm32l4xx_hal_uart.o
 .debug_aranges
                0x00001bc0       0x80 ./Drivers/STM32L4xx_HAL_Driver/Src/stm32l4xx_hal_uart_ex.o

.debug_rnglists
                0x00000000     0x163a
 .debug_rnglists
                0x00000000       0x82 ./Core/Src/bno055.o
 .debug_rnglists
                0x00000082       0xb7 ./Core/Src/main.o
 .debug_rnglists
                0x00000139       0x1b ./Core/Src/motordrivers.o
 .debug_rnglists
                0x00000154       0x20 ./Core/Src/motorencoder.o
 .debug_rnglists
                0x00000174       0x9d ./Core/Src/stm32l4xx_hal_msp.o
 .debug_rnglists
                0x00000211       0x49 ./Core/Src/stm32l4xx_it.o
 .debug_rnglists
                0x0000025a       0x1a ./Core/Src/system_stm32l4xx.o
 .debug_rnglists
                0x00000274       0x19 ./Core/Startup/startup_stm32l496zgtx.o
 .debug_rnglists
                0x0000028d       0xdf ./Drivers/STM32L4xx_HAL_Driver/Src/stm32l4xx_hal.o
 .debug_rnglists
                0x0000036c      0x1b7 ./Drivers/STM32L4xx_HAL_Driver/Src/stm32l4xx_hal_adc.o
 .debug_rnglists
                0x00000523      0x14e ./Drivers/STM32L4xx_HAL_Driver/Src/stm32l4xx_hal_adc_ex.o
 .debug_rnglists
                0x00000671       0xee ./Drivers/STM32L4xx_HAL_Driver/Src/stm32l4xx_hal_can.o
 .debug_rnglists
                0x0000075f       0xda ./Drivers/STM32L4xx_HAL_Driver/Src/stm32l4xx_hal_cortex.o
 .debug_rnglists
                0x00000839       0x3f ./Drivers/STM32L4xx_HAL_Driver/Src/stm32l4xx_hal_gpio.o
 .debug_rnglists
                0x00000878      0x228 ./Drivers/STM32L4xx_HAL_Driver/Src/stm32l4xx_hal_i2c.o
 .debug_rnglists
                0x00000aa0       0x35 ./Drivers/STM32L4xx_HAL_Driver/Src/stm32l4xx_hal_i2c_ex.o
 .debug_rnglists
                0x00000ad5       0xfd ./Drivers/STM32L4xx_HAL_Driver/Src/stm32l4xx_hal_pwr_ex.o
 .debug_rnglists
                0x00000bd2      0x119 ./Drivers/STM32L4xx_HAL_Driver/Src/stm32l4xx_hal_qspi.o
 .debug_rnglists
                0x00000ceb       0x6d ./Drivers/STM32L4xx_HAL_Driver/Src/stm32l4xx_hal_rcc.o
 .debug_rnglists
                0x00000d58       0xce ./Drivers/STM32L4xx_HAL_Driver/Src/stm32l4xx_hal_rcc_ex.o
 .debug_rnglists
                0x00000e26      0x178 ./Drivers/STM32L4xx_HAL_Driver/Src/stm32l4xx_hal_spi.o
 .debug_rnglists
                0x00000f9e      0x328 ./Drivers/STM32L4xx_HAL_Driver/Src/stm32l4xx_hal_tim.o
 .debug_rnglists
                0x000012c6      0x139 ./Drivers/STM32L4xx_HAL_Driver/Src/stm32l4xx_hal_tim_ex.o
 .debug_rnglists
                0x000013ff      0x1db ./Drivers/STM32L4xx_HAL_Driver/Src/stm32l4xx_hal_uart.o
 .debug_rnglists
                0x000015da       0x60 ./Drivers/STM32L4xx_HAL_Driver/Src/stm32l4xx_hal_uart_ex.o

.debug_macro    0x00000000     0x4762
 .debug_macro   0x00000000      0x304 ./Core/Src/bno055.o
 .debug_macro   0x00000304       0x2a ./Core/Src/bno055.o
 .debug_macro   0x0000032e       0x61 ./Core/Src/bno055.o
 .debug_macro   0x0000038f       0x43 ./Core/Src/bno055.o
 .debug_macro   0x000003d2       0x34 ./Core/Src/bno055.o
 .debug_macro   0x00000406       0x16 ./Core/Src/bno055.o
 .debug_macro   0x0000041c      0x11c ./Core/Src/bno055.o
 .debug_macro   0x00000538       0x9b ./Core/Src/bno055.o
 .debug_macro   0x000005d3      0x370 ./Core/Src/bno055.o
 .debug_macro   0x00000943       0x16 ./Core/Src/bno055.o
 .debug_macro   0x00000959       0x4a ./Core/Src/bno055.o
 .debug_macro   0x000009a3       0x34 ./Core/Src/bno055.o
 .debug_macro   0x000009d7       0x10 ./Core/Src/bno055.o
 .debug_macro   0x000009e7       0x58 ./Core/Src/bno055.o
 .debug_macro   0x00000a3f       0x8e ./Core/Src/bno055.o
 .debug_macro   0x00000acd       0x1c ./Core/Src/bno055.o
 .debug_macro   0x00000ae9      0x185 ./Core/Src/bno055.o
 .debug_macro   0x00000c6e       0x16 ./Core/Src/bno055.o
 .debug_macro   0x00000c84       0x29 ./Core/Src/bno055.o
 .debug_macro   0x00000cad       0x56 ./Core/Src/bno055.o
 .debug_macro   0x00000d03      0x3b5 ./Core/Src/bno055.o
 .debug_macro   0x000010b8      0x333 ./Core/Src/main.o
 .debug_macro   0x000013eb      0x178 ./Core/Src/main.o
 .debug_macro   0x00001563       0x3c ./Core/Src/main.o
 .debug_macro   0x0000159f      0x235 ./Core/Src/motordrivers.o
 .debug_macro   0x000017d4      0x22f ./Core/Src/motorencoder.o
 .debug_macro   0x00001a03      0x234 ./Core/Src/stm32l4xx_hal_msp.o
 .debug_macro   0x00001c37      0x23e ./Core/Src/stm32l4xx_it.o
 .debug_macro   0x00001e75      0x225 ./Core/Src/system_stm32l4xx.o
 .debug_macro   0x0000209a      0x273 ./Drivers/STM32L4xx_HAL_Driver/Src/stm32l4xx_hal.o
 .debug_macro   0x0000230d      0x242 ./Drivers/STM32L4xx_HAL_Driver/Src/stm32l4xx_hal_adc.o
 .debug_macro   0x0000254f      0x231 ./Drivers/STM32L4xx_HAL_Driver/Src/stm32l4xx_hal_adc_ex.o
 .debug_macro   0x00002780      0x234 ./Drivers/STM32L4xx_HAL_Driver/Src/stm32l4xx_hal_can.o
 .debug_macro   0x000029b4      0x225 ./Drivers/STM32L4xx_HAL_Driver/Src/stm32l4xx_hal_cortex.o
 .debug_macro   0x00002bd9      0x22c ./Drivers/STM32L4xx_HAL_Driver/Src/stm32l4xx_hal_gpio.o
 .debug_macro   0x00002e05      0x2f1 ./Drivers/STM32L4xx_HAL_Driver/Src/stm32l4xx_hal_i2c.o
 .debug_macro   0x000030f6      0x225 ./Drivers/STM32L4xx_HAL_Driver/Src/stm32l4xx_hal_i2c_ex.o
 .debug_macro   0x0000331b      0x24f ./Drivers/STM32L4xx_HAL_Driver/Src/stm32l4xx_hal_pwr_ex.o
 .debug_macro   0x0000356a      0x249 ./Drivers/STM32L4xx_HAL_Driver/Src/stm32l4xx_hal_qspi.o
 .debug_macro   0x000037b3      0x267 ./Drivers/STM32L4xx_HAL_Driver/Src/stm32l4xx_hal_rcc.o
 .debug_macro   0x00003a1a      0x25b ./Drivers/STM32L4xx_HAL_Driver/Src/stm32l4xx_hal_rcc_ex.o
 .debug_macro   0x00003c75      0x22d ./Drivers/STM32L4xx_HAL_Driver/Src/stm32l4xx_hal_spi.o
 .debug_macro   0x00003ea2      0x226 ./Drivers/STM32L4xx_HAL_Driver/Src/stm32l4xx_hal_tim.o
 .debug_macro   0x000040c8      0x225 ./Drivers/STM32L4xx_HAL_Driver/Src/stm32l4xx_hal_tim_ex.o
 .debug_macro   0x000042ed      0x250 ./Drivers/STM32L4xx_HAL_Driver/Src/stm32l4xx_hal_uart.o
 .debug_macro   0x0000453d      0x225 ./Drivers/STM32L4xx_HAL_Driver/Src/stm32l4xx_hal_uart_ex.o

.debug_line     0x00000000    0x20c7d
 .debug_line    0x00000000      0xdde ./Core/Src/bno055.o
 .debug_line    0x00000dde     0x128d ./Core/Src/main.o
 .debug_line    0x0000206b      0x927 ./Core/Src/motordrivers.o
 .debug_line    0x00002992      0x896 ./Core/Src/motorencoder.o
 .debug_line    0x00003228      0xdcd ./Core/Src/stm32l4xx_hal_msp.o
 .debug_line    0x00003ff5      0x8e6 ./Core/Src/stm32l4xx_it.o
 .debug_line    0x000048db      0x8bd ./Core/Src/system_stm32l4xx.o
 .debug_line    0x00005198       0x7a ./Core/Startup/startup_stm32l496zgtx.o
 .debug_line    0x00005212      0xc25 ./Drivers/STM32L4xx_HAL_Driver/Src/stm32l4xx_hal.o
 .debug_line    0x00005e37     0x203b ./Drivers/STM32L4xx_HAL_Driver/Src/stm32l4xx_hal_adc.o
 .debug_line    0x00007e72     0x1a2f ./Drivers/STM32L4xx_HAL_Driver/Src/stm32l4xx_hal_adc_ex.o
 .debug_line    0x000098a1     0x12d1 ./Drivers/STM32L4xx_HAL_Driver/Src/stm32l4xx_hal_can.o
 .debug_line    0x0000ab72      0xdc0 ./Drivers/STM32L4xx_HAL_Driver/Src/stm32l4xx_hal_cortex.o
 .debug_line    0x0000b932      0xc61 ./Drivers/STM32L4xx_HAL_Driver/Src/stm32l4xx_hal_gpio.o
 .debug_line    0x0000c593     0x3826 ./Drivers/STM32L4xx_HAL_Driver/Src/stm32l4xx_hal_i2c.o
 .debug_line    0x0000fdb9      0x985 ./Drivers/STM32L4xx_HAL_Driver/Src/stm32l4xx_hal_i2c_ex.o
 .debug_line    0x0001073e      0xde1 ./Drivers/STM32L4xx_HAL_Driver/Src/stm32l4xx_hal_pwr_ex.o
 .debug_line    0x0001151f     0x155a ./Drivers/STM32L4xx_HAL_Driver/Src/stm32l4xx_hal_qspi.o
 .debug_line    0x00012a79     0x11d2 ./Drivers/STM32L4xx_HAL_Driver/Src/stm32l4xx_hal_rcc.o
 .debug_line    0x00013c4b     0x18b6 ./Drivers/STM32L4xx_HAL_Driver/Src/stm32l4xx_hal_rcc_ex.o
 .debug_line    0x00015501     0x2105 ./Drivers/STM32L4xx_HAL_Driver/Src/stm32l4xx_hal_spi.o
 .debug_line    0x00017606     0x3f11 ./Drivers/STM32L4xx_HAL_Driver/Src/stm32l4xx_hal_tim.o
 .debug_line    0x0001b517     0x1c62 ./Drivers/STM32L4xx_HAL_Driver/Src/stm32l4xx_hal_tim_ex.o
 .debug_line    0x0001d179     0x2e48 ./Drivers/STM32L4xx_HAL_Driver/Src/stm32l4xx_hal_uart.o
 .debug_line    0x0001ffc1      0xcbc ./Drivers/STM32L4xx_HAL_Driver/Src/stm32l4xx_hal_uart_ex.o

.debug_str      0x00000000   0x11f5ca
 .debug_str     0x00000000   0x11f5ca ./Core/Src/bno055.o
                             0x116a70 (size before relaxing)
 .debug_str     0x0011f5ca   0x118aab ./Core/Src/main.o
 .debug_str     0x0011f5ca   0x11263f ./Core/Src/motordrivers.o
 .debug_str     0x0011f5ca   0x112581 ./Core/Src/motorencoder.o
 .debug_str     0x0011f5ca   0x114320 ./Core/Src/stm32l4xx_hal_msp.o
 .debug_str     0x0011f5ca   0x112b01 ./Core/Src/stm32l4xx_it.o
 .debug_str     0x0011f5ca   0x1121db ./Core/Src/system_stm32l4xx.o
 .debug_str     0x0011f5ca       0x7d ./Core/Startup/startup_stm32l496zgtx.o
 .debug_str     0x0011f5ca   0x112de3 ./Drivers/STM32L4xx_HAL_Driver/Src/stm32l4xx_hal.o
 .debug_str     0x0011f5ca   0x11305d ./Drivers/STM32L4xx_HAL_Driver/Src/stm32l4xx_hal_adc.o
 .debug_str     0x0011f5ca   0x113006 ./Drivers/STM32L4xx_HAL_Driver/Src/stm32l4xx_hal_adc_ex.o
 .debug_str     0x0011f5ca   0x112864 ./Drivers/STM32L4xx_HAL_Driver/Src/stm32l4xx_hal_can.o
 .debug_str     0x0011f5ca   0x112ab6 ./Drivers/STM32L4xx_HAL_Driver/Src/stm32l4xx_hal_cortex.o
 .debug_str     0x0011f5ca   0x112355 ./Drivers/STM32L4xx_HAL_Driver/Src/stm32l4xx_hal_gpio.o
 .debug_str     0x0011f5ca   0x1133cf ./Drivers/STM32L4xx_HAL_Driver/Src/stm32l4xx_hal_i2c.o
 .debug_str     0x0011f5ca   0x1126ee ./Drivers/STM32L4xx_HAL_Driver/Src/stm32l4xx_hal_i2c_ex.o
 .debug_str     0x0011f5ca   0x11272a ./Drivers/STM32L4xx_HAL_Driver/Src/stm32l4xx_hal_pwr_ex.o
 .debug_str     0x0011f5ca   0x112b2f ./Drivers/STM32L4xx_HAL_Driver/Src/stm32l4xx_hal_qspi.o
 .debug_str     0x0011f5ca   0x112828 ./Drivers/STM32L4xx_HAL_Driver/Src/stm32l4xx_hal_rcc.o
 .debug_str     0x0011f5ca   0x112bc3 ./Drivers/STM32L4xx_HAL_Driver/Src/stm32l4xx_hal_rcc_ex.o
 .debug_str     0x0011f5ca   0x1129e9 ./Drivers/STM32L4xx_HAL_Driver/Src/stm32l4xx_hal_spi.o
 .debug_str     0x0011f5ca   0x11350e ./Drivers/STM32L4xx_HAL_Driver/Src/stm32l4xx_hal_tim.o
 .debug_str     0x0011f5ca   0x112e22 ./Drivers/STM32L4xx_HAL_Driver/Src/stm32l4xx_hal_tim_ex.o
 .debug_str     0x0011f5ca   0x112f33 ./Drivers/STM32L4xx_HAL_Driver/Src/stm32l4xx_hal_uart.o
 .debug_str     0x0011f5ca   0x112752 ./Drivers/STM32L4xx_HAL_Driver/Src/stm32l4xx_hal_uart_ex.o

.comment        0x00000000       0x43
 .comment       0x00000000       0x43 ./Core/Src/bno055.o
                                 0x44 (size before relaxing)
 .comment       0x00000043       0x44 ./Core/Src/main.o
 .comment       0x00000043       0x44 ./Core/Src/motordrivers.o
 .comment       0x00000043       0x44 ./Core/Src/motorencoder.o
 .comment       0x00000043       0x44 ./Core/Src/stm32l4xx_hal_msp.o
 .comment       0x00000043       0x44 ./Core/Src/stm32l4xx_it.o
 .comment       0x00000043       0x44 ./Core/Src/system_stm32l4xx.o
 .comment       0x00000043       0x44 ./Drivers/STM32L4xx_HAL_Driver/Src/stm32l4xx_hal.o
 .comment       0x00000043       0x44 ./Drivers/STM32L4xx_HAL_Driver/Src/stm32l4xx_hal_adc.o
 .comment       0x00000043       0x44 ./Drivers/STM32L4xx_HAL_Driver/Src/stm32l4xx_hal_adc_ex.o
 .comment       0x00000043       0x44 ./Drivers/STM32L4xx_HAL_Driver/Src/stm32l4xx_hal_can.o
 .comment       0x00000043       0x44 ./Drivers/STM32L4xx_HAL_Driver/Src/stm32l4xx_hal_cortex.o
 .comment       0x00000043       0x44 ./Drivers/STM32L4xx_HAL_Driver/Src/stm32l4xx_hal_gpio.o
 .comment       0x00000043       0x44 ./Drivers/STM32L4xx_HAL_Driver/Src/stm32l4xx_hal_i2c.o
 .comment       0x00000043       0x44 ./Drivers/STM32L4xx_HAL_Driver/Src/stm32l4xx_hal_i2c_ex.o
 .comment       0x00000043       0x44 ./Drivers/STM32L4xx_HAL_Driver/Src/stm32l4xx_hal_pwr_ex.o
 .comment       0x00000043       0x44 ./Drivers/STM32L4xx_HAL_Driver/Src/stm32l4xx_hal_qspi.o
 .comment       0x00000043       0x44 ./Drivers/STM32L4xx_HAL_Driver/Src/stm32l4xx_hal_rcc.o
 .comment       0x00000043       0x44 ./Drivers/STM32L4xx_HAL_Driver/Src/stm32l4xx_hal_rcc_ex.o
 .comment       0x00000043       0x44 ./Drivers/STM32L4xx_HAL_Driver/Src/stm32l4xx_hal_spi.o
 .comment       0x00000043       0x44 ./Drivers/STM32L4xx_HAL_Driver/Src/stm32l4xx_hal_tim.o
 .comment       0x00000043       0x44 ./Drivers/STM32L4xx_HAL_Driver/Src/stm32l4xx_hal_tim_ex.o
 .comment       0x00000043       0x44 ./Drivers/STM32L4xx_HAL_Driver/Src/stm32l4xx_hal_uart.o
 .comment       0x00000043       0x44 ./Drivers/STM32L4xx_HAL_Driver/Src/stm32l4xx_hal_uart_ex.o

.debug_frame    0x00000000     0x7b14
 .debug_frame   0x00000000      0x2a0 ./Core/Src/bno055.o
 .debug_frame   0x000002a0      0x354 ./Core/Src/main.o
 .debug_frame   0x000005f4       0x5c ./Core/Src/motordrivers.o
 .debug_frame   0x00000650       0x84 ./Core/Src/motorencoder.o
 .debug_frame   0x000006d4      0x340 ./Core/Src/stm32l4xx_hal_msp.o
 .debug_frame   0x00000a14      0x120 ./Core/Src/stm32l4xx_it.o
 .debug_frame   0x00000b34       0x58 ./Core/Src/system_stm32l4xx.o
 .debug_frame   0x00000b8c      0x498 ./Drivers/STM32L4xx_HAL_Driver/Src/stm32l4xx_hal.o
 .debug_frame   0x00001024      0xa2c ./Drivers/STM32L4xx_HAL_Driver/Src/stm32l4xx_hal_adc.o
 .debug_frame   0x00001a50      0x7cc ./Drivers/STM32L4xx_HAL_Driver/Src/stm32l4xx_hal_adc_ex.o
 .debug_frame   0x0000221c      0x5a0 ./Drivers/STM32L4xx_HAL_Driver/Src/stm32l4xx_hal_can.o
 .debug_frame   0x000027bc      0x4e8 ./Drivers/STM32L4xx_HAL_Driver/Src/stm32l4xx_hal_cortex.o
 .debug_frame   0x00002ca4      0x14c ./Drivers/STM32L4xx_HAL_Driver/Src/stm32l4xx_hal_gpio.o
 .debug_frame   0x00002df0      0xc38 ./Drivers/STM32L4xx_HAL_Driver/Src/stm32l4xx_hal_i2c.o
 .debug_frame   0x00003a28      0x100 ./Drivers/STM32L4xx_HAL_Driver/Src/stm32l4xx_hal_i2c_ex.o
 .debug_frame   0x00003b28      0x544 ./Drivers/STM32L4xx_HAL_Driver/Src/stm32l4xx_hal_pwr_ex.o
 .debug_frame   0x0000406c      0x680 ./Drivers/STM32L4xx_HAL_Driver/Src/stm32l4xx_hal_qspi.o
 .debug_frame   0x000046ec      0x21c ./Drivers/STM32L4xx_HAL_Driver/Src/stm32l4xx_hal_rcc.o
 .debug_frame   0x00004908      0x43c ./Drivers/STM32L4xx_HAL_Driver/Src/stm32l4xx_hal_rcc_ex.o
 .debug_frame   0x00004d44      0x860 ./Drivers/STM32L4xx_HAL_Driver/Src/stm32l4xx_hal_spi.o
 .debug_frame   0x000055a4     0x121c ./Drivers/STM32L4xx_HAL_Driver/Src/stm32l4xx_hal_tim.o
 .debug_frame   0x000067c0      0x6b0 ./Drivers/STM32L4xx_HAL_Driver/Src/stm32l4xx_hal_tim_ex.o
 .debug_frame   0x00006e70      0x9f4 ./Drivers/STM32L4xx_HAL_Driver/Src/stm32l4xx_hal_uart.o
 .debug_frame   0x00007864      0x204 ./Drivers/STM32L4xx_HAL_Driver/Src/stm32l4xx_hal_uart_ex.o
 .debug_frame   0x00007a68       0x20 C:/ST/STM32CubeIDE_1.16.1/STM32CubeIDE/plugins/com.st.stm32cube.ide.mcu.externaltools.gnu-tools-for-stm32.13.3.rel1.win32_1.0.0.202411081344/tools/bin/../lib/gcc/arm-none-eabi/13.3.1/../../../../arm-none-eabi/lib/thumb/v7e-m+fp/hard\libc_nano.a(libc_a-memset.o)
 .debug_frame   0x00007a88       0x2c C:/ST/STM32CubeIDE_1.16.1/STM32CubeIDE/plugins/com.st.stm32cube.ide.mcu.externaltools.gnu-tools-for-stm32.13.3.rel1.win32_1.0.0.202411081344/tools/bin/../lib/gcc/arm-none-eabi/13.3.1/../../../../arm-none-eabi/lib/thumb/v7e-m+fp/hard\libc_nano.a(libc_a-init.o)
 .debug_frame   0x00007ab4       0x2c C:/ST/STM32CubeIDE_1.16.1/STM32CubeIDE/plugins/com.st.stm32cube.ide.mcu.externaltools.gnu-tools-for-stm32.13.3.rel1.win32_1.0.0.202411081344/tools/bin/../lib/gcc/arm-none-eabi/13.3.1/thumb/v7e-m+fp/hard\libgcc.a(_aeabi_uldivmod.o)
 .debug_frame   0x00007ae0       0x34 C:/ST/STM32CubeIDE_1.16.1/STM32CubeIDE/plugins/com.st.stm32cube.ide.mcu.externaltools.gnu-tools-for-stm32.13.3.rel1.win32_1.0.0.202411081344/tools/bin/../lib/gcc/arm-none-eabi/13.3.1/thumb/v7e-m+fp/hard\libgcc.a(_udivmoddi4.o)

.debug_line_str
                0x00000000       0x61
 .debug_line_str
                0x00000000       0x61 ./Core/Startup/startup_stm32l496zgtx.o
